<html>
<body>
<pre>
<h1>�Vision Build Log</h1>
<h2>Tool Versions:</h2>
IDE-Version: �Vision V5.13.0.0
Copyright (C) 2014 ARM Ltd and ARM Germany GmbH. All rights reserved.
License Information: Dmitry Shvedov, NASA, LIC=EXJEV-P0EXE-0NHAM-XUTC1-CCLLR-C8JXV
 
Tool Versions:
Toolchain:       MDK-ARM Standard  Version: 5.13.0.0
Toolchain Path:  C:\Keil_v5\ARM\ARMCC\Bin
C Compiler:      Armcc.exe V5.05 update 1 (build 106)
Assembler:       Armasm.exe V5.05 update 1 (build 106)
Linker/Locator:  ArmLink.exe V5.05 update 1 (build 106)
Library Manager: ArmAr.exe V5.05 update 1 (build 106)
Hex Converter:   FromElf.exe V5.05 update 1 (build 106)
CPU DLL:         SARMCM3.DLL V5.13.0.0
Dialog DLL:      DCM.DLL V1.13.1.0
Target DLL:      STLink\ST-LINKIII-KEIL_SWO.dll V2.0.14.0_KEIL
Dialog DLL:      TCM.DLL V1.14.4.0
 
<h2>Project:</h2>
C:\Work_murmansk\STM32_K330\330_plate_program\plata_330_pgrm\MDK-ARM\plata_330_pgrm.uvprojx
Project File Date:  08/06/2020

<h2>Output:</h2>
Build target 'plata_330_pgrm'
compiling adiv5_jtagdp.c...
..\Src\jtag\adiv5_jtagdp.c(193): warning:  #550-D: variable "ack" was set but never used
        uint8_t ack;
..\Src\jtag\adiv5_jtagdp.c(194): warning:  #177-D: variable "timeout" was declared but never referenced
        platform_timeout timeout;
..\Src\jtag\adiv5_jtagdp.c(234): warning:  #1-D: last line of file ends without a newline
  }
..\Src\jtag\adiv5_jtagdp.c(222): warning:  #177-D: variable "addr" was declared but never referenced
        uint16_t addr=0x8;// (страница 2-41 IHI0031C_debug_interface_as.pdf)
..\Src\jtag\adiv5_jtagdp.c(176): warning:  #177-D: function "adiv5_jtagdp_error" was declared but never referenced
  static uint32_t adiv5_jtagdp_error(jtag_dev_t *dp)
..\Src\jtag\adiv5_jtagdp.c(211): warning:  #177-D: function "adiv5_jtagdp_abort" was declared but never referenced
  static void adiv5_jtagdp_abort(jtag_dev_t *dp, uint32_t abort)
..\Src\jtag\adiv5_jtagdp.c: 6 warnings, 0 errors
linking...
Program Size: Code=23618 RO-data=1786 RW-data=168 ZI-data=12664  
FromELF: creating hex file...
"plata_330_pgrm\plata_330_pgrm.axf" - 0 Error(s), 6 Warning(s).

<h2>Software Packages used:</h2>

Package Vendor: ARM
                http://www.keil.com/pack/ARM.CMSIS.4.2.0.pack
                ARM::CMSIS:CORE:3.40.0
                CMSIS (Cortex Microcontroller Software Interface Standard)
   * Component: CORE Version: 3.40.0

<h2>Collection of Component include folders:</h2>
  C:\Work_murmansk\STM32_K330\330_plate_program\plata_330_pgrm\MDK-ARM\RTE
  C:\Keil_v5\ARM\PACK\ARM\CMSIS\4.2.0\CMSIS\Include
  C:\Keil_v5\ARM\PACK\Keil\STM32F4xx_DFP\2.11.0

<h2>Collection of Component Files used:</h2>

   * Component: ARM::CMSIS:CORE:3.40.0
      Source file:   CMSIS\UserCodeTemplates\ARM\ITM_Retarget.c
</pre>
</body>
</html>
