Component: ARM Compiler 5.05 update 1 (build 106) Tool: armlink [4d0efa]

==============================================================================

Section Cross References

    startup_stm32f411xe.o(STACK) refers (Special) to heapauxi.o(.text) for __use_two_region_memory
    startup_stm32f411xe.o(HEAP) refers (Special) to heapauxi.o(.text) for __use_two_region_memory
    startup_stm32f411xe.o(RESET) refers (Special) to heapauxi.o(.text) for __use_two_region_memory
    startup_stm32f411xe.o(RESET) refers to startup_stm32f411xe.o(STACK) for __initial_sp
    startup_stm32f411xe.o(RESET) refers to startup_stm32f411xe.o(.text) for Reset_Handler
    startup_stm32f411xe.o(RESET) refers to stm32f4xx_it.o(i.NMI_Handler) for NMI_Handler
    startup_stm32f411xe.o(RESET) refers to stm32f4xx_it.o(i.HardFault_Handler) for HardFault_Handler
    startup_stm32f411xe.o(RESET) refers to stm32f4xx_it.o(i.MemManage_Handler) for MemManage_Handler
    startup_stm32f411xe.o(RESET) refers to stm32f4xx_it.o(i.BusFault_Handler) for BusFault_Handler
    startup_stm32f411xe.o(RESET) refers to stm32f4xx_it.o(i.UsageFault_Handler) for UsageFault_Handler
    startup_stm32f411xe.o(RESET) refers to stm32f4xx_it.o(i.SVC_Handler) for SVC_Handler
    startup_stm32f411xe.o(RESET) refers to stm32f4xx_it.o(i.DebugMon_Handler) for DebugMon_Handler
    startup_stm32f411xe.o(RESET) refers to stm32f4xx_it.o(i.PendSV_Handler) for PendSV_Handler
    startup_stm32f411xe.o(RESET) refers to stm32f4xx_it.o(i.SysTick_Handler) for SysTick_Handler
    startup_stm32f411xe.o(RESET) refers to stm32f4xx_it.o(i.DMA1_Stream3_IRQHandler) for DMA1_Stream3_IRQHandler
    startup_stm32f411xe.o(RESET) refers to stm32f4xx_it.o(i.DMA1_Stream4_IRQHandler) for DMA1_Stream4_IRQHandler
    startup_stm32f411xe.o(RESET) refers to stm32f4xx_it.o(i.DMA1_Stream5_IRQHandler) for DMA1_Stream5_IRQHandler
    startup_stm32f411xe.o(RESET) refers to stm32f4xx_it.o(i.USART1_IRQHandler) for USART1_IRQHandler
    startup_stm32f411xe.o(RESET) refers to stm32f4xx_it.o(i.DMA2_Stream7_IRQHandler) for DMA2_Stream7_IRQHandler
    startup_stm32f411xe.o(.text) refers (Special) to heapauxi.o(.text) for __use_two_region_memory
    startup_stm32f411xe.o(.text) refers to system_stm32f4xx.o(i.SystemInit) for SystemInit
    startup_stm32f411xe.o(.text) refers to __main.o(!!!main) for __main
    startup_stm32f411xe.o(.text) refers to startup_stm32f411xe.o(HEAP) for Heap_Mem
    startup_stm32f411xe.o(.text) refers to startup_stm32f411xe.o(STACK) for Stack_Mem
    main.o(i.BTN1) refers to main.o(i.PIN_control_PD13) for PIN_control_PD13
    main.o(i.BTN1) refers to stm32f4xx_hal_gpio.o(i.HAL_GPIO_WritePin) for HAL_GPIO_WritePin
    main.o(i.BTN1) refers to main.o(i.Transf) for Transf
    main.o(i.BTN1) refers to main.o(.data) for TIMER1
    main.o(i.BTN2) refers to main.o(i.PIN_control_PD15) for PIN_control_PD15
    main.o(i.BTN2) refers to stm32f4xx_hal_gpio.o(i.HAL_GPIO_WritePin) for HAL_GPIO_WritePin
    main.o(i.BTN2) refers to main.o(i.Transf) for Transf
    main.o(i.BTN2) refers to main.o(.data) for TIMER2
    main.o(i.Delay) refers to main.o(.data) for SysTickDelay
    main.o(i.HAL_UART_RxCpltCallback) refers to stm32f4xx_hal_uart.o(i.HAL_UART_Receive_IT) for HAL_UART_Receive_IT
    main.o(i.HAL_UART_RxCpltCallback) refers to main.o(.data) for RX_uBUF
    main.o(i.HAL_UART_RxCpltCallback) refers to main.o(.bss) for rx_buffer1
    main.o(i.IO) refers to main.o(i.leng) for leng
    main.o(i.IO) refers to strcmpv7m.o(.text) for strcmp
    main.o(i.IO) refers to main.o(i.Transf) for Transf
    main.o(i.IO) refers to main.o(i.Menu1) for Menu1
    main.o(i.IO) refers to main.o(i.spi_EPCS_rd) for spi_EPCS_rd
    main.o(i.IO) refers to main.o(i.x_out) for x_out
    main.o(i.IO) refers to atoi.o(.text) for atoi
    main.o(i.IO) refers to main.o(.data) for lenght
    main.o(i.IO) refers to main.o(.bss) for DATA_Word
    main.o(i.IO) refers to main.o(i.spi_EPCS_read) for spi_EPCS_read
    main.o(i.IO) refers to main.o(i.hn_out) for hn_out
    main.o(i.IO) refers to main.o(i.spi_EPCS_wr_ENABLE) for spi_EPCS_wr_ENABLE
    main.o(i.IO) refers to main.o(i.spi_EPCS_write) for spi_EPCS_write
    main.o(i.LED) refers to stm32f4xx_hal_gpio.o(i.HAL_GPIO_WritePin) for HAL_GPIO_WritePin
    main.o(i.LED) refers to main.o(.data) for TIME_TEST
    main.o(i.LED_OFF) refers to stm32f4xx_hal_gpio.o(i.HAL_GPIO_WritePin) for HAL_GPIO_WritePin
    main.o(i.LED_OFF) refers to main.o(.data) for TIMER1
    main.o(i.MX_DMA_Init) refers to stm32f4xx_hal_cortex.o(i.HAL_NVIC_SetPriority) for HAL_NVIC_SetPriority
    main.o(i.MX_DMA_Init) refers to stm32f4xx_hal_cortex.o(i.HAL_NVIC_EnableIRQ) for HAL_NVIC_EnableIRQ
    main.o(i.MX_GPIO_Init) refers to rt_memclr_w.o(.text) for __aeabi_memclr4
    main.o(i.MX_GPIO_Init) refers to stm32f4xx_hal_gpio.o(i.HAL_GPIO_WritePin) for HAL_GPIO_WritePin
    main.o(i.MX_GPIO_Init) refers to stm32f4xx_hal_gpio.o(i.HAL_GPIO_Init) for HAL_GPIO_Init
[...]
    ..\Src\main.c                            0x00000000   Number         0  main.o ABSOLUTE
    ..\Src\stm32f4xx_hal_msp.c               0x00000000   Number         0  stm32f4xx_hal_msp.o ABSOLUTE
    ..\Src\stm32f4xx_it.c                    0x00000000   Number         0  stm32f4xx_it.o ABSOLUTE
    ..\Src\system_stm32f4xx.c                0x00000000   Number         0  system_stm32f4xx.o ABSOLUTE
    ..\\Drivers\\STM32F4xx_HAL_Driver\\Src\\stm32f4xx_hal_uart.c 0x00000000   Number         0  stm32f4xx_hal_uart.o ABSOLUTE
    dc.s                                     0x00000000   Number         0  dc.o ABSOLUTE
    startup_stm32f411xe.s                    0x00000000   Number         0  startup_stm32f411xe.o ABSOLUTE
    RESET                                    0x08000000   Section      408  startup_stm32f411xe.o(RESET)
    !!!main                                  0x08000198   Section        8  __main.o(!!!main)
    !!!scatter                               0x080001a0   Section       52  __scatter.o(!!!scatter)
    !!handler_copy                           0x080001d4   Section       26  __scatter_copy.o(!!handler_copy)
    !!handler_zi                             0x080001f0   Section       28  __scatter_zi.o(!!handler_zi)
    .ARM.Collect$$_printf_percent$$00000000  0x0800020c   Section        0  _printf_percent.o(.ARM.Collect$$_printf_percent$$00000000)
    .ARM.Collect$$_printf_percent$$0000000C  0x0800020c   Section        6  _printf_x.o(.ARM.Collect$$_printf_percent$$0000000C)
    .ARM.Collect$$_printf_percent$$00000017  0x08000212   Section        4  _printf_percent_end.o(.ARM.Collect$$_printf_percent$$00000017)
    .ARM.Collect$$libinit$$00000000          0x08000216   Section        2  libinit.o(.ARM.Collect$$libinit$$00000000)
    .ARM.Collect$$libinit$$00000001          0x08000218   Section        4  libinit2.o(.ARM.Collect$$libinit$$00000001)
    .ARM.Collect$$libinit$$00000004          0x0800021c   Section        0  libinit2.o(.ARM.Collect$$libinit$$00000004)
    .ARM.Collect$$libinit$$0000000A          0x0800021c   Section        0  libinit2.o(.ARM.Collect$$libinit$$0000000A)
    .ARM.Collect$$libinit$$0000000C          0x0800021c   Section        0  libinit2.o(.ARM.Collect$$libinit$$0000000C)
    .ARM.Collect$$libinit$$0000000E          0x0800021c   Section        0  libinit2.o(.ARM.Collect$$libinit$$0000000E)
    .ARM.Collect$$libinit$$0000000F          0x0800021c   Section        6  libinit2.o(.ARM.Collect$$libinit$$0000000F)
    .ARM.Collect$$libinit$$00000011          0x08000222   Section        0  libinit2.o(.ARM.Collect$$libinit$$00000011)
    .ARM.Collect$$libinit$$00000012          0x08000222   Section       12  libinit2.o(.ARM.Collect$$libinit$$00000012)
    .ARM.Collect$$libinit$$00000013          0x0800022e   Section        0  libinit2.o(.ARM.Collect$$libinit$$00000013)
    .ARM.Collect$$libinit$$00000015          0x0800022e   Section        0  libinit2.o(.ARM.Collect$$libinit$$00000015)
    .ARM.Collect$$libinit$$00000017          0x0800022e   Section        0  libinit2.o(.ARM.Collect$$libinit$$00000017)
    .ARM.Collect$$libinit$$00000019          0x0800022e   Section        0  libinit2.o(.ARM.Collect$$libinit$$00000019)
    .ARM.Collect$$libinit$$0000001B          0x0800022e   Section        0  libinit2.o(.ARM.Collect$$libinit$$0000001B)
    .ARM.Collect$$libinit$$0000001D          0x0800022e   Section        0  libinit2.o(.ARM.Collect$$libinit$$0000001D)
    .ARM.Collect$$libinit$$0000001F          0x0800022e   Section        0  libinit2.o(.ARM.Collect$$libinit$$0000001F)
    .ARM.Collect$$libinit$$00000021          0x0800022e   Section        0  libinit2.o(.ARM.Collect$$libinit$$00000021)
    .ARM.Collect$$libinit$$00000023          0x0800022e   Section        0  libinit2.o(.ARM.Collect$$libinit$$00000023)
    .ARM.Collect$$libinit$$00000025          0x0800022e   Section        0  libinit2.o(.ARM.Collect$$libinit$$00000025)
    .ARM.Collect$$libinit$$0000002C          0x0800022e   Section        0  libinit2.o(.ARM.Collect$$libinit$$0000002C)
    .ARM.Collect$$libinit$$0000002E          0x0800022e   Section        0  libinit2.o(.ARM.Collect$$libinit$$0000002E)
    .ARM.Collect$$libinit$$00000030          0x0800022e   Section        0  libinit2.o(.ARM.Collect$$libinit$$00000030)
    .ARM.Collect$$libinit$$00000032          0x0800022e   Section        0  libinit2.o(.ARM.Collect$$libinit$$00000032)
    .ARM.Collect$$libinit$$00000033          0x0800022e   Section        2  libinit2.o(.ARM.Collect$$libinit$$00000033)
    .ARM.Collect$$libshutdown$$00000000      0x08000230   Section        2  libshutdown.o(.ARM.Collect$$libshutdown$$00000000)
    .ARM.Collect$$libshutdown$$00000003      0x08000232   Section        0  libshutdown2.o(.ARM.Collect$$libshutdown$$00000003)
    .ARM.Collect$$libshutdown$$00000006      0x08000232   Section        0  libshutdown2.o(.ARM.Collect$$libshutdown$$00000006)
    .ARM.Collect$$libshutdown$$00000009      0x08000232   Section        0  libshutdown2.o(.ARM.Collect$$libshutdown$$00000009)
    .ARM.Collect$$libshutdown$$0000000B      0x08000232   Section        0  libshutdown2.o(.ARM.Collect$$libshutdown$$0000000B)
    .ARM.Collect$$libshutdown$$0000000E      0x08000232   Section        0  libshutdown2.o(.ARM.Collect$$libshutdown$$0000000E)
    .ARM.Collect$$libshutdown$$0000000F      0x08000232   Section        2  libshutdown2.o(.ARM.Collect$$libshutdown$$0000000F)
    .ARM.Collect$$rtentry$$00000000          0x08000234   Section        0  __rtentry.o(.ARM.Collect$$rtentry$$00000000)
    .ARM.Collect$$rtentry$$00000002          0x08000234   Section        0  __rtentry2.o(.ARM.Collect$$rtentry$$00000002)
    .ARM.Collect$$rtentry$$00000004          0x08000234   Section        6  __rtentry4.o(.ARM.Collect$$rtentry$$00000004)
    .ARM.Collect$$rtentry$$00000009          0x0800023a   Section        0  __rtentry2.o(.ARM.Collect$$rtentry$$00000009)
    .ARM.Collect$$rtentry$$0000000A          0x0800023a   Section        4  __rtentry2.o(.ARM.Collect$$rtentry$$0000000A)
    .ARM.Collect$$rtentry$$0000000C          0x0800023e   Section        0  __rtentry2.o(.ARM.Collect$$rtentry$$0000000C)
    .ARM.Collect$$rtentry$$0000000D          0x0800023e   Section        8  __rtentry2.o(.ARM.Collect$$rtentry$$0000000D)
    .ARM.Collect$$rtexit$$00000000           0x08000246   Section        2  rtexit.o(.ARM.Collect$$rtexit$$00000000)
    .ARM.Collect$$rtexit$$00000002           0x08000248   Section        0  rtexit2.o(.ARM.Collect$$rtexit$$00000002)
    .ARM.Collect$$rtexit$$00000003           0x08000248   Section        4  rtexit2.o(.ARM.Collect$$rtexit$$00000003)
    .ARM.Collect$$rtexit$$00000004           0x0800024c   Section        6  rtexit2.o(.ARM.Collect$$rtexit$$00000004)
    .text                                    0x08000254   Section       64  startup_stm32f411xe.o(.text)
    $v0                                      0x08000254   Number         0  startup_stm32f411xe.o(.text)
    .text                                    0x08000294   Section      238  lludivv7m.o(.text)
    .text                                    0x08000382   Section       38  llushr.o(.text)
    .text                                    0x080003a8   Section        0  noretval__2sprintf.o(.text)
    .text                                    0x080003d0   Section        0  _printf_hex_int.o(.text)
    .text                                    0x08000428   Section        0  __printf_wp.o(.text)
    .text                                    0x08000536   Section        0  atoi.o(.text)
    .text                                    0x08000550   Section        0  strlen.o(.text)
    .text                                    0x0800058e   Section       78  rt_memclr_w.o(.text)
    .text                                    0x080005dc   Section      128  strcmpv7m.o(.text)
    .text                                    0x0800065c   Section        0  heapauxi.o(.text)
    .text                                    0x08000664   Section        8  rt_errno_addr_intlibspace.o(.text)
    .text                                    0x0800066c   Section        0  _printf_intcommon.o(.text)
    .text                                    0x08000720   Section        0  _printf_char_common.o(.text)
    _printf_input_char                       0x08000721   Thumb Code    10  _printf_char_common.o(.text)
    .text                                    0x08000750   Section        0  _sputc.o(.text)
    .text                                    0x0800075a   Section        0  strtol.o(.text)
    .text                                    0x080007cc   Section        8  libspace.o(.text)
    .text                                    0x080007d4   Section       16  rt_ctype_table.o(.text)
    .text                                    0x080007e4   Section        8  rt_locale_intlibspace.o(.text)
    .text                                    0x080007ec   Section        0  _strtoul.o(.text)
    .text                                    0x0800088a   Section       74  sys_stackheap_outer.o(.text)
    .text                                    0x080008d4   Section        0  _chval.o(.text)
    .text                                    0x080008f0   Section        0  exit.o(.text)
    .text                                    0x080008fc   Section        0  sys_exit.o(.text)
    .text                                    0x08000908   Section        2  use_no_semi.o(.text)
    .text                                    0x0800090a   Section        0  indicate_semi.o(.text)
    i.BTN1                                   0x0800090c   Section        0  main.o(i.BTN1)
    i.BTN2                                   0x08000944   Section        0  main.o(i.BTN2)
    i.BusFault_Handler                       0x0800097c   Section        0  stm32f4xx_it.o(i.BusFault_Handler)
    i.DMA1_Stream3_IRQHandler                0x08000980   Section        0  stm32f4xx_it.o(i.DMA1_Stream3_IRQHandler)
    i.DMA1_Stream4_IRQHandler                0x08000990   Section        0  stm32f4xx_it.o(i.DMA1_Stream4_IRQHandler)
    i.DMA1_Stream5_IRQHandler                0x080009a0   Section        0  stm32f4xx_it.o(i.DMA1_Stream5_IRQHandler)
    i.DMA2_Stream7_IRQHandler                0x080009b0   Section        0  stm32f4xx_it.o(i.DMA2_Stream7_IRQHandler)
    i.DMA_CalcBaseAndBitshift                0x080009d0   Section        0  stm32f4xx_hal_dma.o(i.DMA_CalcBaseAndBitshift)
    DMA_CalcBaseAndBitshift                  0x080009d1   Thumb Code    46  stm32f4xx_hal_dma.o(i.DMA_CalcBaseAndBitshift)
    i.DMA_CheckFifoParam                     0x08000a04   Section        0  stm32f4xx_hal_dma.o(i.DMA_CheckFifoParam)
    DMA_CheckFifoParam                       0x08000a05   Thumb Code   170  stm32f4xx_hal_dma.o(i.DMA_CheckFifoParam)
    i.DMA_SetConfig                          0x08000aae   Section        0  stm32f4xx_hal_dma.o(i.DMA_SetConfig)
    DMA_SetConfig                            0x08000aaf   Thumb Code    44  stm32f4xx_hal_dma.o(i.DMA_SetConfig)
    i.DebugMon_Handler                       0x08000ada   Section        0  stm32f4xx_it.o(i.DebugMon_Handler)
    i.Error_Handler                          0x08000adc   Section        0  main.o(i.Error_Handler)
    i.HAL_DMA_Abort_IT                       0x08000ade   Section        0  stm32f4xx_hal_dma.o(i.HAL_DMA_Abort_IT)
    i.HAL_DMA_IRQHandler                     0x08000b08   Section        0  stm32f4xx_hal_dma.o(i.HAL_DMA_IRQHandler)
    i.HAL_DMA_Init                           0x08000d48   Section        0  stm32f4xx_hal_dma.o(i.HAL_DMA_Init)
    i.HAL_DMA_Start_IT                       0x08000e34   Section        0  stm32f4xx_hal_dma.o(i.HAL_DMA_Start_IT)
    i.HAL_GPIO_Init                          0x08000ec8   Section        0  stm32f4xx_hal_gpio.o(i.HAL_GPIO_Init)
    i.HAL_GPIO_ReadPin                       0x0800109c   Section        0  stm32f4xx_hal_gpio.o(i.HAL_GPIO_ReadPin)
    i.HAL_GPIO_WritePin                      0x080010ac   Section        0  stm32f4xx_hal_gpio.o(i.HAL_GPIO_WritePin)
    i.HAL_GetTick                            0x080010b8   Section        0  stm32f4xx_hal.o(i.HAL_GetTick)
    i.HAL_IncTick                            0x080010c4   Section        0  stm32f4xx_hal.o(i.HAL_IncTick)
    i.HAL_Init                               0x080010dc   Section        0  stm32f4xx_hal.o(i.HAL_Init)
    i.HAL_InitTick                           0x08001118   Section        0  stm32f4xx_hal.o(i.HAL_InitTick)
    i.HAL_MspInit                            0x08001164   Section        0  stm32f4xx_hal_msp.o(i.HAL_MspInit)
    i.HAL_NVIC_EnableIRQ                     0x080011ac   Section        0  stm32f4xx_hal_cortex.o(i.HAL_NVIC_EnableIRQ)
    i.HAL_NVIC_SetPriority                   0x080011cc   Section        0  stm32f4xx_hal_cortex.o(i.HAL_NVIC_SetPriority)
    i.HAL_NVIC_SetPriorityGrouping           0x08001248   Section        0  stm32f4xx_hal_cortex.o(i.HAL_NVIC_SetPriorityGrouping)
    i.HAL_RCC_ClockConfig                    0x08001270   Section        0  stm32f4xx_hal_rcc.o(i.HAL_RCC_ClockConfig)
    i.HAL_RCC_GetHCLKFreq                    0x080013f4   Section        0  stm32f4xx_hal_rcc.o(i.HAL_RCC_GetHCLKFreq)
    i.HAL_RCC_GetPCLK1Freq                   0x08001400   Section        0  stm32f4xx_hal_rcc.o(i.HAL_RCC_GetPCLK1Freq)
    i.HAL_RCC_GetPCLK2Freq                   0x08001420   Section        0  stm32f4xx_hal_rcc.o(i.HAL_RCC_GetPCLK2Freq)
    i.HAL_RCC_GetSysClockFreq                0x08001440   Section        0  stm32f4xx_hal_rcc.o(i.HAL_RCC_GetSysClockFreq)
    i.HAL_RCC_OscConfig                      0x080014f0   Section        0  stm32f4xx_hal_rcc.o(i.HAL_RCC_OscConfig)
    i.HAL_SPI_Init                           0x08001978   Section        0  stm32f4xx_hal_spi.o(i.HAL_SPI_Init)
    i.HAL_SPI_MspInit                        0x08001a04   Section        0  stm32f4xx_hal_msp.o(i.HAL_SPI_MspInit)
    i.HAL_SPI_TransmitReceive                0x08001bc0   Section        0  stm32f4xx_hal_spi.o(i.HAL_SPI_TransmitReceive)
    i.HAL_SYSTICK_Config                     0x08001dea   Section        0  stm32f4xx_hal_cortex.o(i.HAL_SYSTICK_Config)
    i.HAL_TIMEx_ConfigBreakDeadTime          0x08001e1e   Section        0  stm32f4xx_hal_tim_ex.o(i.HAL_TIMEx_ConfigBreakDeadTime)
    i.HAL_TIMEx_MasterConfigSynchronization  0x08001e94   Section        0  stm32f4xx_hal_tim_ex.o(i.HAL_TIMEx_MasterConfigSynchronization)
    i.HAL_TIM_Base_Init                      0x08001f30   Section        0  stm32f4xx_hal_tim.o(i.HAL_TIM_Base_Init)
    i.HAL_TIM_Base_MspInit                   0x08001f64   Section        0  stm32f4xx_hal_msp.o(i.HAL_TIM_Base_MspInit)
    i.HAL_TIM_ConfigClockSource              0x08001f98   Section        0  stm32f4xx_hal_tim.o(i.HAL_TIM_ConfigClockSource)
    i.HAL_TIM_MspPostInit                    0x080020a0   Section        0  stm32f4xx_hal_msp.o(i.HAL_TIM_MspPostInit)
    i.HAL_TIM_PWM_ConfigChannel              0x08002104   Section        0  stm32f4xx_hal_tim.o(i.HAL_TIM_PWM_ConfigChannel)
    i.HAL_TIM_PWM_Init                       0x0800220c   Section        0  stm32f4xx_hal_tim.o(i.HAL_TIM_PWM_Init)
    i.HAL_TIM_PWM_MspInit                    0x08002240   Section        0  stm32f4xx_hal_tim.o(i.HAL_TIM_PWM_MspInit)
    i.HAL_TIM_PWM_Start                      0x08002244   Section        0  stm32f4xx_hal_tim.o(i.HAL_TIM_PWM_Start)
    i.HAL_UART_ErrorCallback                 0x08002290   Section        0  stm32f4xx_hal_uart.o(i.HAL_UART_ErrorCallback)
    i.HAL_UART_GetState                      0x08002292   Section        0  stm32f4xx_hal_uart.o(i.HAL_UART_GetState)
    i.HAL_UART_IRQHandler                    0x080022a8   Section        0  stm32f4xx_hal_uart.o(i.HAL_UART_IRQHandler)
    i.HAL_UART_Init                          0x080023fc   Section        0  stm32f4xx_hal_uart.o(i.HAL_UART_Init)
    i.HAL_UART_MspInit                       0x08002470   Section        0  stm32f4xx_hal_msp.o(i.HAL_UART_MspInit)
    i.HAL_UART_Receive_IT                    0x0800254c   Section        0  stm32f4xx_hal_uart.o(i.HAL_UART_Receive_IT)
    i.HAL_UART_RxCpltCallback                0x080025bc   Section        0  main.o(i.HAL_UART_RxCpltCallback)
    i.HAL_UART_Transmit_DMA                  0x0800261c   Section        0  stm32f4xx_hal_uart.o(i.HAL_UART_Transmit_DMA)
    i.HAL_UART_TxCpltCallback                0x080026b8   Section        0  stm32f4xx_hal_uart.o(i.HAL_UART_TxCpltCallback)
    i.HAL_UART_TxHalfCpltCallback            0x080026ba   Section        0  stm32f4xx_hal_uart.o(i.HAL_UART_TxHalfCpltCallback)
    i.HardFault_Handler                      0x080026bc   Section        0  stm32f4xx_it.o(i.HardFault_Handler)
    i.IO                                     0x080026c0   Section        0  main.o(i.IO)
    i.LED                                    0x08002eb0   Section        0  main.o(i.LED)
    i.LED_OFF                                0x08002ef8   Section        0  main.o(i.LED_OFF)
    i.MX_DMA_Init                            0x08002f30   Section        0  main.o(i.MX_DMA_Init)
    MX_DMA_Init                              0x08002f31   Thumb Code   130  main.o(i.MX_DMA_Init)
    i.MX_GPIO_Init                           0x08002fb8   Section        0  main.o(i.MX_GPIO_Init)
    MX_GPIO_Init                             0x08002fb9   Thumb Code   316  main.o(i.MX_GPIO_Init)
    i.MX_SPI2_Init                           0x08003108   Section        0  main.o(i.MX_SPI2_Init)
    MX_SPI2_Init                             0x08003109   Thumb Code    60  main.o(i.MX_SPI2_Init)
    i.MX_SPI3_Init                           0x0800314c   Section        0  main.o(i.MX_SPI3_Init)
    MX_SPI3_Init                             0x0800314d   Thumb Code    60  main.o(i.MX_SPI3_Init)
    i.MX_TIM1_Init                           0x08003190   Section        0  main.o(i.MX_TIM1_Init)
    MX_TIM1_Init                             0x08003191   Thumb Code   228  main.o(i.MX_TIM1_Init)
    i.MX_USART1_UART_Init                    0x0800327c   Section        0  main.o(i.MX_USART1_UART_Init)
    MX_USART1_UART_Init                      0x0800327d   Thumb Code    46  main.o(i.MX_USART1_UART_Init)
    i.MemManage_Handler                      0x080032b4   Section        0  stm32f4xx_it.o(i.MemManage_Handler)
    i.Menu1                                  0x080032b8   Section        0  main.o(i.Menu1)
    i.NMI_Handler                            0x08003640   Section        0  stm32f4xx_it.o(i.NMI_Handler)
    i.PIN_control_PD13                       0x08003644   Section        0  main.o(i.PIN_control_PD13)
    i.PIN_control_PD15                       0x08003670   Section        0  main.o(i.PIN_control_PD15)
    i.PendSV_Handler                         0x0800369c   Section        0  stm32f4xx_it.o(i.PendSV_Handler)
    i.SPI_EndRxTxTransaction                 0x080036a0   Section        0  stm32f4xx_hal_spi.o(i.SPI_EndRxTxTransaction)
    SPI_EndRxTxTransaction                   0x080036a1   Thumb Code   100  stm32f4xx_hal_spi.o(i.SPI_EndRxTxTransaction)
    i.SPI_WaitFlagStateUntilTimeout          0x0800370c   Section        0  stm32f4xx_hal_spi.o(i.SPI_WaitFlagStateUntilTimeout)
    SPI_WaitFlagStateUntilTimeout            0x0800370d   Thumb Code   168  stm32f4xx_hal_spi.o(i.SPI_WaitFlagStateUntilTimeout)
    i.SVC_Handler                            0x080037b4   Section        0  stm32f4xx_it.o(i.SVC_Handler)
    i.SysTick_Handler                        0x080037b8   Section        0  stm32f4xx_it.o(i.SysTick_Handler)
    i.SystemClock_Config                     0x0800383c   Section        0  main.o(i.SystemClock_Config)
    i.SystemInit                             0x080038f0   Section        0  system_stm32f4xx.o(i.SystemInit)
    i.TIM_Base_SetConfig                     0x0800390c   Section        0  stm32f4xx_hal_tim.o(i.TIM_Base_SetConfig)
    i.TIM_CCxChannelCmd                      0x080039b0   Section        0  stm32f4xx_hal_tim.o(i.TIM_CCxChannelCmd)
    i.TIM_ETR_SetConfig                      0x080039d2   Section        0  stm32f4xx_hal_tim.o(i.TIM_ETR_SetConfig)
    i.TIM_ITRx_SetConfig                     0x080039e8   Section        0  stm32f4xx_hal_tim.o(i.TIM_ITRx_SetConfig)
    TIM_ITRx_SetConfig                       0x080039e9   Thumb Code    18  stm32f4xx_hal_tim.o(i.TIM_ITRx_SetConfig)
    i.TIM_OC1_SetConfig                      0x080039fc   Section        0  stm32f4xx_hal_tim.o(i.TIM_OC1_SetConfig)
    TIM_OC1_SetConfig                        0x080039fd   Thumb Code    90  stm32f4xx_hal_tim.o(i.TIM_OC1_SetConfig)
    i.TIM_OC2_SetConfig                      0x08003a5c   Section        0  stm32f4xx_hal_tim.o(i.TIM_OC2_SetConfig)
    i.TIM_OC3_SetConfig                      0x08003ac4   Section        0  stm32f4xx_hal_tim.o(i.TIM_OC3_SetConfig)
    TIM_OC3_SetConfig                        0x08003ac5   Thumb Code    98  stm32f4xx_hal_tim.o(i.TIM_OC3_SetConfig)
    i.TIM_OC4_SetConfig                      0x08003b2c   Section        0  stm32f4xx_hal_tim.o(i.TIM_OC4_SetConfig)
    TIM_OC4_SetConfig                        0x08003b2d   Thumb Code    68  stm32f4xx_hal_tim.o(i.TIM_OC4_SetConfig)
    i.TIM_TI1_ConfigInputStage               0x08003b74   Section        0  stm32f4xx_hal_tim.o(i.TIM_TI1_ConfigInputStage)
    TIM_TI1_ConfigInputStage                 0x08003b75   Thumb Code    38  stm32f4xx_hal_tim.o(i.TIM_TI1_ConfigInputStage)
    i.TIM_TI2_ConfigInputStage               0x08003b9a   Section        0  stm32f4xx_hal_tim.o(i.TIM_TI2_ConfigInputStage)
    TIM_TI2_ConfigInputStage                 0x08003b9b   Thumb Code    40  stm32f4xx_hal_tim.o(i.TIM_TI2_ConfigInputStage)
    i.Transf                                 0x08003bc4   Section        0  main.o(i.Transf)
    i.UART_DMAAbortOnError                   0x08003c28   Section        0  stm32f4xx_hal_uart.o(i.UART_DMAAbortOnError)
    UART_DMAAbortOnError                     0x08003c29   Thumb Code    20  stm32f4xx_hal_uart.o(i.UART_DMAAbortOnError)
    i.UART_DMAError                          0x08003c3c   Section        0  stm32f4xx_hal_uart.o(i.UART_DMAError)
    UART_DMAError                            0x08003c3d   Thumb Code    80  stm32f4xx_hal_uart.o(i.UART_DMAError)
    i.UART_DMATransmitCplt                   0x08003c8c   Section        0  stm32f4xx_hal_uart.o(i.UART_DMATransmitCplt)
    UART_DMATransmitCplt                     0x08003c8d   Thumb Code    54  stm32f4xx_hal_uart.o(i.UART_DMATransmitCplt)
    i.UART_DMATxHalfCplt                     0x08003cc2   Section        0  stm32f4xx_hal_uart.o(i.UART_DMATxHalfCplt)
    UART_DMATxHalfCplt                       0x08003cc3   Thumb Code    14  stm32f4xx_hal_uart.o(i.UART_DMATxHalfCplt)
    i.UART_DMA_TX                            0x08003cd0   Section        0  main.o(i.UART_DMA_TX)
    i.UART_EndRxTransfer                     0x08003d34   Section        0  stm32f4xx_hal_uart.o(i.UART_EndRxTransfer)
    UART_EndRxTransfer                       0x08003d35   Thumb Code    32  stm32f4xx_hal_uart.o(i.UART_EndRxTransfer)
    i.UART_EndTransmit_IT                    0x08003d54   Section        0  stm32f4xx_hal_uart.o(i.UART_EndTransmit_IT)
    UART_EndTransmit_IT                      0x08003d55   Thumb Code    32  stm32f4xx_hal_uart.o(i.UART_EndTransmit_IT)
    i.UART_EndTxTransfer                     0x08003d74   Section        0  stm32f4xx_hal_uart.o(i.UART_EndTxTransfer)
    UART_EndTxTransfer                       0x08003d75   Thumb Code    20  stm32f4xx_hal_uart.o(i.UART_EndTxTransfer)
    i.UART_Receive_IT                        0x08003d88   Section        0  stm32f4xx_hal_uart.o(i.UART_Receive_IT)
    UART_Receive_IT                          0x08003d89   Thumb Code   166  stm32f4xx_hal_uart.o(i.UART_Receive_IT)
    i.UART_SetConfig                         0x08003e30   Section        0  stm32f4xx_hal_uart.o(i.UART_SetConfig)
    UART_SetConfig                           0x08003e31   Thumb Code   992  stm32f4xx_hal_uart.o(i.UART_SetConfig)
    i.UART_Transmit_IT                       0x08004218   Section        0  stm32f4xx_hal_uart.o(i.UART_Transmit_IT)
    UART_Transmit_IT                         0x08004219   Thumb Code   104  stm32f4xx_hal_uart.o(i.UART_Transmit_IT)
    i.UART_conrol                            0x08004280   Section        0  main.o(i.UART_conrol)
    i.USART1_IRQHandler                      0x080042e4   Section        0  stm32f4xx_it.o(i.USART1_IRQHandler)
    i.UsageFault_Handler                     0x080042f4   Section        0  stm32f4xx_it.o(i.UsageFault_Handler)
    i.__NVIC_GetPriorityGrouping             0x080042f8   Section        0  stm32f4xx_hal_cortex.o(i.__NVIC_GetPriorityGrouping)
    __NVIC_GetPriorityGrouping               0x080042f9   Thumb Code    10  stm32f4xx_hal_cortex.o(i.__NVIC_GetPriorityGrouping)
    i.__NVIC_SetPriority                     0x08004308   Section        0  stm32f4xx_hal_cortex.o(i.__NVIC_SetPriority)
    __NVIC_SetPriority                       0x08004309   Thumb Code    32  stm32f4xx_hal_cortex.o(i.__NVIC_SetPriority)
    i._is_digit                              0x08004330   Section        0  __printf_wp.o(i._is_digit)
    i.getchar1                               0x08004340   Section        0  main.o(i.getchar1)
    i.hn_out                                 0x08004380   Section        0  main.o(i.hn_out)
    i.leng                                   0x080043d8   Section        0  main.o(i.leng)
    i.main                                   0x080043ec   Section        0  main.o(i.main)
    i.spi_EPCS_rd                            0x080044c0   Section        0  main.o(i.spi_EPCS_rd)
    i.spi_EPCS_read                          0x08004500   Section        0  main.o(i.spi_EPCS_read)
    i.spi_EPCS_wr_ENABLE                     0x08004564   Section        0  main.o(i.spi_EPCS_wr_ENABLE)
    i.spi_EPCS_write                         0x08004588   Section        0  main.o(i.spi_EPCS_write)
    i.spisend8                               0x080045e8   Section        0  main.o(i.spisend8)
    i.x_out                                  0x0800460c   Section        0  main.o(i.x_out)
    locale$$code                             0x0800463c   Section       44  lc_ctype_c.o(locale$$code)
    x$fpl$fpinit                             0x08004668   Section       10  fpinit.o(x$fpl$fpinit)
    $v0                                      0x08004668   Number         0  fpinit.o(x$fpl$fpinit)
    .constdata                               0x08004672   Section        8  stm32f4xx_hal_dma.o(.constdata)
    flagBitshiftOffset                       0x08004672   Data           8  stm32f4xx_hal_dma.o(.constdata)
    .constdata                               0x0800467a   Section       24  system_stm32f4xx.o(.constdata)
    .constdata                               0x08004692   Section       40  _printf_hex_int.o(.constdata)
    uc_hextab                                0x08004692   Data          20  _printf_hex_int.o(.constdata)
    lc_hextab                                0x080046a6   Data          20  _printf_hex_int.o(.constdata)
    .conststring                             0x080046bc   Section       69  main.o(.conststring)
    locale$$data                             0x08004724   Section      272  lc_ctype_c.o(locale$$data)
    __lcctype_c_name                         0x08004728   Data           2  lc_ctype_c.o(locale$$data)
    __lcctype_c_start                        0x08004730   Data           0  lc_ctype_c.o(locale$$data)
    __lcctype_c_end                          0x08004834   Data           0  lc_ctype_c.o(locale$$data)
    .data                                    0x20000000   Section      143  main.o(.data)
    z                                        0x2000008c   Data           1  main.o(.data)
    pn_old                                   0x2000008d   Data           1  main.o(.data)
    pn_old                                   0x2000008e   Data           1  main.o(.data)
    .data                                    0x20000090   Section        9  stm32f4xx_hal.o(.data)
    .data                                    0x2000009c   Section        4  system_stm32f4xx.o(.data)
    .bss                                     0x200000a0   Section    10174  main.o(.bss)
    .bss                                     0x20002860   Section       96  libspace.o(.bss)
    HEAP                                     0x200028c0   Section      512  startup_stm32f411xe.o(HEAP)
    Heap_Mem                                 0x200028c0   Data         512  startup_stm32f411xe.o(HEAP)
    STACK                                    0x20002ac0   Section     1024  startup_stm32f411xe.o(STACK)
    Stack_Mem                                0x20002ac0   Data        1024  startup_stm32f411xe.o(STACK)
    __initial_sp                             0x20002ec0   Data           0  startup_stm32f411xe.o(STACK)

    Global Symbols

    Symbol Name                              Value     Ov Type        Size  Object(Section)

    BuildAttributes$$THM_ISAv4$E$P$D$K$B$S$7EM$VFPi3$EXTD16$VFPS$VFMA$PE$A:L22UL41UL21$X:L11$S22US41US21$IEEE1$IW$USESV6$~STKCKD$USESV7$~SHL$OTIME$ROPI$IEEEJ$EBA8$UX$STANDARDLIB$REQ8$PRES8$EABIv2 0x00000000   Number         0  anon$$obj.o ABSOLUTE
    __ARM_use_no_argv                        0x00000000   Number         0  main.o ABSOLUTE
    _printf_flags                            0x00000000   Number         0  printf_stubs.o ABSOLUTE
    _printf_return_value                     0x00000000   Number         0  printf_stubs.o ABSOLUTE
    _printf_sizespec                         0x00000000   Number         0  printf_stubs.o ABSOLUTE
    _printf_widthprec                        0x00000000   Number         0  printf_stubs.o ABSOLUTE
    __ARM_exceptions_init                     - Undefined Weak Reference
    __alloca_initialize                       - Undefined Weak Reference
    __arm_preinit_                            - Undefined Weak Reference
    __cpp_initialize__aeabi_                  - Undefined Weak Reference
    __cxa_finalize                            - Undefined Weak Reference
    __sigvec_lookup                           - Undefined Weak Reference
    _atexit_init                              - Undefined Weak Reference
    _call_atexit_fns                          - Undefined Weak Reference
    _clock_init                               - Undefined Weak Reference
    _fp_trap_init                             - Undefined Weak Reference
    _fp_trap_shutdown                         - Undefined Weak Reference
    _get_lc_collate                           - Undefined Weak Reference
    _get_lc_monetary                          - Undefined Weak Reference
    _get_lc_time                              - Undefined Weak Reference
    _getenv_init                              - Undefined Weak Reference
    _handle_redirection                       - Undefined Weak Reference
    _init_alloc                               - Undefined Weak Reference
    _init_user_alloc                          - Undefined Weak Reference
    _initio                                   - Undefined Weak Reference
    _printf_post_padding                      - Undefined Weak Reference
    _printf_pre_padding                       - Undefined Weak Reference
    _printf_truncate_signed                   - Undefined Weak Reference
    _printf_truncate_unsigned                 - Undefined Weak Reference
    _rand_init                                - Undefined Weak Reference
    _signal_finish                            - Undefined Weak Reference
    _signal_init                              - Undefined Weak Reference
    _terminate_alloc                          - Undefined Weak Reference
    _terminate_user_alloc                     - Undefined Weak Reference
    _terminateio                              - Undefined Weak Reference
    __Vectors_Size                           0x00000198   Number         0  startup_stm32f411xe.o ABSOLUTE
    __Vectors                                0x08000000   Data           4  startup_stm32f411xe.o(RESET)
    __Vectors_End                            0x08000198   Data           0  startup_stm32f411xe.o(RESET)
    __main                                   0x08000199   Thumb Code     8  __main.o(!!!main)
    __scatterload                            0x080001a1   Thumb Code     0  __scatter.o(!!!scatter)
    __scatterload_rt2                        0x080001a1   Thumb Code    44  __scatter.o(!!!scatter)
    __scatterload_rt2_thumb_only             0x080001a1   Thumb Code     0  __scatter.o(!!!scatter)
    __scatterload_null                       0x080001af   Thumb Code     0  __scatter.o(!!!scatter)
    __scatterload_copy                       0x080001d5   Thumb Code    26  __scatter_copy.o(!!handler_copy)
    __scatterload_zeroinit                   0x080001f1   Thumb Code    28  __scatter_zi.o(!!handler_zi)
    _printf_percent                          0x0800020d   Thumb Code     0  _printf_percent.o(.ARM.Collect$$_printf_percent$$00000000)
    _printf_x                                0x0800020d   Thumb Code     0  _printf_x.o(.ARM.Collect$$_printf_percent$$0000000C)
    _printf_percent_end                      0x08000213   Thumb Code     0  _printf_percent_end.o(.ARM.Collect$$_printf_percent$$00000017)
    __rt_lib_init                            0x08000217   Thumb Code     0  libinit.o(.ARM.Collect$$libinit$$00000000)
    __rt_lib_init_fp_1                       0x08000219   Thumb Code     0  libinit2.o(.ARM.Collect$$libinit$$00000001)
    __rt_lib_init_heap_1                     0x0800021d   Thumb Code     0  libinit2.o(.ARM.Collect$$libinit$$0000000A)
    __rt_lib_init_lc_common                  0x0800021d   Thumb Code     0  libinit2.o(.ARM.Collect$$libinit$$0000000F)
    __rt_lib_init_preinit_1                  0x0800021d   Thumb Code     0  libinit2.o(.ARM.Collect$$libinit$$00000004)
    __rt_lib_init_rand_1                     0x0800021d   Thumb Code     0  libinit2.o(.ARM.Collect$$libinit$$0000000E)
    __rt_lib_init_user_alloc_1               0x0800021d   Thumb Code     0  libinit2.o(.ARM.Collect$$libinit$$0000000C)
    __rt_lib_init_lc_collate_1               0x08000223   Thumb Code     0  libinit2.o(.ARM.Collect$$libinit$$00000011)
    __rt_lib_init_lc_ctype_2                 0x08000223   Thumb Code     0  libinit2.o(.ARM.Collect$$libinit$$00000012)
    __rt_lib_init_alloca_1                   0x0800022f   Thumb Code     0  libinit2.o(.ARM.Collect$$libinit$$0000002E)
    __rt_lib_init_argv_1                     0x0800022f   Thumb Code     0  libinit2.o(.ARM.Collect$$libinit$$0000002C)
    __rt_lib_init_atexit_1                   0x0800022f   Thumb Code     0  libinit2.o(.ARM.Collect$$libinit$$0000001B)
    __rt_lib_init_clock_1                    0x0800022f   Thumb Code     0  libinit2.o(.ARM.Collect$$libinit$$00000021)
    __rt_lib_init_cpp_1                      0x0800022f   Thumb Code     0  libinit2.o(.ARM.Collect$$libinit$$00000032)
    __rt_lib_init_exceptions_1               0x0800022f   Thumb Code     0  libinit2.o(.ARM.Collect$$libinit$$00000030)
    __rt_lib_init_fp_trap_1                  0x0800022f   Thumb Code     0  libinit2.o(.ARM.Collect$$libinit$$0000001F)
    __rt_lib_init_getenv_1                   0x0800022f   Thumb Code     0  libinit2.o(.ARM.Collect$$libinit$$00000023)
    __rt_lib_init_lc_ctype_1                 0x0800022f   Thumb Code     0  libinit2.o(.ARM.Collect$$libinit$$00000013)
    __rt_lib_init_lc_monetary_1              0x0800022f   Thumb Code     0  libinit2.o(.ARM.Collect$$libinit$$00000015)
    __rt_lib_init_lc_numeric_1               0x0800022f   Thumb Code     0  libinit2.o(.ARM.Collect$$libinit$$00000017)
    __rt_lib_init_lc_time_1                  0x0800022f   Thumb Code     0  libinit2.o(.ARM.Collect$$libinit$$00000019)
    __rt_lib_init_return                     0x0800022f   Thumb Code     0  libinit2.o(.ARM.Collect$$libinit$$00000033)
    __rt_lib_init_signal_1                   0x0800022f   Thumb Code     0  libinit2.o(.ARM.Collect$$libinit$$0000001D)
    __rt_lib_init_stdio_1                    0x0800022f   Thumb Code     0  libinit2.o(.ARM.Collect$$libinit$$00000025)
    __rt_lib_shutdown                        0x08000231   Thumb Code     0  libshutdown.o(.ARM.Collect$$libshutdown$$00000000)
    __rt_lib_shutdown_fp_trap_1              0x08000233   Thumb Code     0  libshutdown2.o(.ARM.Collect$$libshutdown$$00000006)
    __rt_lib_shutdown_heap_1                 0x08000233   Thumb Code     0  libshutdown2.o(.ARM.Collect$$libshutdown$$0000000E)
    __rt_lib_shutdown_return                 0x08000233   Thumb Code     0  libshutdown2.o(.ARM.Collect$$libshutdown$$0000000F)
    __rt_lib_shutdown_signal_1               0x08000233   Thumb Code     0  libshutdown2.o(.ARM.Collect$$libshutdown$$00000009)
    __rt_lib_shutdown_stdio_1                0x08000233   Thumb Code     0  libshutdown2.o(.ARM.Collect$$libshutdown$$00000003)
    __rt_lib_shutdown_user_alloc_1           0x08000233   Thumb Code     0  libshutdown2.o(.ARM.Collect$$libshutdown$$0000000B)
    __rt_entry                               0x08000235   Thumb Code     0  __rtentry.o(.ARM.Collect$$rtentry$$00000000)
    __rt_entry_presh_1                       0x08000235   Thumb Code     0  __rtentry2.o(.ARM.Collect$$rtentry$$00000002)
    __rt_entry_sh                            0x08000235   Thumb Code     0  __rtentry4.o(.ARM.Collect$$rtentry$$00000004)
    __rt_entry_li                            0x0800023b   Thumb Code     0  __rtentry2.o(.ARM.Collect$$rtentry$$0000000A)
    __rt_entry_postsh_1                      0x0800023b   Thumb Code     0  __rtentry2.o(.ARM.Collect$$rtentry$$00000009)
    __rt_entry_main                          0x0800023f   Thumb Code     0  __rtentry2.o(.ARM.Collect$$rtentry$$0000000D)
    __rt_entry_postli_1                      0x0800023f   Thumb Code     0  __rtentry2.o(.ARM.Collect$$rtentry$$0000000C)
    __rt_exit                                0x08000247   Thumb Code     0  rtexit.o(.ARM.Collect$$rtexit$$00000000)
    __rt_exit_ls                             0x08000249   Thumb Code     0  rtexit2.o(.ARM.Collect$$rtexit$$00000003)
    __rt_exit_prels_1                        0x08000249   Thumb Code     0  rtexit2.o(.ARM.Collect$$rtexit$$00000002)
    __rt_exit_exit                           0x0800024d   Thumb Code     0  rtexit2.o(.ARM.Collect$$rtexit$$00000004)
    Reset_Handler                            0x08000255   Thumb Code     8  startup_stm32f411xe.o(.text)
    ADC_IRQHandler                           0x0800026f   Thumb Code     0  startup_stm32f411xe.o(.text)
    DMA1_Stream0_IRQHandler                  0x0800026f   Thumb Code     0  startup_stm32f411xe.o(.text)
    DMA1_Stream1_IRQHandler                  0x0800026f   Thumb Code     0  startup_stm32f411xe.o(.text)
    DMA1_Stream2_IRQHandler                  0x0800026f   Thumb Code     0  startup_stm32f411xe.o(.text)
    DMA1_Stream6_IRQHandler                  0x0800026f   Thumb Code     0  startup_stm32f411xe.o(.text)
    DMA1_Stream7_IRQHandler                  0x0800026f   Thumb Code     0  startup_stm32f411xe.o(.text)
    DMA2_Stream0_IRQHandler                  0x0800026f   Thumb Code     0  startup_stm32f411xe.o(.text)
    DMA2_Stream1_IRQHandler                  0x0800026f   Thumb Code     0  startup_stm32f411xe.o(.text)
    DMA2_Stream2_IRQHandler                  0x0800026f   Thumb Code     0  startup_stm32f411xe.o(.text)
    DMA2_Stream3_IRQHandler                  0x0800026f   Thumb Code     0  startup_stm32f411xe.o(.text)
    DMA2_Stream4_IRQHandler                  0x0800026f   Thumb Code     0  startup_stm32f411xe.o(.text)
    DMA2_Stream5_IRQHandler                  0x0800026f   Thumb Code     0  startup_stm32f411xe.o(.text)
    DMA2_Stream6_IRQHandler                  0x0800026f   Thumb Code     0  startup_stm32f411xe.o(.text)
    EXTI0_IRQHandler                         0x0800026f   Thumb Code     0  startup_stm32f411xe.o(.text)
    EXTI15_10_IRQHandler                     0x0800026f   Thumb Code     0  startup_stm32f411xe.o(.text)
    EXTI1_IRQHandler                         0x0800026f   Thumb Code     0  startup_stm32f411xe.o(.text)
    EXTI2_IRQHandler                         0x0800026f   Thumb Code     0  startup_stm32f411xe.o(.text)
    EXTI3_IRQHandler                         0x0800026f   Thumb Code     0  startup_stm32f411xe.o(.text)
    EXTI4_IRQHandler                         0x0800026f   Thumb Code     0  startup_stm32f411xe.o(.text)
    EXTI9_5_IRQHandler                       0x0800026f   Thumb Code     0  startup_stm32f411xe.o(.text)
    FLASH_IRQHandler                         0x0800026f   Thumb Code     0  startup_stm32f411xe.o(.text)
    FPU_IRQHandler                           0x0800026f   Thumb Code     0  startup_stm32f411xe.o(.text)
    I2C1_ER_IRQHandler                       0x0800026f   Thumb Code     0  startup_stm32f411xe.o(.text)
    I2C1_EV_IRQHandler                       0x0800026f   Thumb Code     0  startup_stm32f411xe.o(.text)
    I2C2_ER_IRQHandler                       0x0800026f   Thumb Code     0  startup_stm32f411xe.o(.text)
    I2C2_EV_IRQHandler                       0x0800026f   Thumb Code     0  startup_stm32f411xe.o(.text)
    I2C3_ER_IRQHandler                       0x0800026f   Thumb Code     0  startup_stm32f411xe.o(.text)
    I2C3_EV_IRQHandler                       0x0800026f   Thumb Code     0  startup_stm32f411xe.o(.text)
    OTG_FS_IRQHandler                        0x0800026f   Thumb Code     0  startup_stm32f411xe.o(.text)
    OTG_FS_WKUP_IRQHandler                   0x0800026f   Thumb Code     0  startup_stm32f411xe.o(.text)
    PVD_IRQHandler                           0x0800026f   Thumb Code     0  startup_stm32f411xe.o(.text)
    RCC_IRQHandler                           0x0800026f   Thumb Code     0  startup_stm32f411xe.o(.text)
    RTC_Alarm_IRQHandler                     0x0800026f   Thumb Code     0  startup_stm32f411xe.o(.text)
    RTC_WKUP_IRQHandler                      0x0800026f   Thumb Code     0  startup_stm32f411xe.o(.text)
    SDIO_IRQHandler                          0x0800026f   Thumb Code     0  startup_stm32f411xe.o(.text)
    SPI1_IRQHandler                          0x0800026f   Thumb Code     0  startup_stm32f411xe.o(.text)
    SPI2_IRQHandler                          0x0800026f   Thumb Code     0  startup_stm32f411xe.o(.text)
    SPI3_IRQHandler                          0x0800026f   Thumb Code     0  startup_stm32f411xe.o(.text)
    SPI4_IRQHandler                          0x0800026f   Thumb Code     0  startup_stm32f411xe.o(.text)
    SPI5_IRQHandler                          0x0800026f   Thumb Code     0  startup_stm32f411xe.o(.text)
    TAMP_STAMP_IRQHandler                    0x0800026f   Thumb Code     0  startup_stm32f411xe.o(.text)
    TIM1_BRK_TIM9_IRQHandler                 0x0800026f   Thumb Code     0  startup_stm32f411xe.o(.text)
    TIM1_CC_IRQHandler                       0x0800026f   Thumb Code     0  startup_stm32f411xe.o(.text)
    TIM1_TRG_COM_TIM11_IRQHandler            0x0800026f   Thumb Code     0  startup_stm32f411xe.o(.text)
    TIM1_UP_TIM10_IRQHandler                 0x0800026f   Thumb Code     0  startup_stm32f411xe.o(.text)
    TIM2_IRQHandler                          0x0800026f   Thumb Code     0  startup_stm32f411xe.o(.text)
    TIM3_IRQHandler                          0x0800026f   Thumb Code     0  startup_stm32f411xe.o(.text)
    TIM4_IRQHandler                          0x0800026f   Thumb Code     0  startup_stm32f411xe.o(.text)
    TIM5_IRQHandler                          0x0800026f   Thumb Code     0  startup_stm32f411xe.o(.text)
    USART2_IRQHandler                        0x0800026f   Thumb Code     0  startup_stm32f411xe.o(.text)
    USART6_IRQHandler                        0x0800026f   Thumb Code     0  startup_stm32f411xe.o(.text)
    WWDG_IRQHandler                          0x0800026f   Thumb Code     0  startup_stm32f411xe.o(.text)
    __user_initial_stackheap                 0x08000271   Thumb Code     0  startup_stm32f411xe.o(.text)
    __aeabi_uldivmod                         0x08000295   Thumb Code     0  lludivv7m.o(.text)
    _ll_udiv                                 0x08000295   Thumb Code   238  lludivv7m.o(.text)
    __aeabi_llsr                             0x08000383   Thumb Code     0  llushr.o(.text)
    _ll_ushift_r                             0x08000383   Thumb Code    38  llushr.o(.text)
    __2sprintf                               0x080003a9   Thumb Code    34  noretval__2sprintf.o(.text)
    _printf_int_hex                          0x080003d1   Thumb Code    84  _printf_hex_int.o(.text)
    _printf_longlong_hex                     0x080003d1   Thumb Code     0  _printf_hex_int.o(.text)
    __printf                                 0x08000429   Thumb Code   270  __printf_wp.o(.text)
    atoi                                     0x08000537   Thumb Code    26  atoi.o(.text)
    strlen                                   0x08000551   Thumb Code    62  strlen.o(.text)
    __aeabi_memclr4                          0x0800058f   Thumb Code     0  rt_memclr_w.o(.text)
    __aeabi_memclr8                          0x0800058f   Thumb Code     0  rt_memclr_w.o(.text)
    __rt_memclr_w                            0x0800058f   Thumb Code    78  rt_memclr_w.o(.text)
    _memset_w                                0x08000593   Thumb Code     0  rt_memclr_w.o(.text)
    strcmp                                   0x080005dd   Thumb Code   128  strcmpv7m.o(.text)
    __use_two_region_memory                  0x0800065d   Thumb Code     2  heapauxi.o(.text)
    __rt_heap_escrow$2region                 0x0800065f   Thumb Code     2  heapauxi.o(.text)
    __rt_heap_expand$2region                 0x08000661   Thumb Code     2  heapauxi.o(.text)
    __aeabi_errno_addr                       0x08000665   Thumb Code     8  rt_errno_addr_intlibspace.o(.text)
    __errno$intlibspace                      0x08000665   Thumb Code     0  rt_errno_addr_intlibspace.o(.text)
    __rt_errno_addr$intlibspace              0x08000665   Thumb Code     0  rt_errno_addr_intlibspace.o(.text)
    _printf_int_common                       0x0800066d   Thumb Code   178  _printf_intcommon.o(.text)
    _printf_char_common                      0x0800072b   Thumb Code    32  _printf_char_common.o(.text)
    _sputc                                   0x08000751   Thumb Code    10  _sputc.o(.text)
    strtol                                   0x0800075b   Thumb Code   112  strtol.o(.text)
    __user_libspace                          0x080007cd   Thumb Code     8  libspace.o(.text)
    __user_perproc_libspace                  0x080007cd   Thumb Code     0  libspace.o(.text)
    __user_perthread_libspace                0x080007cd   Thumb Code     0  libspace.o(.text)
    __rt_ctype_table                         0x080007d5   Thumb Code    16  rt_ctype_table.o(.text)
    __rt_locale                              0x080007e5   Thumb Code     8  rt_locale_intlibspace.o(.text)
    _strtoul                                 0x080007ed   Thumb Code   158  _strtoul.o(.text)
    __user_setup_stackheap                   0x0800088b   Thumb Code    74  sys_stackheap_outer.o(.text)
    _chval                                   0x080008d5   Thumb Code    28  _chval.o(.text)
    exit                                     0x080008f1   Thumb Code    12  exit.o(.text)
    _sys_exit                                0x080008fd   Thumb Code     8  sys_exit.o(.text)
    __I$use$semihosting                      0x08000909   Thumb Code     0  use_no_semi.o(.text)
    __use_no_semihosting_swi                 0x08000909   Thumb Code     2  use_no_semi.o(.text)
    __semihosting_library_function           0x0800090b   Thumb Code     0  indicate_semi.o(.text)
    BTN1                                     0x0800090d   Thumb Code    34  main.o(i.BTN1)
    BTN2                                     0x08000945   Thumb Code    34  main.o(i.BTN2)
    BusFault_Handler                         0x0800097d   Thumb Code     4  stm32f4xx_it.o(i.BusFault_Handler)
    DMA1_Stream3_IRQHandler                  0x08000981   Thumb Code    10  stm32f4xx_it.o(i.DMA1_Stream3_IRQHandler)
    DMA1_Stream4_IRQHandler                  0x08000991   Thumb Code    10  stm32f4xx_it.o(i.DMA1_Stream4_IRQHandler)
    DMA1_Stream5_IRQHandler                  0x080009a1   Thumb Code    10  stm32f4xx_it.o(i.DMA1_Stream5_IRQHandler)
    DMA2_Stream7_IRQHandler                  0x080009b1   Thumb Code    20  stm32f4xx_it.o(i.DMA2_Stream7_IRQHandler)
    DebugMon_Handler                         0x08000adb   Thumb Code     2  stm32f4xx_it.o(i.DebugMon_Handler)
    Error_Handler                            0x08000add   Thumb Code     2  main.o(i.Error_Handler)
    HAL_DMA_Abort_IT                         0x08000adf   Thumb Code    40  stm32f4xx_hal_dma.o(i.HAL_DMA_Abort_IT)
    HAL_DMA_IRQHandler                       0x08000b09   Thumb Code   570  stm32f4xx_hal_dma.o(i.HAL_DMA_IRQHandler)
    HAL_DMA_Init                             0x08000d49   Thumb Code   232  stm32f4xx_hal_dma.o(i.HAL_DMA_Init)
    HAL_DMA_Start_IT                         0x08000e35   Thumb Code   146  stm32f4xx_hal_dma.o(i.HAL_DMA_Start_IT)
    HAL_GPIO_Init                            0x08000ec9   Thumb Code   436  stm32f4xx_hal_gpio.o(i.HAL_GPIO_Init)
    HAL_GPIO_ReadPin                         0x0800109d   Thumb Code    16  stm32f4xx_hal_gpio.o(i.HAL_GPIO_ReadPin)
    HAL_GPIO_WritePin                        0x080010ad   Thumb Code    12  stm32f4xx_hal_gpio.o(i.HAL_GPIO_WritePin)
    HAL_GetTick                              0x080010b9   Thumb Code     6  stm32f4xx_hal.o(i.HAL_GetTick)
    HAL_IncTick                              0x080010c5   Thumb Code    16  stm32f4xx_hal.o(i.HAL_IncTick)
    HAL_Init                                 0x080010dd   Thumb Code    54  stm32f4xx_hal.o(i.HAL_Init)
    HAL_InitTick                             0x08001119   Thumb Code    64  stm32f4xx_hal.o(i.HAL_InitTick)
    HAL_MspInit                              0x08001165   Thumb Code    68  stm32f4xx_hal_msp.o(i.HAL_MspInit)
    HAL_NVIC_EnableIRQ                       0x080011ad   Thumb Code    32  stm32f4xx_hal_cortex.o(i.HAL_NVIC_EnableIRQ)
    HAL_NVIC_SetPriority                     0x080011cd   Thumb Code   124  stm32f4xx_hal_cortex.o(i.HAL_NVIC_SetPriority)
    HAL_NVIC_SetPriorityGrouping             0x08001249   Thumb Code    32  stm32f4xx_hal_cortex.o(i.HAL_NVIC_SetPriorityGrouping)
    HAL_RCC_ClockConfig                      0x08001271   Thumb Code   368  stm32f4xx_hal_rcc.o(i.HAL_RCC_ClockConfig)
    HAL_RCC_GetHCLKFreq                      0x080013f5   Thumb Code     6  stm32f4xx_hal_rcc.o(i.HAL_RCC_GetHCLKFreq)
    HAL_RCC_GetPCLK1Freq                     0x08001401   Thumb Code    22  stm32f4xx_hal_rcc.o(i.HAL_RCC_GetPCLK1Freq)
    HAL_RCC_GetPCLK2Freq                     0x08001421   Thumb Code    22  stm32f4xx_hal_rcc.o(i.HAL_RCC_GetPCLK2Freq)
    HAL_RCC_GetSysClockFreq                  0x08001441   Thumb Code   162  stm32f4xx_hal_rcc.o(i.HAL_RCC_GetSysClockFreq)
    HAL_RCC_OscConfig                        0x080014f1   Thumb Code  1152  stm32f4xx_hal_rcc.o(i.HAL_RCC_OscConfig)
    HAL_SPI_Init                             0x08001979   Thumb Code   140  stm32f4xx_hal_spi.o(i.HAL_SPI_Init)
    HAL_SPI_MspInit                          0x08001a05   Thumb Code   406  stm32f4xx_hal_msp.o(i.HAL_SPI_MspInit)
    HAL_SPI_TransmitReceive                  0x08001bc1   Thumb Code   554  stm32f4xx_hal_spi.o(i.HAL_SPI_TransmitReceive)
    HAL_SYSTICK_Config                       0x08001deb   Thumb Code    52  stm32f4xx_hal_cortex.o(i.HAL_SYSTICK_Config)
    HAL_TIMEx_ConfigBreakDeadTime            0x08001e1f   Thumb Code   116  stm32f4xx_hal_tim_ex.o(i.HAL_TIMEx_ConfigBreakDeadTime)
    HAL_TIMEx_MasterConfigSynchronization    0x08001e95   Thumb Code   134  stm32f4xx_hal_tim_ex.o(i.HAL_TIMEx_MasterConfigSynchronization)
    HAL_TIM_Base_Init                        0x08001f31   Thumb Code    52  stm32f4xx_hal_tim.o(i.HAL_TIM_Base_Init)
    HAL_TIM_Base_MspInit                     0x08001f65   Thumb Code    44  stm32f4xx_hal_msp.o(i.HAL_TIM_Base_MspInit)
    HAL_TIM_ConfigClockSource                0x08001f99   Thumb Code   264  stm32f4xx_hal_tim.o(i.HAL_TIM_ConfigClockSource)
    HAL_TIM_MspPostInit                      0x080020a1   Thumb Code    86  stm32f4xx_hal_msp.o(i.HAL_TIM_MspPostInit)
    HAL_TIM_PWM_ConfigChannel                0x08002105   Thumb Code   264  stm32f4xx_hal_tim.o(i.HAL_TIM_PWM_ConfigChannel)
    HAL_TIM_PWM_Init                         0x0800220d   Thumb Code    52  stm32f4xx_hal_tim.o(i.HAL_TIM_PWM_Init)
    HAL_TIM_PWM_MspInit                      0x08002241   Thumb Code     2  stm32f4xx_hal_tim.o(i.HAL_TIM_PWM_MspInit)
    HAL_TIM_PWM_Start                        0x08002245   Thumb Code    72  stm32f4xx_hal_tim.o(i.HAL_TIM_PWM_Start)
    HAL_UART_ErrorCallback                   0x08002291   Thumb Code     2  stm32f4xx_hal_uart.o(i.HAL_UART_ErrorCallback)
    HAL_UART_GetState                        0x08002293   Thumb Code    20  stm32f4xx_hal_uart.o(i.HAL_UART_GetState)
    HAL_UART_IRQHandler                      0x080022a9   Thumb Code   336  stm32f4xx_hal_uart.o(i.HAL_UART_IRQHandler)
    HAL_UART_Init                            0x080023fd   Thumb Code   114  stm32f4xx_hal_uart.o(i.HAL_UART_Init)
    HAL_UART_MspInit                         0x08002471   Thumb Code   200  stm32f4xx_hal_msp.o(i.HAL_UART_MspInit)
    HAL_UART_Receive_IT                      0x0800254d   Thumb Code   112  stm32f4xx_hal_uart.o(i.HAL_UART_Receive_IT)
    HAL_UART_RxCpltCallback                  0x080025bd   Thumb Code    72  main.o(i.HAL_UART_RxCpltCallback)
    HAL_UART_Transmit_DMA                    0x0800261d   Thumb Code   142  stm32f4xx_hal_uart.o(i.HAL_UART_Transmit_DMA)
    HAL_UART_TxCpltCallback                  0x080026b9   Thumb Code     2  stm32f4xx_hal_uart.o(i.HAL_UART_TxCpltCallback)
    HAL_UART_TxHalfCpltCallback              0x080026bb   Thumb Code     2  stm32f4xx_hal_uart.o(i.HAL_UART_TxHalfCpltCallback)
    HardFault_Handler                        0x080026bd   Thumb Code     4  stm32f4xx_it.o(i.HardFault_Handler)
    IO                                       0x080026c1   Thumb Code  1778  main.o(i.IO)
    LED                                      0x08002eb1   Thumb Code    60  main.o(i.LED)
    LED_OFF                                  0x08002ef9   Thumb Code    44  main.o(i.LED_OFF)
    MemManage_Handler                        0x080032b5   Thumb Code     4  stm32f4xx_it.o(i.MemManage_Handler)
    Menu1                                    0x080032b9   Thumb Code   230  main.o(i.Menu1)
    NMI_Handler                              0x08003641   Thumb Code     2  stm32f4xx_it.o(i.NMI_Handler)
    PIN_control_PD13                         0x08003645   Thumb Code    36  main.o(i.PIN_control_PD13)
    PIN_control_PD15                         0x08003671   Thumb Code    36  main.o(i.PIN_control_PD15)
    PendSV_Handler                           0x0800369d   Thumb Code     2  stm32f4xx_it.o(i.PendSV_Handler)
    SVC_Handler                              0x080037b5   Thumb Code     2  stm32f4xx_it.o(i.SVC_Handler)
    SysTick_Handler                          0x080037b9   Thumb Code   104  stm32f4xx_it.o(i.SysTick_Handler)
    SystemClock_Config                       0x0800383d   Thumb Code   172  main.o(i.SystemClock_Config)
    SystemInit                               0x080038f1   Thumb Code    24  system_stm32f4xx.o(i.SystemInit)
    TIM_Base_SetConfig                       0x0800390d   Thumb Code   134  stm32f4xx_hal_tim.o(i.TIM_Base_SetConfig)
    TIM_CCxChannelCmd                        0x080039b1   Thumb Code    34  stm32f4xx_hal_tim.o(i.TIM_CCxChannelCmd)
    TIM_ETR_SetConfig                        0x080039d3   Thumb Code    22  stm32f4xx_hal_tim.o(i.TIM_ETR_SetConfig)
    TIM_OC2_SetConfig                        0x08003a5d   Thumb Code   100  stm32f4xx_hal_tim.o(i.TIM_OC2_SetConfig)
    Transf                                   0x08003bc5   Thumb Code    86  main.o(i.Transf)
    UART_DMA_TX                              0x08003cd1   Thumb Code    78  main.o(i.UART_DMA_TX)
    UART_conrol                              0x08004281   Thumb Code    86  main.o(i.UART_conrol)
    USART1_IRQHandler                        0x080042e5   Thumb Code    10  stm32f4xx_it.o(i.USART1_IRQHandler)
    UsageFault_Handler                       0x080042f5   Thumb Code     4  stm32f4xx_it.o(i.UsageFault_Handler)
    _is_digit                                0x08004331   Thumb Code    14  __printf_wp.o(i._is_digit)
    getchar1                                 0x08004341   Thumb Code    50  main.o(i.getchar1)
    hn_out                                   0x08004381   Thumb Code    70  main.o(i.hn_out)
    leng                                     0x080043d9   Thumb Code    20  main.o(i.leng)
    main                                     0x080043ed   Thumb Code   156  main.o(i.main)
    spi_EPCS_rd                              0x080044c1   Thumb Code    60  main.o(i.spi_EPCS_rd)
    spi_EPCS_read                            0x08004501   Thumb Code    90  main.o(i.spi_EPCS_read)
    spi_EPCS_wr_ENABLE                       0x08004565   Thumb Code    32  main.o(i.spi_EPCS_wr_ENABLE)
    spi_EPCS_write                           0x08004589   Thumb Code    88  main.o(i.spi_EPCS_write)
    spisend8                                 0x080045e9   Thumb Code    32  main.o(i.spisend8)
    x_out                                    0x0800460d   Thumb Code    36  main.o(i.x_out)
    _get_lc_ctype                            0x0800463d   Thumb Code    44  lc_ctype_c.o(locale$$code)
    _fp_init                                 0x08004669   Thumb Code    10  fpinit.o(x$fpl$fpinit)
    __fplib_config_fpu_vfp                   0x08004671   Thumb Code     0  fpinit.o(x$fpl$fpinit)
    __fplib_config_pureend_doubles           0x08004671   Thumb Code     0  fpinit.o(x$fpl$fpinit)
    AHBPrescTable                            0x0800467a   Data          16  system_stm32f4xx.o(.constdata)
    APBPrescTable                            0x0800468a   Data           8  system_stm32f4xx.o(.constdata)
    Region$$Table$$Base                      0x08004704   Number         0  anon$$obj.o(Region$$Table)
    Region$$Table$$Limit                     0x08004724   Number         0  anon$$obj.o(Region$$Table)
    __ctype                                  0x08004731   Data           0  lc_ctype_c.o(locale$$data)
    TIME_SYS                                 0x20000000   Data           4  main.o(.data)
    TIME_TEST                                0x20000004   Data           4  main.o(.data)
    FLAG_T1                                  0x20000008   Data           4  main.o(.data)
    FLAG_T2                                  0x2000000c   Data           4  main.o(.data)
    TIMER1                                   0x20000010   Data           4  main.o(.data)
    TIMER2                                   0x20000014   Data           4  main.o(.data)
    SysTickDelay                             0x20000018   Data           4  main.o(.data)
    RX_uBUF                                  0x2000001c   Data           1  main.o(.data)
    timer_DMA2                               0x20000020   Data           4  main.o(.data)
    flag_pachka_TXT                          0x20000024   Data           1  main.o(.data)
    text_lengh                               0x20000026   Data           2  main.o(.data)
    rx_wr_index1                             0x20000028   Data           4  main.o(.data)
    rx_rd_index1                             0x2000002c   Data           4  main.o(.data)
    rx_counter1                              0x20000030   Data           4  main.o(.data)
    rx_buffer_overflow1                      0x20000034   Data           1  main.o(.data)
    lsr                                      0x20000035   Data           1  main.o(.data)
    lk                                       0x20000036   Data           1  main.o(.data)
    led_tick                                 0x20000038   Data           4  main.o(.data)
    Master_flag                              0x2000003c   Data           1  main.o(.data)
    lsym                                     0x2000003d   Data           1  main.o(.data)
    sym                                      0x2000003e   Data           1  main.o(.data)
    flag                                     0x2000003f   Data           1  main.o(.data)
    NB                                       0x20000040   Data           1  main.o(.data)
    Adress                                   0x20000041   Data           1  main.o(.data)
    packet_sum                               0x20000042   Data           1  main.o(.data)
    crc                                      0x20000043   Data           1  main.o(.data)
    comanda                                  0x20000044   Data           1  main.o(.data)
    ink1                                     0x20000045   Data           1  main.o(.data)
    data_in                                  0x20000046   Data           1  main.o(.data)
    lenght                                   0x20000048   Data           2  main.o(.data)
    SCH_LENGHT_PACKET                        0x2000004a   Data           2  main.o(.data)
    index1                                   0x2000004c   Data           4  main.o(.data)
    crc_ok                                   0x20000050   Data           1  main.o(.data)
    packet_ok                                0x20000051   Data           1  main.o(.data)
    packet_flag                              0x20000052   Data           1  main.o(.data)
    indexZ                                   0x20000054   Data           4  main.o(.data)
    index_word                               0x20000058   Data           4  main.o(.data)
    index_data_word                          0x2000005c   Data           4  main.o(.data)
    index_data_word2                         0x20000060   Data           4  main.o(.data)
    lenght_data                              0x20000064   Data           4  main.o(.data)
    data_flag                                0x20000068   Data           1  main.o(.data)
    data_flag2                               0x20000069   Data           1  main.o(.data)
    FLAG_lenght                              0x2000006a   Data           1  main.o(.data)
    sch_lenght_data                          0x2000006c   Data           4  main.o(.data)
    FLAG_DATA                                0x20000070   Data           1  main.o(.data)
    FLAG_CW                                  0x20000071   Data           1  main.o(.data)
    time_uart                                0x20000072   Data           2  main.o(.data)
    flag_pcf                                 0x20000074   Data           1  main.o(.data)
    lsym1                                    0x20000075   Data           1  main.o(.data)
    pack_ok1                                 0x20000076   Data           1  main.o(.data)
    pack_sum1                                0x20000077   Data           1  main.o(.data)
    sym1                                     0x20000078   Data           1  main.o(.data)
    EVENT_INT0                               0x20000079   Data           1  main.o(.data)
    EVENT_INT1                               0x2000007a   Data           1  main.o(.data)
    EVENT_INT2                               0x2000007b   Data           1  main.o(.data)
    EVENT_INT3                               0x2000007c   Data           1  main.o(.data)
    EVENT_INT4                               0x2000007d   Data           1  main.o(.data)
    EVENT_INT5                               0x2000007e   Data           1  main.o(.data)
    EVENT_INT6                               0x2000007f   Data           1  main.o(.data)
    EVENT_INT7                               0x20000080   Data           1  main.o(.data)
    EVENT_INT8                               0x20000081   Data           1  main.o(.data)
    crc_input                                0x20000084   Data           4  main.o(.data)
    crc_comp                                 0x20000088   Data           4  main.o(.data)
    uwTick                                   0x20000090   Data           4  stm32f4xx_hal.o(.data)
    uwTickPrio                               0x20000094   Data           4  stm32f4xx_hal.o(.data)
    uwTickFreq                               0x20000098   Data           1  stm32f4xx_hal.o(.data)
    SystemCoreClock                          0x2000009c   Data           4  system_stm32f4xx.o(.data)
    hspi2                                    0x200000a0   Data          88  main.o(.bss)
    hspi3                                    0x200000f8   Data          88  main.o(.bss)
    hdma_spi2_tx                             0x20000150   Data          96  main.o(.bss)
    hdma_spi2_rx                             0x200001b0   Data          96  main.o(.bss)
    hdma_spi3_tx                             0x20000210   Data          96  main.o(.bss)
    huart1                                   0x20000270   Data          64  main.o(.bss)
    hdma_usart1_tx                           0x200002b0   Data          96  main.o(.bss)
    htim1                                    0x20000310   Data          64  main.o(.bss)
    text_buffer                              0x20000350   Data        8192  main.o(.bss)
    rx_buffer1                               0x20002350   Data          64  main.o(.bss)
    sr                                       0x20002390   Data         201  main.o(.bss)
    strng                                    0x20002459   Data          32  main.o(.bss)
    InOut                                    0x20002479   Data         201  main.o(.bss)
    Word                                     0x20002542   Data          32  main.o(.bss)
    DATA_Word                                0x20002562   Data         200  main.o(.bss)
    DATA_Word2                               0x2000262a   Data         200  main.o(.bss)
    In_data                                  0x200026f2   Data          64  main.o(.bss)
    mas                                      0x20002732   Data         300  main.o(.bss)
    __libspace_start                         0x20002860   Data          96  libspace.o(.bss)
    __temporary_stack_top$libspace           0x200028c0   Data           0  libspace.o(.bss)



==============================================================================

Memory Map of the image

  Image Entry point : 0x08000199

  Load Region LR_IROM1 (Base: 0x08000000, Size: 0x000048d4, Max: 0x00080000, ABSOLUTE)

    Execution Region ER_IROM1 (Base: 0x08000000, Size: 0x00004834, Max: 0x00080000, ABSOLUTE)

    Base Addr    Size         Type   Attr      Idx    E Section Name        Object

    0x08000000   0x00000198   Data   RO            3    RESET               startup_stm32f411xe.o
    0x08000198   0x00000008   Code   RO         3527  * !!!main             c_w.l(__main.o)
    0x080001a0   0x00000034   Code   RO         3764    !!!scatter          c_w.l(__scatter.o)
    0x080001d4   0x0000001a   Code   RO         3766    !!handler_copy      c_w.l(__scatter_copy.o)
    0x080001ee   0x00000002   PAD
    0x080001f0   0x0000001c   Code   RO         3768    !!handler_zi        c_w.l(__scatter_zi.o)
    0x0800020c   0x00000000   Code   RO         3516    .ARM.Collect$$_printf_percent$$00000000  c_w.l(_printf_percent.o)
    0x0800020c   0x00000006   Code   RO         3512    .ARM.Collect$$_printf_percent$$0000000C  c_w.l(_printf_x.o)
    0x08000212   0x00000004   Code   RO         3549    .ARM.Collect$$_printf_percent$$00000017  c_w.l(_printf_percent_end.o)
    0x08000216   0x00000002   Code   RO         3638    .ARM.Collect$$libinit$$00000000  c_w.l(libinit.o)
    0x08000218   0x00000004   Code   RO         3639    .ARM.Collect$$libinit$$00000001  c_w.l(libinit2.o)
    0x0800021c   0x00000000   Code   RO         3642    .ARM.Collect$$libinit$$00000004  c_w.l(libinit2.o)
    0x0800021c   0x00000000   Code   RO         3645    .ARM.Collect$$libinit$$0000000A  c_w.l(libinit2.o)
    0x0800021c   0x00000000   Code   RO         3647    .ARM.Collect$$libinit$$0000000C  c_w.l(libinit2.o)
    0x0800021c   0x00000000   Code   RO         3649    .ARM.Collect$$libinit$$0000000E  c_w.l(libinit2.o)
    0x0800021c   0x00000006   Code   RO         3650    .ARM.Collect$$libinit$$0000000F  c_w.l(libinit2.o)
    0x08000222   0x00000000   Code   RO         3652    .ARM.Collect$$libinit$$00000011  c_w.l(libinit2.o)
    0x08000222   0x0000000c   Code   RO         3653    .ARM.Collect$$libinit$$00000012  c_w.l(libinit2.o)
    0x0800022e   0x00000000   Code   RO         3654    .ARM.Collect$$libinit$$00000013  c_w.l(libinit2.o)
    0x0800022e   0x00000000   Code   RO         3656    .ARM.Collect$$libinit$$00000015  c_w.l(libinit2.o)
    0x0800022e   0x00000000   Code   RO         3658    .ARM.Collect$$libinit$$00000017  c_w.l(libinit2.o)
    0x0800022e   0x00000000   Code   RO         3660    .ARM.Collect$$libinit$$00000019  c_w.l(libinit2.o)
    0x0800022e   0x00000000   Code   RO         3662    .ARM.Collect$$libinit$$0000001B  c_w.l(libinit2.o)
    0x0800022e   0x00000000   Code   RO         3664    .ARM.Collect$$libinit$$0000001D  c_w.l(libinit2.o)
    0x0800022e   0x00000000   Code   RO         3666    .ARM.Collect$$libinit$$0000001F  c_w.l(libinit2.o)
    0x0800022e   0x00000000   Code   RO         3668    .ARM.Collect$$libinit$$00000021  c_w.l(libinit2.o)
    0x0800022e   0x00000000   Code   RO         3670    .ARM.Collect$$libinit$$00000023  c_w.l(libinit2.o)
    0x0800022e   0x00000000   Code   RO         3672    .ARM.Collect$$libinit$$00000025  c_w.l(libinit2.o)
    0x0800022e   0x00000000   Code   RO         3676    .ARM.Collect$$libinit$$0000002C  c_w.l(libinit2.o)
    0x0800022e   0x00000000   Code   RO         3678    .ARM.Collect$$libinit$$0000002E  c_w.l(libinit2.o)
    0x0800022e   0x00000000   Code   RO         3680    .ARM.Collect$$libinit$$00000030  c_w.l(libinit2.o)
    0x0800022e   0x00000000   Code   RO         3682    .ARM.Collect$$libinit$$00000032  c_w.l(libinit2.o)
    0x0800022e   0x00000002   Code   RO         3683    .ARM.Collect$$libinit$$00000033  c_w.l(libinit2.o)
    0x08000230   0x00000002   Code   RO         3730    .ARM.Collect$$libshutdown$$00000000  c_w.l(libshutdown.o)
    0x08000232   0x00000000   Code   RO         3749    .ARM.Collect$$libshutdown$$00000003  c_w.l(libshutdown2.o)
    0x08000232   0x00000000   Code   RO         3752    .ARM.Collect$$libshutdown$$00000006  c_w.l(libshutdown2.o)
    0x08000232   0x00000000   Code   RO         3755    .ARM.Collect$$libshutdown$$00000009  c_w.l(libshutdown2.o)
    0x08000232   0x00000000   Code   RO         3757    .ARM.Collect$$libshutdown$$0000000B  c_w.l(libshutdown2.o)
    0x08000232   0x00000000   Code   RO         3760    .ARM.Collect$$libshutdown$$0000000E  c_w.l(libshutdown2.o)
    0x08000232   0x00000002   Code   RO         3761    .ARM.Collect$$libshutdown$$0000000F  c_w.l(libshutdown2.o)
    0x08000234   0x00000000   Code   RO         3531    .ARM.Collect$$rtentry$$00000000  c_w.l(__rtentry.o)
    0x08000234   0x00000000   Code   RO         3556    .ARM.Collect$$rtentry$$00000002  c_w.l(__rtentry2.o)
    0x08000234   0x00000006   Code   RO         3568    .ARM.Collect$$rtentry$$00000004  c_w.l(__rtentry4.o)
    0x0800023a   0x00000000   Code   RO         3558    .ARM.Collect$$rtentry$$00000009  c_w.l(__rtentry2.o)
    0x0800023a   0x00000004   Code   RO         3559    .ARM.Collect$$rtentry$$0000000A  c_w.l(__rtentry2.o)
    0x0800023e   0x00000000   Code   RO         3561    .ARM.Collect$$rtentry$$0000000C  c_w.l(__rtentry2.o)
    0x0800023e   0x00000008   Code   RO         3562    .ARM.Collect$$rtentry$$0000000D  c_w.l(__rtentry2.o)
    0x08000246   0x00000002   Code   RO         3684    .ARM.Collect$$rtexit$$00000000  c_w.l(rtexit.o)
    0x08000248   0x00000000   Code   RO         3699    .ARM.Collect$$rtexit$$00000002  c_w.l(rtexit2.o)
    0x08000248   0x00000004   Code   RO         3700    .ARM.Collect$$rtexit$$00000003  c_w.l(rtexit2.o)
    0x0800024c   0x00000006   Code   RO         3701    .ARM.Collect$$rtexit$$00000004  c_w.l(rtexit2.o)
    0x08000252   0x00000002   PAD
    0x08000254   0x00000040   Code   RO            4    .text               startup_stm32f411xe.o
    0x08000294   0x000000ee   Code   RO         3459    .text               c_w.l(lludivv7m.o)
    0x08000382   0x00000026   Code   RO         3461    .text               c_w.l(llushr.o)
    0x080003a8   0x00000028   Code   RO         3465    .text               c_w.l(noretval__2sprintf.o)
    0x080003d0   0x00000058   Code   RO         3474    .text               c_w.l(_printf_hex_int.o)
    0x08000428   0x0000010e   Code   RO         3500    .text               c_w.l(__printf_wp.o)
    0x08000536   0x0000001a   Code   RO         3517    .text               c_w.l(atoi.o)
    0x08000550   0x0000003e   Code   RO         3519    .text               c_w.l(strlen.o)
    0x0800058e   0x0000004e   Code   RO         3521    .text               c_w.l(rt_memclr_w.o)
    0x080005dc   0x00000080   Code   RO         3523    .text               c_w.l(strcmpv7m.o)
    0x0800065c   0x00000006   Code   RO         3525    .text               c_w.l(heapauxi.o)
    0x08000662   0x00000002   PAD
    0x08000664   0x00000008   Code   RO         3539    .text               c_w.l(rt_errno_addr_intlibspace.o)
    0x0800066c   0x000000b2   Code   RO         3541    .text               c_w.l(_printf_intcommon.o)
    0x0800071e   0x00000002   PAD
    0x08000720   0x00000030   Code   RO         3545    .text               c_w.l(_printf_char_common.o)
    0x08000750   0x0000000a   Code   RO         3547    .text               c_w.l(_sputc.o)
    0x0800075a   0x00000070   Code   RO         3550    .text               c_w.l(strtol.o)
    0x080007ca   0x00000002   PAD
    0x080007cc   0x00000008   Code   RO         3552    .text               c_w.l(libspace.o)
    0x080007d4   0x00000010   Code   RO         3570    .text               c_w.l(rt_ctype_table.o)
    0x080007e4   0x00000008   Code   RO         3577    .text               c_w.l(rt_locale_intlibspace.o)
    0x080007ec   0x0000009e   Code   RO         3585    .text               c_w.l(_strtoul.o)
    0x0800088a   0x0000004a   Code   RO         3620    .text               c_w.l(sys_stackheap_outer.o)
    0x080008d4   0x0000001c   Code   RO         3622    .text               c_w.l(_chval.o)
    0x080008f0   0x0000000c   Code   RO         3627    .text               c_w.l(exit.o)
    0x080008fc   0x0000000c   Code   RO         3696    .text               c_w.l(sys_exit.o)
    0x08000908   0x00000002   Code   RO         3717    .text               c_w.l(use_no_semi.o)
    0x0800090a   0x00000000   Code   RO         3719    .text               c_w.l(indicate_semi.o)
    0x0800090a   0x00000002   PAD
    0x0800090c   0x00000038   Code   RO           13    i.BTN1              main.o
    0x08000944   0x00000038   Code   RO           14    i.BTN2              main.o
    0x0800097c   0x00000004   Code   RO          388    i.BusFault_Handler  stm32f4xx_it.o
    0x08000980   0x00000010   Code   RO          389    i.DMA1_Stream3_IRQHandler  stm32f4xx_it.o
    0x08000990   0x00000010   Code   RO          390    i.DMA1_Stream4_IRQHandler  stm32f4xx_it.o
    0x080009a0   0x00000010   Code   RO          391    i.DMA1_Stream5_IRQHandler  stm32f4xx_it.o
    0x080009b0   0x00000020   Code   RO          392    i.DMA2_Stream7_IRQHandler  stm32f4xx_it.o
    0x080009d0   0x00000034   Code   RO         2390    i.DMA_CalcBaseAndBitshift  stm32f4xx_hal_dma.o
    0x08000a04   0x000000aa   Code   RO         2391    i.DMA_CheckFifoParam  stm32f4xx_hal_dma.o
    0x08000aae   0x0000002c   Code   RO         2392    i.DMA_SetConfig     stm32f4xx_hal_dma.o
    0x08000ada   0x00000002   Code   RO          393    i.DebugMon_Handler  stm32f4xx_it.o
    0x08000adc   0x00000002   Code   RO           16    i.Error_Handler     main.o
    0x08000ade   0x00000028   Code   RO         2394    i.HAL_DMA_Abort_IT  stm32f4xx_hal_dma.o
    0x08000b06   0x00000002   PAD
    0x08000b08   0x00000240   Code   RO         2398    i.HAL_DMA_IRQHandler  stm32f4xx_hal_dma.o
    0x08000d48   0x000000ec   Code   RO         2399    i.HAL_DMA_Init      stm32f4xx_hal_dma.o
    0x08000e34   0x00000092   Code   RO         2403    i.HAL_DMA_Start_IT  stm32f4xx_hal_dma.o
    0x08000ec6   0x00000002   PAD
    0x08000ec8   0x000001d4   Code   RO         2286    i.HAL_GPIO_Init     stm32f4xx_hal_gpio.o
    0x0800109c   0x00000010   Code   RO         2288    i.HAL_GPIO_ReadPin  stm32f4xx_hal_gpio.o
    0x080010ac   0x0000000c   Code   RO         2290    i.HAL_GPIO_WritePin  stm32f4xx_hal_gpio.o
    0x080010b8   0x0000000c   Code   RO         2847    i.HAL_GetTick       stm32f4xx_hal.o
    0x080010c4   0x00000018   Code   RO         2853    i.HAL_IncTick       stm32f4xx_hal.o
    0x080010dc   0x0000003c   Code   RO         2854    i.HAL_Init          stm32f4xx_hal.o
    0x08001118   0x0000004c   Code   RO         2855    i.HAL_InitTick      stm32f4xx_hal.o
    0x08001164   0x00000048   Code   RO          494    i.HAL_MspInit       stm32f4xx_hal_msp.o
    0x080011ac   0x00000020   Code   RO         2699    i.HAL_NVIC_EnableIRQ  stm32f4xx_hal_cortex.o
    0x080011cc   0x0000007c   Code   RO         2705    i.HAL_NVIC_SetPriority  stm32f4xx_hal_cortex.o
    0x08001248   0x00000028   Code   RO         2706    i.HAL_NVIC_SetPriorityGrouping  stm32f4xx_hal_cortex.o
    0x08001270   0x00000184   Code   RO         1823    i.HAL_RCC_ClockConfig  stm32f4xx_hal_rcc.o
    0x080013f4   0x0000000c   Code   RO         1828    i.HAL_RCC_GetHCLKFreq  stm32f4xx_hal_rcc.o
    0x08001400   0x00000020   Code   RO         1830    i.HAL_RCC_GetPCLK1Freq  stm32f4xx_hal_rcc.o
    0x08001420   0x00000020   Code   RO         1831    i.HAL_RCC_GetPCLK2Freq  stm32f4xx_hal_rcc.o
    0x08001440   0x000000b0   Code   RO         1832    i.HAL_RCC_GetSysClockFreq  stm32f4xx_hal_rcc.o
    0x080014f0   0x00000488   Code   RO         1835    i.HAL_RCC_OscConfig  stm32f4xx_hal_rcc.o
    0x08001978   0x0000008c   Code   RO          572    i.HAL_SPI_Init      stm32f4xx_hal_spi.o
    0x08001a04   0x000001bc   Code   RO          496    i.HAL_SPI_MspInit   stm32f4xx_hal_msp.o
    0x08001bc0   0x0000022a   Code   RO          581    i.HAL_SPI_TransmitReceive  stm32f4xx_hal_spi.o
    0x08001dea   0x00000034   Code   RO         2710    i.HAL_SYSTICK_Config  stm32f4xx_hal_cortex.o
    0x08001e1e   0x00000074   Code   RO         1574    i.HAL_TIMEx_ConfigBreakDeadTime  stm32f4xx_hal_tim_ex.o
    0x08001e92   0x00000002   PAD
    0x08001e94   0x0000009c   Code   RO         1589    i.HAL_TIMEx_MasterConfigSynchronization  stm32f4xx_hal_tim_ex.o
    0x08001f30   0x00000034   Code   RO          885    i.HAL_TIM_Base_Init  stm32f4xx_hal_tim.o
    0x08001f64   0x00000034   Code   RO          498    i.HAL_TIM_Base_MspInit  stm32f4xx_hal_msp.o
    0x08001f98   0x00000108   Code   RO          894    i.HAL_TIM_ConfigClockSource  stm32f4xx_hal_tim.o
    0x080020a0   0x00000064   Code   RO          499    i.HAL_TIM_MspPostInit  stm32f4xx_hal_msp.o
    0x08002104   0x00000108   Code   RO          952    i.HAL_TIM_PWM_ConfigChannel  stm32f4xx_hal_tim.o
    0x0800220c   0x00000034   Code   RO          955    i.HAL_TIM_PWM_Init  stm32f4xx_hal_tim.o
    0x08002240   0x00000002   Code   RO          957    i.HAL_TIM_PWM_MspInit  stm32f4xx_hal_tim.o
    0x08002242   0x00000002   PAD
    0x08002244   0x0000004c   Code   RO          960    i.HAL_TIM_PWM_Start  stm32f4xx_hal_tim.o
    0x08002290   0x00000002   Code   RO         3113    i.HAL_UART_ErrorCallback  stm32f4xx_hal_uart.o
    0x08002292   0x00000014   Code   RO         3115    i.HAL_UART_GetState  stm32f4xx_hal_uart.o
    0x080022a6   0x00000002   PAD
    0x080022a8   0x00000154   Code   RO         3116    i.HAL_UART_IRQHandler  stm32f4xx_hal_uart.o
    0x080023fc   0x00000072   Code   RO         3117    i.HAL_UART_Init     stm32f4xx_hal_uart.o
    0x0800246e   0x00000002   PAD
    0x08002470   0x000000dc   Code   RO          501    i.HAL_UART_MspInit  stm32f4xx_hal_msp.o
    0x0800254c   0x00000070   Code   RO         3122    i.HAL_UART_Receive_IT  stm32f4xx_hal_uart.o
    0x080025bc   0x00000060   Code   RO           17    i.HAL_UART_RxCpltCallback  main.o
    0x0800261c   0x0000009c   Code   RO         3126    i.HAL_UART_Transmit_DMA  stm32f4xx_hal_uart.o
    0x080026b8   0x00000002   Code   RO         3128    i.HAL_UART_TxCpltCallback  stm32f4xx_hal_uart.o
    0x080026ba   0x00000002   Code   RO         3129    i.HAL_UART_TxHalfCpltCallback  stm32f4xx_hal_uart.o
    0x080026bc   0x00000004   Code   RO          394    i.HardFault_Handler  stm32f4xx_it.o
    0x080026c0   0x000007f0   Code   RO           18    i.IO                main.o
    0x08002eb0   0x00000048   Code   RO           19    i.LED               main.o
    0x08002ef8   0x00000038   Code   RO           20    i.LED_OFF           main.o
    0x08002f30   0x00000088   Code   RO           21    i.MX_DMA_Init       main.o
    0x08002fb8   0x00000150   Code   RO           22    i.MX_GPIO_Init      main.o
    0x08003108   0x00000044   Code   RO           23    i.MX_SPI2_Init      main.o
    0x0800314c   0x00000044   Code   RO           24    i.MX_SPI3_Init      main.o
    0x08003190   0x000000ec   Code   RO           25    i.MX_TIM1_Init      main.o
    0x0800327c   0x00000038   Code   RO           26    i.MX_USART1_UART_Init  main.o
    0x080032b4   0x00000004   Code   RO          395    i.MemManage_Handler  stm32f4xx_it.o
    0x080032b8   0x00000388   Code   RO           27    i.Menu1             main.o
    0x08003640   0x00000002   Code   RO          396    i.NMI_Handler       stm32f4xx_it.o
    0x08003642   0x00000002   PAD
    0x08003644   0x0000002c   Code   RO           28    i.PIN_control_PD13  main.o
    0x08003670   0x0000002c   Code   RO           29    i.PIN_control_PD15  main.o
    0x0800369c   0x00000002   Code   RO          397    i.PendSV_Handler    stm32f4xx_it.o
    0x0800369e   0x00000002   PAD
    0x080036a0   0x0000006c   Code   RO          610    i.SPI_EndRxTxTransaction  stm32f4xx_hal_spi.o
    0x0800370c   0x000000a8   Code   RO          615    i.SPI_WaitFlagStateUntilTimeout  stm32f4xx_hal_spi.o
    0x080037b4   0x00000002   Code   RO          398    i.SVC_Handler       stm32f4xx_it.o
    0x080037b6   0x00000002   PAD
    0x080037b8   0x00000084   Code   RO          399    i.SysTick_Handler   stm32f4xx_it.o
    0x0800383c   0x000000b4   Code   RO           30    i.SystemClock_Config  main.o
    0x080038f0   0x0000001c   Code   RO         3424    i.SystemInit        system_stm32f4xx.o
    0x0800390c   0x000000a4   Code   RO          973    i.TIM_Base_SetConfig  stm32f4xx_hal_tim.o
    0x080039b0   0x00000022   Code   RO          974    i.TIM_CCxChannelCmd  stm32f4xx_hal_tim.o
    0x080039d2   0x00000016   Code   RO          984    i.TIM_ETR_SetConfig  stm32f4xx_hal_tim.o
    0x080039e8   0x00000012   Code   RO          985    i.TIM_ITRx_SetConfig  stm32f4xx_hal_tim.o
    0x080039fa   0x00000002   PAD
    0x080039fc   0x00000060   Code   RO          986    i.TIM_OC1_SetConfig  stm32f4xx_hal_tim.o
    0x08003a5c   0x00000068   Code   RO          987    i.TIM_OC2_SetConfig  stm32f4xx_hal_tim.o
    0x08003ac4   0x00000068   Code   RO          988    i.TIM_OC3_SetConfig  stm32f4xx_hal_tim.o
    0x08003b2c   0x00000048   Code   RO          989    i.TIM_OC4_SetConfig  stm32f4xx_hal_tim.o
    0x08003b74   0x00000026   Code   RO          991    i.TIM_TI1_ConfigInputStage  stm32f4xx_hal_tim.o
    0x08003b9a   0x00000028   Code   RO          993    i.TIM_TI2_ConfigInputStage  stm32f4xx_hal_tim.o
    0x08003bc2   0x00000002   PAD
    0x08003bc4   0x00000064   Code   RO           31    i.Transf            main.o
    0x08003c28   0x00000014   Code   RO         3130    i.UART_DMAAbortOnError  stm32f4xx_hal_uart.o
    0x08003c3c   0x00000050   Code   RO         3131    i.UART_DMAError     stm32f4xx_hal_uart.o
    0x08003c8c   0x00000036   Code   RO         3136    i.UART_DMATransmitCplt  stm32f4xx_hal_uart.o
    0x08003cc2   0x0000000e   Code   RO         3138    i.UART_DMATxHalfCplt  stm32f4xx_hal_uart.o
    0x08003cd0   0x00000064   Code   RO           32    i.UART_DMA_TX       main.o
    0x08003d34   0x00000020   Code   RO         3140    i.UART_EndRxTransfer  stm32f4xx_hal_uart.o
    0x08003d54   0x00000020   Code   RO         3141    i.UART_EndTransmit_IT  stm32f4xx_hal_uart.o
    0x08003d74   0x00000014   Code   RO         3142    i.UART_EndTxTransfer  stm32f4xx_hal_uart.o
    0x08003d88   0x000000a6   Code   RO         3143    i.UART_Receive_IT   stm32f4xx_hal_uart.o
    0x08003e2e   0x00000002   PAD
    0x08003e30   0x000003e8   Code   RO         3144    i.UART_SetConfig    stm32f4xx_hal_uart.o
    0x08004218   0x00000068   Code   RO         3145    i.UART_Transmit_IT  stm32f4xx_hal_uart.o
    0x08004280   0x00000064   Code   RO           33    i.UART_conrol       main.o
    0x080042e4   0x00000010   Code   RO          400    i.USART1_IRQHandler  stm32f4xx_it.o
    0x080042f4   0x00000004   Code   RO          401    i.UsageFault_Handler  stm32f4xx_it.o
    0x080042f8   0x00000010   Code   RO         2712    i.__NVIC_GetPriorityGrouping  stm32f4xx_hal_cortex.o
    0x08004308   0x00000028   Code   RO         2713    i.__NVIC_SetPriority  stm32f4xx_hal_cortex.o
    0x08004330   0x0000000e   Code   RO         3502    i._is_digit         c_w.l(__printf_wp.o)
    0x0800433e   0x00000002   PAD
    0x08004340   0x00000040   Code   RO           37    i.getchar1          main.o
    0x08004380   0x00000058   Code   RO           39    i.hn_out            main.o
    0x080043d8   0x00000014   Code   RO           43    i.leng              main.o
    0x080043ec   0x000000d4   Code   RO           44    i.main              main.o
    0x080044c0   0x00000040   Code   RO           46    i.spi_EPCS_rd       main.o
    0x08004500   0x00000064   Code   RO           47    i.spi_EPCS_read     main.o
    0x08004564   0x00000024   Code   RO           48    i.spi_EPCS_wr_ENABLE  main.o
    0x08004588   0x00000060   Code   RO           49    i.spi_EPCS_write    main.o
    0x080045e8   0x00000024   Code   RO           50    i.spisend8          main.o
    0x0800460c   0x00000030   Code   RO           54    i.x_out             main.o
    0x0800463c   0x0000002c   Code   RO         3625    locale$$code        c_w.l(lc_ctype_c.o)
    0x08004668   0x0000000a   Code   RO         3694    x$fpl$fpinit        fz_wm.l(fpinit.o)
    0x08004672   0x00000008   Data   RO         2405    .constdata          stm32f4xx_hal_dma.o
    0x0800467a   0x00000018   Data   RO         3425    .constdata          system_stm32f4xx.o
    0x08004692   0x00000028   Data   RO         3475    .constdata          c_w.l(_printf_hex_int.o)
    0x080046ba   0x00000002   PAD
    0x080046bc   0x00000045   Data   RO           57    .conststring        main.o
    0x08004701   0x00000003   PAD
    0x08004704   0x00000020   Data   RO         3762    Region$$Table       anon$$obj.o
    0x08004724   0x00000110   Data   RO         3624    locale$$data        c_w.l(lc_ctype_c.o)


    Execution Region RW_IRAM1 (Base: 0x20000000, Size: 0x00002ec0, Max: 0x00020000, ABSOLUTE)

    Base Addr    Size         Type   Attr      Idx    E Section Name        Object

    0x20000000   0x0000008f   Data   RW           58    .data               main.o
    0x2000008f   0x00000001   PAD
    0x20000090   0x00000009   Data   RW         2861    .data               stm32f4xx_hal.o
    0x20000099   0x00000003   PAD
    0x2000009c   0x00000004   Data   RW         3426    .data               system_stm32f4xx.o
    0x200000a0   0x000027be   Zero   RW           56    .bss                main.o
    0x2000285e   0x00000002   PAD
    0x20002860   0x00000060   Zero   RW         3553    .bss                c_w.l(libspace.o)
    0x200028c0   0x00000200   Zero   RW            2    HEAP                startup_stm32f411xe.o
    0x20002ac0   0x00000400   Zero   RW            1    STACK               startup_stm32f411xe.o


==============================================================================

Image component sizes


      Code (inc. data)   RO Data    RW Data    ZI Data      Debug   Object Name

      5506       1574         69        143      10174     443131   main.o
        64         26        408          0       1536        868   startup_stm32f411xe.o
       172         32          0          9          0       8761   stm32f4xx_hal.o
       304         22          0          0          0      34563   stm32f4xx_hal_cortex.o
      1264         16          8          0          0       6286   stm32f4xx_hal_dma.o
       496         32          0          0          0       3023   stm32f4xx_hal_gpio.o
       888         84          0          0          0       4144   stm32f4xx_hal_msp.o
      1800         84          0          0          0       5744   stm32f4xx_hal_rcc.o
       970          8          0          0          0       4485   stm32f4xx_hal_spi.o
      1402         54          0          0          0      12334   stm32f4xx_hal_tim.o
       272         22          0          0          0       2188   stm32f4xx_hal_tim_ex.o
      2270         26          0          0          0      12905   stm32f4xx_hal_uart.o
       252         64          0          0          0       6986   stm32f4xx_it.o
        28          4         24          4          0       1203   system_stm32f4xx.o

    ----------------------------------------------------------------------
     15712       2048        544        160      11712     546621   Object Totals
         0          0         32          0          0          0   (incl. Generated)
        24          0          3          4          2          0   (incl. Padding)

    ----------------------------------------------------------------------

      Code (inc. data)   RO Data    RW Data    ZI Data      Debug   Library Member Name

         8          0          0          0          0         68   __main.o
       284          0          0          0          0        156   __printf_wp.o
         0          0          0          0          0          0   __rtentry.o
        12          0          0          0          0          0   __rtentry2.o
         6          0          0          0          0          0   __rtentry4.o
        52          8          0          0          0          0   __scatter.o
        26          0          0          0          0          0   __scatter_copy.o
        28          0          0          0          0          0   __scatter_zi.o
        28          0          0          0          0         68   _chval.o
        48          6          0          0          0         96   _printf_char_common.o
        88          4         40          0          0         88   _printf_hex_int.o
       178          0          0          0          0         88   _printf_intcommon.o
         0          0          0          0          0          0   _printf_percent.o
         4          0          0          0          0          0   _printf_percent_end.o
         6          0          0          0          0          0   _printf_x.o
        10          0          0          0          0         68   _sputc.o
       158          0          0          0          0         92   _strtoul.o
        26          0          0          0          0         80   atoi.o
        12          0          0          0          0         72   exit.o
         6          0          0          0          0        152   heapauxi.o
         0          0          0          0          0          0   indicate_semi.o
        44         10        272          0          0         76   lc_ctype_c.o
         2          0          0          0          0          0   libinit.o
        24          0          0          0          0          0   libinit2.o
         2          0          0          0          0          0   libshutdown.o
         2          0          0          0          0          0   libshutdown2.o
         8          4          0          0         96         68   libspace.o
       238          0          0          0          0        100   lludivv7m.o
        38          0          0          0          0         68   llushr.o
        40          6          0          0          0         84   noretval__2sprintf.o
        16          4          0          0          0         76   rt_ctype_table.o
         8          4          0          0          0         68   rt_errno_addr_intlibspace.o
         8          4          0          0          0         68   rt_locale_intlibspace.o
        78          0          0          0          0         80   rt_memclr_w.o
         2          0          0          0          0          0   rtexit.o
        10          0          0          0          0          0   rtexit2.o
       128          0          0          0          0         68   strcmpv7m.o
        62          0          0          0          0         76   strlen.o
       112          0          0          0          0         88   strtol.o
        12          4          0          0          0         68   sys_exit.o
        74          0          0          0          0         80   sys_stackheap_outer.o
         2          0          0          0          0         68   use_no_semi.o
        10          0          0          0          0        116   fpinit.o

    ----------------------------------------------------------------------
      1914         54        314          0         96       2280   Library Totals
        14          0          2          0          0          0   (incl. Padding)

    ----------------------------------------------------------------------

      Code (inc. data)   RO Data    RW Data    ZI Data      Debug   Library Name

      1890         54        312          0         96       2164   c_w.l
        10          0          0          0          0        116   fz_wm.l

    ----------------------------------------------------------------------
      1914         54        314          0         96       2280   Library Totals

    ----------------------------------------------------------------------

==============================================================================


      Code (inc. data)   RO Data    RW Data    ZI Data      Debug   

     17626       2102        858        160      11808     536805   Grand Totals
     17626       2102        858        160      11808     536805   ELF Image Totals
     17626       2102        858        160          0          0   ROM Totals

==============================================================================

    Total RO  Size (Code + RO Data)                18484 (  18.05kB)
    Total RW  Size (RW Data + ZI Data)             11968 (  11.69kB)
    Total ROM Size (Code + RO Data + RW Data)      18644 (  18.21kB)

==============================================================================

