Component: ARM Compiler 5.05 update 1 (build 106) Tool: armlink [4d0efa]

==============================================================================

Section Cross References

    startup_stm32f411xe.o(STACK) refers (Special) to heapauxi.o(.text) for __use_two_region_memory
    startup_stm32f411xe.o(HEAP) refers (Special) to heapauxi.o(.text) for __use_two_region_memory
    startup_stm32f411xe.o(RESET) refers (Special) to heapauxi.o(.text) for __use_two_region_memory
    startup_stm32f411xe.o(RESET) refers to startup_stm32f411xe.o(STACK) for __initial_sp
    startup_stm32f411xe.o(RESET) refers to startup_stm32f411xe.o(.text) for Reset_Handler
    startup_stm32f411xe.o(RESET) refers to stm32f4xx_it.o(i.NMI_Handler) for NMI_Handler
    startup_stm32f411xe.o(RESET) refers to stm32f4xx_it.o(i.HardFault_Handler) for HardFault_Handler
    startup_stm32f411xe.o(RESET) refers to stm32f4xx_it.o(i.MemManage_Handler) for MemManage_Handler
    startup_stm32f411xe.o(RESET) refers to stm32f4xx_it.o(i.BusFault_Handler) for BusFault_Handler
    startup_stm32f411xe.o(RESET) refers to stm32f4xx_it.o(i.UsageFault_Handler) for UsageFault_Handler
    startup_stm32f411xe.o(RESET) refers to stm32f4xx_it.o(i.SVC_Handler) for SVC_Handler
    startup_stm32f411xe.o(RESET) refers to stm32f4xx_it.o(i.DebugMon_Handler) for DebugMon_Handler
    startup_stm32f411xe.o(RESET) refers to stm32f4xx_it.o(i.PendSV_Handler) for PendSV_Handler
    startup_stm32f411xe.o(RESET) refers to stm32f4xx_it.o(i.SysTick_Handler) for SysTick_Handler
    startup_stm32f411xe.o(RESET) refers to stm32f4xx_it.o(i.DMA1_Stream3_IRQHandler) for DMA1_Stream3_IRQHandler
    startup_stm32f411xe.o(RESET) refers to stm32f4xx_it.o(i.DMA1_Stream4_IRQHandler) for DMA1_Stream4_IRQHandler
    startup_stm32f411xe.o(RESET) refers to stm32f4xx_it.o(i.DMA1_Stream5_IRQHandler) for DMA1_Stream5_IRQHandler
    startup_stm32f411xe.o(RESET) refers to stm32f4xx_it.o(i.USART1_IRQHandler) for USART1_IRQHandler
    startup_stm32f411xe.o(RESET) refers to stm32f4xx_it.o(i.DMA2_Stream7_IRQHandler) for DMA2_Stream7_IRQHandler
    startup_stm32f411xe.o(.text) refers (Special) to heapauxi.o(.text) for __use_two_region_memory
    startup_stm32f411xe.o(.text) refers to system_stm32f4xx.o(i.SystemInit) for SystemInit
    startup_stm32f411xe.o(.text) refers to __main.o(!!!main) for __main
    startup_stm32f411xe.o(.text) refers to startup_stm32f411xe.o(HEAP) for Heap_Mem
    startup_stm32f411xe.o(.text) refers to startup_stm32f411xe.o(STACK) for Stack_Mem
    main.o(i.BTN1) refers to main.o(i.PIN_control_PD13) for PIN_control_PD13
    main.o(i.BTN1) refers to stm32f4xx_hal_gpio.o(i.HAL_GPIO_WritePin) for HAL_GPIO_WritePin
    main.o(i.BTN1) refers to main.o(i.Transf) for Transf
    main.o(i.BTN1) refers to main.o(.data) for TIMER1
    main.o(i.BTN2) refers to main.o(i.PIN_control_PD15) for PIN_control_PD15
    main.o(i.BTN2) refers to stm32f4xx_hal_gpio.o(i.HAL_GPIO_WritePin) for HAL_GPIO_WritePin
    main.o(i.BTN2) refers to main.o(i.Transf) for Transf
    main.o(i.BTN2) refers to main.o(.data) for TIMER2
    main.o(i.Delay) refers to main.o(.data) for SysTickDelay
    main.o(i.EPCS_WR) refers to rt_memclr_w.o(.text) for __aeabi_memclr4
    main.o(i.EPCS_WR) refers to main.o(i.Transf) for Transf
    main.o(i.EPCS_WR) refers to strtol.o(.text) for strtol
    main.o(i.EPCS_WR) refers to main.o(i.x_out) for x_out
    main.o(i.EPCS_WR) refers to main.o(i.spi_EPCS_STATUS) for spi_EPCS_STATUS
    main.o(i.EPCS_WR) refers to main.o(i.spi_EPCS_wr_ENABLE) for spi_EPCS_wr_ENABLE
    main.o(i.EPCS_WR) refers to main.o(i.spi_EPCS_write) for spi_EPCS_write
    main.o(i.EPCS_WR) refers to main.o(i.spi_EPCS_wr_DISABLE) for spi_EPCS_wr_DISABLE
    main.o(i.EPCS_WR) refers to main.o(.data) for HIGH_ADDRES_FLASH
    main.o(i.HAL_UART_RxCpltCallback) refers to stm32f4xx_hal_uart.o(i.HAL_UART_Receive_IT) for HAL_UART_Receive_IT
    main.o(i.HAL_UART_RxCpltCallback) refers to main.o(.data) for RX_uBUF
    main.o(i.HAL_UART_RxCpltCallback) refers to main.o(.bss) for rx_buffer1
    main.o(i.IO) refers to main.o(i.leng) for leng
    main.o(i.IO) refers to strcmpv7m.o(.text) for strcmp
    main.o(i.IO) refers to atoi.o(.text) for atoi
    main.o(i.IO) refers to main.o(i.Transf) for Transf
    main.o(i.IO) refers to adiv5_jtagdp.o(i.TST) for TST
    main.o(i.IO) refers to jtag_scan.o(i.jtag_scan) for jtag_scan
    main.o(i.IO) refers to jtag_my.o(i.JTAG_SCAN) for JTAG_SCAN
    main.o(i.IO) refers to jtag_my.o(i.ID_recive) for ID_recive
    main.o(i.IO) refers to main.o(i.Menu1) for Menu1
    main.o(i.IO) refers to main.o(.data) for lenght
    main.o(i.IO) refers to main.o(.bss) for DATA_Word
    main.o(i.IO) refers to main.o(i.EPCS_WR) for EPCS_WR
    main.o(i.IO) refers to main.o(i.x_out) for x_out
    main.o(i.IO) refers to main.o(i.spi_EPCS_rd) for spi_EPCS_rd
    main.o(i.IO) refers to main.o(i.spi_EPCS_read) for spi_EPCS_read
    main.o(i.IO) refers to main.o(i.hn_out) for hn_out
[...]
    i.HAL_NVIC_SetPriority                   0x080014d8   Section        0  stm32f4xx_hal_cortex.o(i.HAL_NVIC_SetPriority)
    i.HAL_NVIC_SetPriorityGrouping           0x08001554   Section        0  stm32f4xx_hal_cortex.o(i.HAL_NVIC_SetPriorityGrouping)
    i.HAL_RCC_ClockConfig                    0x0800157c   Section        0  stm32f4xx_hal_rcc.o(i.HAL_RCC_ClockConfig)
    i.HAL_RCC_GetHCLKFreq                    0x08001700   Section        0  stm32f4xx_hal_rcc.o(i.HAL_RCC_GetHCLKFreq)
    i.HAL_RCC_GetPCLK1Freq                   0x0800170c   Section        0  stm32f4xx_hal_rcc.o(i.HAL_RCC_GetPCLK1Freq)
    i.HAL_RCC_GetPCLK2Freq                   0x0800172c   Section        0  stm32f4xx_hal_rcc.o(i.HAL_RCC_GetPCLK2Freq)
    i.HAL_RCC_GetSysClockFreq                0x0800174c   Section        0  stm32f4xx_hal_rcc.o(i.HAL_RCC_GetSysClockFreq)
    i.HAL_RCC_OscConfig                      0x080017fc   Section        0  stm32f4xx_hal_rcc.o(i.HAL_RCC_OscConfig)
    i.HAL_SPI_Init                           0x08001c84   Section        0  stm32f4xx_hal_spi.o(i.HAL_SPI_Init)
    i.HAL_SPI_MspInit                        0x08001d10   Section        0  stm32f4xx_hal_msp.o(i.HAL_SPI_MspInit)
    i.HAL_SPI_TransmitReceive                0x08001ecc   Section        0  stm32f4xx_hal_spi.o(i.HAL_SPI_TransmitReceive)
    i.HAL_SYSTICK_Config                     0x080020f6   Section        0  stm32f4xx_hal_cortex.o(i.HAL_SYSTICK_Config)
    i.HAL_TIMEx_ConfigBreakDeadTime          0x0800212a   Section        0  stm32f4xx_hal_tim_ex.o(i.HAL_TIMEx_ConfigBreakDeadTime)
    i.HAL_TIMEx_MasterConfigSynchronization  0x080021a0   Section        0  stm32f4xx_hal_tim_ex.o(i.HAL_TIMEx_MasterConfigSynchronization)
    i.HAL_TIM_Base_Init                      0x0800223c   Section        0  stm32f4xx_hal_tim.o(i.HAL_TIM_Base_Init)
    i.HAL_TIM_Base_MspInit                   0x08002270   Section        0  stm32f4xx_hal_msp.o(i.HAL_TIM_Base_MspInit)
    i.HAL_TIM_ConfigClockSource              0x080022d0   Section        0  stm32f4xx_hal_tim.o(i.HAL_TIM_ConfigClockSource)
    i.HAL_TIM_MspPostInit                    0x080023d8   Section        0  stm32f4xx_hal_msp.o(i.HAL_TIM_MspPostInit)
    i.HAL_TIM_PWM_ConfigChannel              0x08002484   Section        0  stm32f4xx_hal_tim.o(i.HAL_TIM_PWM_ConfigChannel)
    i.HAL_TIM_PWM_Init                       0x0800258c   Section        0  stm32f4xx_hal_tim.o(i.HAL_TIM_PWM_Init)
    i.HAL_TIM_PWM_MspInit                    0x080025c0   Section        0  stm32f4xx_hal_tim.o(i.HAL_TIM_PWM_MspInit)
    i.HAL_TIM_PWM_Start                      0x080025c4   Section        0  stm32f4xx_hal_tim.o(i.HAL_TIM_PWM_Start)
    i.HAL_UART_ErrorCallback                 0x08002610   Section        0  stm32f4xx_hal_uart.o(i.HAL_UART_ErrorCallback)
    i.HAL_UART_GetState                      0x08002612   Section        0  stm32f4xx_hal_uart.o(i.HAL_UART_GetState)
    i.HAL_UART_IRQHandler                    0x08002628   Section        0  stm32f4xx_hal_uart.o(i.HAL_UART_IRQHandler)
    i.HAL_UART_Init                          0x0800277c   Section        0  stm32f4xx_hal_uart.o(i.HAL_UART_Init)
    i.HAL_UART_MspInit                       0x080027f0   Section        0  stm32f4xx_hal_msp.o(i.HAL_UART_MspInit)
    i.HAL_UART_Receive_IT                    0x080028cc   Section        0  stm32f4xx_hal_uart.o(i.HAL_UART_Receive_IT)
    i.HAL_UART_RxCpltCallback                0x0800293c   Section        0  main.o(i.HAL_UART_RxCpltCallback)
    i.HAL_UART_Transmit_DMA                  0x0800299c   Section        0  stm32f4xx_hal_uart.o(i.HAL_UART_Transmit_DMA)
    i.HAL_UART_TxCpltCallback                0x08002a38   Section        0  stm32f4xx_hal_uart.o(i.HAL_UART_TxCpltCallback)
    i.HAL_UART_TxHalfCpltCallback            0x08002a3a   Section        0  stm32f4xx_hal_uart.o(i.HAL_UART_TxHalfCpltCallback)
    i.HardFault_Handler                      0x08002a3c   Section        0  stm32f4xx_it.o(i.HardFault_Handler)
    i.ID_recive                              0x08002a40   Section        0  jtag_my.o(i.ID_recive)
    i.IO                                     0x08002b30   Section        0  main.o(i.IO)
    i.JTAG_SCAN                              0x080035d4   Section        0  jtag_my.o(i.JTAG_SCAN)
    i.LED                                    0x08003650   Section        0  main.o(i.LED)
    i.LED_OFF                                0x08003698   Section        0  main.o(i.LED_OFF)
    i.MX_DMA_Init                            0x080036d0   Section        0  main.o(i.MX_DMA_Init)
    MX_DMA_Init                              0x080036d1   Thumb Code   130  main.o(i.MX_DMA_Init)
    i.MX_GPIO_Init                           0x08003758   Section        0  main.o(i.MX_GPIO_Init)
    MX_GPIO_Init                             0x08003759   Thumb Code   338  main.o(i.MX_GPIO_Init)
    i.MX_SPI3_Init                           0x080038c0   Section        0  main.o(i.MX_SPI3_Init)
    MX_SPI3_Init                             0x080038c1   Thumb Code    60  main.o(i.MX_SPI3_Init)
    i.MX_TIM1_Init                           0x08003904   Section        0  main.o(i.MX_TIM1_Init)
    MX_TIM1_Init                             0x08003905   Thumb Code   230  main.o(i.MX_TIM1_Init)
    i.MX_TIM2_Init                           0x080039f4   Section        0  main.o(i.MX_TIM2_Init)
    MX_TIM2_Init                             0x080039f5   Thumb Code   160  main.o(i.MX_TIM2_Init)
    i.MX_USART1_UART_Init                    0x08003a9c   Section        0  main.o(i.MX_USART1_UART_Init)
    MX_USART1_UART_Init                      0x08003a9d   Thumb Code    46  main.o(i.MX_USART1_UART_Init)
    i.MemManage_Handler                      0x08003ad4   Section        0  stm32f4xx_it.o(i.MemManage_Handler)
    i.Menu1                                  0x08003ad8   Section        0  main.o(i.Menu1)
    i.NMI_Handler                            0x08003e60   Section        0  stm32f4xx_it.o(i.NMI_Handler)
    i.PIN_control_PD13                       0x08003e64   Section        0  main.o(i.PIN_control_PD13)
    i.PIN_control_PD15                       0x08003e94   Section        0  main.o(i.PIN_control_PD15)
    i.PendSV_Handler                         0x08003ec4   Section        0  stm32f4xx_it.o(i.PendSV_Handler)
    i.RUN_TEST_IDLE                          0x08003ec8   Section        0  jtag_my.o(i.RUN_TEST_IDLE)
    i.SCAN_N                                 0x08003f0c   Section        0  jtag_my.o(i.SCAN_N)
    i.SPI_EndRxTxTransaction                 0x08003fa4   Section        0  stm32f4xx_hal_spi.o(i.SPI_EndRxTxTransaction)
    SPI_EndRxTxTransaction                   0x08003fa5   Thumb Code   100  stm32f4xx_hal_spi.o(i.SPI_EndRxTxTransaction)
    i.SPI_WaitFlagStateUntilTimeout          0x08004010   Section        0  stm32f4xx_hal_spi.o(i.SPI_WaitFlagStateUntilTimeout)
    SPI_WaitFlagStateUntilTimeout            0x08004011   Thumb Code   168  stm32f4xx_hal_spi.o(i.SPI_WaitFlagStateUntilTimeout)
    i.SVC_Handler                            0x080040b8   Section        0  stm32f4xx_it.o(i.SVC_Handler)
    i.Shift_DR                               0x080040bc   Section        0  jtag_my.o(i.Shift_DR)
    i.Shift_IR                               0x08004158   Section        0  jtag_my.o(i.Shift_IR)
    i.SysTick_Handler                        0x08004214   Section        0  stm32f4xx_it.o(i.SysTick_Handler)
    i.SystemClock_Config                     0x08004298   Section        0  main.o(i.SystemClock_Config)
    i.SystemInit                             0x0800434c   Section        0  system_stm32f4xx.o(i.SystemInit)
    i.TIM_Base_SetConfig                     0x08004368   Section        0  stm32f4xx_hal_tim.o(i.TIM_Base_SetConfig)
    i.TIM_CCxChannelCmd                      0x0800440c   Section        0  stm32f4xx_hal_tim.o(i.TIM_CCxChannelCmd)
    i.TIM_ETR_SetConfig                      0x0800442e   Section        0  stm32f4xx_hal_tim.o(i.TIM_ETR_SetConfig)
    i.TIM_ITRx_SetConfig                     0x08004444   Section        0  stm32f4xx_hal_tim.o(i.TIM_ITRx_SetConfig)
    TIM_ITRx_SetConfig                       0x08004445   Thumb Code    18  stm32f4xx_hal_tim.o(i.TIM_ITRx_SetConfig)
    i.TIM_OC1_SetConfig                      0x08004458   Section        0  stm32f4xx_hal_tim.o(i.TIM_OC1_SetConfig)
    TIM_OC1_SetConfig                        0x08004459   Thumb Code    90  stm32f4xx_hal_tim.o(i.TIM_OC1_SetConfig)
    i.TIM_OC2_SetConfig                      0x080044b8   Section        0  stm32f4xx_hal_tim.o(i.TIM_OC2_SetConfig)
    i.TIM_OC3_SetConfig                      0x08004520   Section        0  stm32f4xx_hal_tim.o(i.TIM_OC3_SetConfig)
    TIM_OC3_SetConfig                        0x08004521   Thumb Code    98  stm32f4xx_hal_tim.o(i.TIM_OC3_SetConfig)
    i.TIM_OC4_SetConfig                      0x08004588   Section        0  stm32f4xx_hal_tim.o(i.TIM_OC4_SetConfig)
    TIM_OC4_SetConfig                        0x08004589   Thumb Code    68  stm32f4xx_hal_tim.o(i.TIM_OC4_SetConfig)
    i.TIM_TI1_ConfigInputStage               0x080045d0   Section        0  stm32f4xx_hal_tim.o(i.TIM_TI1_ConfigInputStage)
    TIM_TI1_ConfigInputStage                 0x080045d1   Thumb Code    38  stm32f4xx_hal_tim.o(i.TIM_TI1_ConfigInputStage)
    i.TIM_TI2_ConfigInputStage               0x080045f6   Section        0  stm32f4xx_hal_tim.o(i.TIM_TI2_ConfigInputStage)
    TIM_TI2_ConfigInputStage                 0x080045f7   Thumb Code    40  stm32f4xx_hal_tim.o(i.TIM_TI2_ConfigInputStage)
    i.TLR                                    0x08004620   Section        0  jtag_my.o(i.TLR)
    i.TST                                    0x08004660   Section        0  adiv5_jtagdp.o(i.TST)
    i.Transf                                 0x080046b4   Section        0  main.o(i.Transf)
    i.UART_DMAAbortOnError                   0x08004718   Section        0  stm32f4xx_hal_uart.o(i.UART_DMAAbortOnError)
    UART_DMAAbortOnError                     0x08004719   Thumb Code    20  stm32f4xx_hal_uart.o(i.UART_DMAAbortOnError)
    i.UART_DMAError                          0x0800472c   Section        0  stm32f4xx_hal_uart.o(i.UART_DMAError)
    UART_DMAError                            0x0800472d   Thumb Code    80  stm32f4xx_hal_uart.o(i.UART_DMAError)
    i.UART_DMATransmitCplt                   0x0800477c   Section        0  stm32f4xx_hal_uart.o(i.UART_DMATransmitCplt)
    UART_DMATransmitCplt                     0x0800477d   Thumb Code    54  stm32f4xx_hal_uart.o(i.UART_DMATransmitCplt)
    i.UART_DMATxHalfCplt                     0x080047b2   Section        0  stm32f4xx_hal_uart.o(i.UART_DMATxHalfCplt)
    UART_DMATxHalfCplt                       0x080047b3   Thumb Code    14  stm32f4xx_hal_uart.o(i.UART_DMATxHalfCplt)
    i.UART_DMA_TX                            0x080047c0   Section        0  main.o(i.UART_DMA_TX)
    i.UART_EndRxTransfer                     0x08004824   Section        0  stm32f4xx_hal_uart.o(i.UART_EndRxTransfer)
    UART_EndRxTransfer                       0x08004825   Thumb Code    32  stm32f4xx_hal_uart.o(i.UART_EndRxTransfer)
    i.UART_EndTransmit_IT                    0x08004844   Section        0  stm32f4xx_hal_uart.o(i.UART_EndTransmit_IT)
    UART_EndTransmit_IT                      0x08004845   Thumb Code    32  stm32f4xx_hal_uart.o(i.UART_EndTransmit_IT)
    i.UART_EndTxTransfer                     0x08004864   Section        0  stm32f4xx_hal_uart.o(i.UART_EndTxTransfer)
    UART_EndTxTransfer                       0x08004865   Thumb Code    20  stm32f4xx_hal_uart.o(i.UART_EndTxTransfer)
    i.UART_Receive_IT                        0x08004878   Section        0  stm32f4xx_hal_uart.o(i.UART_Receive_IT)
    UART_Receive_IT                          0x08004879   Thumb Code   166  stm32f4xx_hal_uart.o(i.UART_Receive_IT)
    i.UART_SetConfig                         0x08004920   Section        0  stm32f4xx_hal_uart.o(i.UART_SetConfig)
    UART_SetConfig                           0x08004921   Thumb Code   992  stm32f4xx_hal_uart.o(i.UART_SetConfig)
    i.UART_Transmit_IT                       0x08004d08   Section        0  stm32f4xx_hal_uart.o(i.UART_Transmit_IT)
    UART_Transmit_IT                         0x08004d09   Thumb Code   104  stm32f4xx_hal_uart.o(i.UART_Transmit_IT)
    i.UART_conrol                            0x08004d70   Section        0  main.o(i.UART_conrol)
    i.USART1_IRQHandler                      0x08004dd4   Section        0  stm32f4xx_it.o(i.USART1_IRQHandler)
    i.Update_IR                              0x08004de4   Section        0  jtag_my.o(i.Update_IR)
    i.UsageFault_Handler                     0x08004e18   Section        0  stm32f4xx_it.o(i.UsageFault_Handler)
    i.__NVIC_GetPriorityGrouping             0x08004e1c   Section        0  stm32f4xx_hal_cortex.o(i.__NVIC_GetPriorityGrouping)
    __NVIC_GetPriorityGrouping               0x08004e1d   Thumb Code    10  stm32f4xx_hal_cortex.o(i.__NVIC_GetPriorityGrouping)
    i.__NVIC_SetPriority                     0x08004e2c   Section        0  stm32f4xx_hal_cortex.o(i.__NVIC_SetPriority)
    __NVIC_SetPriority                       0x08004e2d   Thumb Code    32  stm32f4xx_hal_cortex.o(i.__NVIC_SetPriority)
    i._is_digit                              0x08004e54   Section        0  __printf_wp.o(i._is_digit)
    i.fw_adiv5_jtagdp_low_access             0x08004e64   Section        0  adiv5_jtagdp.o(i.fw_adiv5_jtagdp_low_access)
    i.fw_adiv5_jtagdp_read                   0x08004ee8   Section        0  adiv5_jtagdp.o(i.fw_adiv5_jtagdp_read)
    i.getchar1                               0x08004f08   Section        0  main.o(i.getchar1)
    i.gpio_clear                             0x08004f48   Section        0  jtagtap.o(i.gpio_clear)
    i.gpio_get                               0x08004f84   Section        0  jtagtap.o(i.gpio_get)
    i.gpio_set                               0x08004f9c   Section        0  jtagtap.o(i.gpio_set)
    i.hn_out                                 0x08004fd4   Section        0  main.o(i.hn_out)
    i.jtag_dev_shift_dr                      0x0800502c   Section        0  jtag_scan.o(i.jtag_dev_shift_dr)
    i.jtag_dev_write_ir                      0x080050a0   Section        0  jtag_scan.o(i.jtag_dev_write_ir)
    i.jtag_scan                              0x08005124   Section        0  jtag_scan.o(i.jtag_scan)
    i.jtagtap_init                           0x080057d8   Section        0  jtagtap.o(i.jtagtap_init)
    i.jtagtap_next                           0x08005834   Section        0  jtagtap.o(i.jtagtap_next)
    jtagtap_next                             0x08005835   Thumb Code    90  jtagtap.o(i.jtagtap_next)
    i.jtagtap_reset                          0x08005890   Section        0  jtagtap.o(i.jtagtap_reset)
    jtagtap_reset                            0x08005891   Thumb Code    14  jtagtap.o(i.jtagtap_reset)
    i.jtagtap_tdi_seq                        0x080058a4   Section        0  jtagtap.o(i.jtagtap_tdi_seq)
    jtagtap_tdi_seq                          0x080058a5   Thumb Code   114  jtagtap.o(i.jtagtap_tdi_seq)
    i.jtagtap_tdi_tdo_seq                    0x08005916   Section        0  jtagtap.o(i.jtagtap_tdi_tdo_seq)
    jtagtap_tdi_tdo_seq                      0x08005917   Thumb Code   204  jtagtap.o(i.jtagtap_tdi_tdo_seq)
    i.jtagtap_tms_seq                        0x080059e2   Section        0  jtagtap.o(i.jtagtap_tms_seq)
    jtagtap_tms_seq                          0x080059e3   Thumb Code    78  jtagtap.o(i.jtagtap_tms_seq)
    i.leng                                   0x08005a30   Section        0  main.o(i.leng)
    i.main                                   0x08005a44   Section        0  main.o(i.main)
    i.spi2send8                              0x08005b1c   Section        0  main.o(i.spi2send8)
    i.spi_EPCS_ERASE_BULK                    0x08005b40   Section        0  main.o(i.spi_EPCS_ERASE_BULK)
    i.spi_EPCS_STATUS                        0x08005b64   Section        0  main.o(i.spi_EPCS_STATUS)
    i.spi_EPCS_rd                            0x08005b78   Section        0  main.o(i.spi_EPCS_rd)
    i.spi_EPCS_read                          0x08005bb8   Section        0  main.o(i.spi_EPCS_read)
    i.spi_EPCS_wr_DISABLE                    0x08005c1c   Section        0  main.o(i.spi_EPCS_wr_DISABLE)
    i.spi_EPCS_wr_ENABLE                     0x08005c40   Section        0  main.o(i.spi_EPCS_wr_ENABLE)
    i.spi_EPCS_write                         0x08005c64   Section        0  main.o(i.spi_EPCS_write)
    i.spisend8                               0x08005cc4   Section        0  main.o(i.spisend8)
    i.u_out                                  0x08005ce8   Section        0  main.o(i.u_out)
    i.un_out                                 0x08005d18   Section        0  main.o(i.un_out)
    i.x_out                                  0x08005d40   Section        0  main.o(i.x_out)
    i.xn_out                                 0x08005d70   Section        0  main.o(i.xn_out)
    locale$$code                             0x08005da4   Section       44  lc_ctype_c.o(locale$$code)
    x$fpl$fpinit                             0x08005dd0   Section       10  fpinit.o(x$fpl$fpinit)
    $v0                                      0x08005dd0   Number         0  fpinit.o(x$fpl$fpinit)
    .constdata                               0x08005dda   Section        9  jtag_scan.o(.constdata)
    ones                                     0x08005dda   Data           9  jtag_scan.o(.constdata)
    .constdata                               0x08005de4   Section      288  jtag_devs.o(.constdata)
    .constdata                               0x08005f04   Section        8  stm32f4xx_hal_dma.o(.constdata)
    flagBitshiftOffset                       0x08005f04   Data           8  stm32f4xx_hal_dma.o(.constdata)
    .constdata                               0x08005f0c   Section       24  system_stm32f4xx.o(.constdata)
    .constdata                               0x08005f24   Section       40  _printf_hex_int.o(.constdata)
    uc_hextab                                0x08005f24   Data          20  _printf_hex_int.o(.constdata)
    lc_hextab                                0x08005f38   Data          20  _printf_hex_int.o(.constdata)
    .conststring                             0x08005f4c   Section       69  main.o(.conststring)
    .conststring                             0x08005f94   Section       73  jtag_scan.o(.conststring)
    .conststring                             0x08005fe0   Section      556  jtag_devs.o(.conststring)
    locale$$data                             0x0800622c   Section      272  lc_ctype_c.o(locale$$data)
    __lcctype_c_name                         0x08006230   Data           2  lc_ctype_c.o(locale$$data)
    __lcctype_c_start                        0x08006238   Data           0  lc_ctype_c.o(locale$$data)
    __lcctype_c_end                          0x0800633c   Data           0  lc_ctype_c.o(locale$$data)
    .data                                    0x20000000   Section      147  main.o(.data)
    z                                        0x20000090   Data           1  main.o(.data)
    pn_old                                   0x20000091   Data           1  main.o(.data)
    pn_old                                   0x20000092   Data           1  main.o(.data)
    .data                                    0x20000094   Section        4  jtag_scan.o(.data)
    .data                                    0x20000098   Section        9  stm32f4xx_hal.o(.data)
    .data                                    0x200000a4   Section        4  system_stm32f4xx.o(.data)
    .bss                                     0x200000a8   Section    10350  main.o(.bss)
    .bss                                     0x20002918   Section       20  jtagtap.o(.bss)
    .bss                                     0x2000292c   Section      660  jtag_scan.o(.bss)
    .bss                                     0x20002bc0   Section       96  libspace.o(.bss)
    HEAP                                     0x20002c20   Section      512  startup_stm32f411xe.o(HEAP)
    Heap_Mem                                 0x20002c20   Data         512  startup_stm32f411xe.o(HEAP)
    STACK                                    0x20002e20   Section     1024  startup_stm32f411xe.o(STACK)
    Stack_Mem                                0x20002e20   Data        1024  startup_stm32f411xe.o(STACK)
    __initial_sp                             0x20003220   Data           0  startup_stm32f411xe.o(STACK)

    Global Symbols

    Symbol Name                              Value     Ov Type        Size  Object(Section)

    BuildAttributes$$THM_ISAv4$E$P$D$K$B$S$7EM$VFPi3$EXTD16$VFPS$VFMA$PE$A:L22UL41UL21$X:L11$S22US41US21$IEEE1$IW$USESV6$~STKCKD$USESV7$~SHL$OTIME$ROPI$IEEEJ$EBA8$UX$STANDARDLIB$REQ8$PRES8$EABIv2 0x00000000   Number         0  anon$$obj.o ABSOLUTE
    __ARM_use_no_argv                        0x00000000   Number         0  main.o ABSOLUTE
    _printf_flags                            0x00000000   Number         0  printf_stubs.o ABSOLUTE
    _printf_return_value                     0x00000000   Number         0  printf_stubs.o ABSOLUTE
    _printf_sizespec                         0x00000000   Number         0  printf_stubs.o ABSOLUTE
    _printf_widthprec                        0x00000000   Number         0  printf_stubs.o ABSOLUTE
    __ARM_exceptions_init                     - Undefined Weak Reference
    __alloca_initialize                       - Undefined Weak Reference
    __alloca_longjmp                          - Undefined Weak Reference
    __alloca_setjmp                           - Undefined Weak Reference
    __arm_preinit_                            - Undefined Weak Reference
    __cpp_initialize__aeabi_                  - Undefined Weak Reference
    __cxa_finalize                            - Undefined Weak Reference
    __sigvec_lookup                           - Undefined Weak Reference
    __user_heap_extent                        - Undefined Weak Reference
    _atexit_init                              - Undefined Weak Reference
    _call_atexit_fns                          - Undefined Weak Reference
    _clock_init                               - Undefined Weak Reference
    _fp_trap_init                             - Undefined Weak Reference
    _fp_trap_shutdown                         - Undefined Weak Reference
    _get_lc_collate                           - Undefined Weak Reference
    _get_lc_monetary                          - Undefined Weak Reference
    _get_lc_time                              - Undefined Weak Reference
    _getenv_init                              - Undefined Weak Reference
    _handle_redirection                       - Undefined Weak Reference
    _initio                                   - Undefined Weak Reference
    _mutex_acquire                            - Undefined Weak Reference
    _mutex_free                               - Undefined Weak Reference
    _mutex_release                            - Undefined Weak Reference
    _printf_post_padding                      - Undefined Weak Reference
    _printf_pre_padding                       - Undefined Weak Reference
    _printf_truncate_signed                   - Undefined Weak Reference
    _printf_truncate_unsigned                 - Undefined Weak Reference
    _rand_init                                - Undefined Weak Reference
    _signal_finish                            - Undefined Weak Reference
    _signal_init                              - Undefined Weak Reference
    _terminateio                              - Undefined Weak Reference
    __Vectors_Size                           0x00000198   Number         0  startup_stm32f411xe.o ABSOLUTE
    __Vectors                                0x08000000   Data           4  startup_stm32f411xe.o(RESET)
    __Vectors_End                            0x08000198   Data           0  startup_stm32f411xe.o(RESET)
    __main                                   0x08000199   Thumb Code     8  __main.o(!!!main)
    __scatterload                            0x080001a1   Thumb Code     0  __scatter.o(!!!scatter)
    __scatterload_rt2                        0x080001a1   Thumb Code    44  __scatter.o(!!!scatter)
    __scatterload_rt2_thumb_only             0x080001a1   Thumb Code     0  __scatter.o(!!!scatter)
    __scatterload_null                       0x080001af   Thumb Code     0  __scatter.o(!!!scatter)
    __scatterload_copy                       0x080001d5   Thumb Code    26  __scatter_copy.o(!!handler_copy)
    __scatterload_zeroinit                   0x080001f1   Thumb Code    28  __scatter_zi.o(!!handler_zi)
    _printf_percent                          0x0800020d   Thumb Code     0  _printf_percent.o(.ARM.Collect$$_printf_percent$$00000000)
    _printf_u                                0x0800020d   Thumb Code     0  _printf_u.o(.ARM.Collect$$_printf_percent$$0000000A)
    _printf_x                                0x08000213   Thumb Code     0  _printf_x.o(.ARM.Collect$$_printf_percent$$0000000C)
    _printf_percent_end                      0x08000219   Thumb Code     0  _printf_percent_end.o(.ARM.Collect$$_printf_percent$$00000017)
    __rt_lib_init                            0x0800021d   Thumb Code     0  libinit.o(.ARM.Collect$$libinit$$00000000)
    __rt_lib_init_fp_1                       0x0800021f   Thumb Code     0  libinit2.o(.ARM.Collect$$libinit$$00000001)
    __rt_lib_init_heap_1                     0x08000223   Thumb Code     0  libinit2.o(.ARM.Collect$$libinit$$0000000A)
    __rt_lib_init_lc_common                  0x08000223   Thumb Code     0  libinit2.o(.ARM.Collect$$libinit$$0000000F)
    __rt_lib_init_preinit_1                  0x08000223   Thumb Code     0  libinit2.o(.ARM.Collect$$libinit$$00000004)
    __rt_lib_init_rand_1                     0x08000223   Thumb Code     0  libinit2.o(.ARM.Collect$$libinit$$0000000E)
    __rt_lib_init_user_alloc_1               0x08000223   Thumb Code     0  libinit2.o(.ARM.Collect$$libinit$$0000000C)
    __rt_lib_init_lc_collate_1               0x08000229   Thumb Code     0  libinit2.o(.ARM.Collect$$libinit$$00000011)
    __rt_lib_init_lc_ctype_2                 0x08000229   Thumb Code     0  libinit2.o(.ARM.Collect$$libinit$$00000012)
    __rt_lib_init_alloca_1                   0x08000235   Thumb Code     0  libinit2.o(.ARM.Collect$$libinit$$0000002E)
    __rt_lib_init_argv_1                     0x08000235   Thumb Code     0  libinit2.o(.ARM.Collect$$libinit$$0000002C)
    __rt_lib_init_atexit_1                   0x08000235   Thumb Code     0  libinit2.o(.ARM.Collect$$libinit$$0000001B)
    __rt_lib_init_clock_1                    0x08000235   Thumb Code     0  libinit2.o(.ARM.Collect$$libinit$$00000021)
    __rt_lib_init_cpp_1                      0x08000235   Thumb Code     0  libinit2.o(.ARM.Collect$$libinit$$00000032)
    __rt_lib_init_exceptions_1               0x08000235   Thumb Code     0  libinit2.o(.ARM.Collect$$libinit$$00000030)
    __rt_lib_init_fp_trap_1                  0x08000235   Thumb Code     0  libinit2.o(.ARM.Collect$$libinit$$0000001F)
    __rt_lib_init_getenv_1                   0x08000235   Thumb Code     0  libinit2.o(.ARM.Collect$$libinit$$00000023)
    __rt_lib_init_lc_ctype_1                 0x08000235   Thumb Code     0  libinit2.o(.ARM.Collect$$libinit$$00000013)
    __rt_lib_init_lc_monetary_1              0x08000235   Thumb Code     0  libinit2.o(.ARM.Collect$$libinit$$00000015)
    __rt_lib_init_lc_numeric_1               0x08000235   Thumb Code     0  libinit2.o(.ARM.Collect$$libinit$$00000017)
    __rt_lib_init_lc_time_1                  0x08000235   Thumb Code     0  libinit2.o(.ARM.Collect$$libinit$$00000019)
    __rt_lib_init_return                     0x08000235   Thumb Code     0  libinit2.o(.ARM.Collect$$libinit$$00000033)
    __rt_lib_init_signal_1                   0x08000235   Thumb Code     0  libinit2.o(.ARM.Collect$$libinit$$0000001D)
    __rt_lib_init_stdio_1                    0x08000235   Thumb Code     0  libinit2.o(.ARM.Collect$$libinit$$00000025)
    __rt_lib_shutdown                        0x08000237   Thumb Code     0  libshutdown.o(.ARM.Collect$$libshutdown$$00000000)
    __rt_lib_shutdown_fp_trap_1              0x08000239   Thumb Code     0  libshutdown2.o(.ARM.Collect$$libshutdown$$00000006)
    __rt_lib_shutdown_heap_1                 0x08000239   Thumb Code     0  libshutdown2.o(.ARM.Collect$$libshutdown$$0000000E)
    __rt_lib_shutdown_return                 0x08000239   Thumb Code     0  libshutdown2.o(.ARM.Collect$$libshutdown$$0000000F)
    __rt_lib_shutdown_signal_1               0x08000239   Thumb Code     0  libshutdown2.o(.ARM.Collect$$libshutdown$$00000009)
    __rt_lib_shutdown_stdio_1                0x08000239   Thumb Code     0  libshutdown2.o(.ARM.Collect$$libshutdown$$00000003)
    __rt_lib_shutdown_user_alloc_1           0x08000239   Thumb Code     0  libshutdown2.o(.ARM.Collect$$libshutdown$$0000000B)
    __rt_entry                               0x0800023b   Thumb Code     0  __rtentry.o(.ARM.Collect$$rtentry$$00000000)
    __rt_entry_presh_1                       0x0800023b   Thumb Code     0  __rtentry2.o(.ARM.Collect$$rtentry$$00000002)
    __rt_entry_sh                            0x0800023b   Thumb Code     0  __rtentry4.o(.ARM.Collect$$rtentry$$00000004)
    __rt_entry_li                            0x08000241   Thumb Code     0  __rtentry2.o(.ARM.Collect$$rtentry$$0000000A)
    __rt_entry_postsh_1                      0x08000241   Thumb Code     0  __rtentry2.o(.ARM.Collect$$rtentry$$00000009)
    __rt_entry_main                          0x08000245   Thumb Code     0  __rtentry2.o(.ARM.Collect$$rtentry$$0000000D)
    __rt_entry_postli_1                      0x08000245   Thumb Code     0  __rtentry2.o(.ARM.Collect$$rtentry$$0000000C)
    __rt_exit                                0x0800024d   Thumb Code     0  rtexit.o(.ARM.Collect$$rtexit$$00000000)
    __rt_exit_ls                             0x0800024f   Thumb Code     0  rtexit2.o(.ARM.Collect$$rtexit$$00000003)
    __rt_exit_prels_1                        0x0800024f   Thumb Code     0  rtexit2.o(.ARM.Collect$$rtexit$$00000002)
    __rt_exit_exit                           0x08000253   Thumb Code     0  rtexit2.o(.ARM.Collect$$rtexit$$00000004)
    Reset_Handler                            0x08000259   Thumb Code     8  startup_stm32f411xe.o(.text)
    ADC_IRQHandler                           0x08000273   Thumb Code     0  startup_stm32f411xe.o(.text)
    DMA1_Stream0_IRQHandler                  0x08000273   Thumb Code     0  startup_stm32f411xe.o(.text)
    DMA1_Stream1_IRQHandler                  0x08000273   Thumb Code     0  startup_stm32f411xe.o(.text)
    DMA1_Stream2_IRQHandler                  0x08000273   Thumb Code     0  startup_stm32f411xe.o(.text)
    DMA1_Stream6_IRQHandler                  0x08000273   Thumb Code     0  startup_stm32f411xe.o(.text)
    DMA1_Stream7_IRQHandler                  0x08000273   Thumb Code     0  startup_stm32f411xe.o(.text)
    DMA2_Stream0_IRQHandler                  0x08000273   Thumb Code     0  startup_stm32f411xe.o(.text)
    DMA2_Stream1_IRQHandler                  0x08000273   Thumb Code     0  startup_stm32f411xe.o(.text)
    DMA2_Stream2_IRQHandler                  0x08000273   Thumb Code     0  startup_stm32f411xe.o(.text)
    DMA2_Stream3_IRQHandler                  0x08000273   Thumb Code     0  startup_stm32f411xe.o(.text)
    DMA2_Stream4_IRQHandler                  0x08000273   Thumb Code     0  startup_stm32f411xe.o(.text)
    DMA2_Stream5_IRQHandler                  0x08000273   Thumb Code     0  startup_stm32f411xe.o(.text)
    DMA2_Stream6_IRQHandler                  0x08000273   Thumb Code     0  startup_stm32f411xe.o(.text)
    EXTI0_IRQHandler                         0x08000273   Thumb Code     0  startup_stm32f411xe.o(.text)
    EXTI15_10_IRQHandler                     0x08000273   Thumb Code     0  startup_stm32f411xe.o(.text)
    EXTI1_IRQHandler                         0x08000273   Thumb Code     0  startup_stm32f411xe.o(.text)
    EXTI2_IRQHandler                         0x08000273   Thumb Code     0  startup_stm32f411xe.o(.text)
    EXTI3_IRQHandler                         0x08000273   Thumb Code     0  startup_stm32f411xe.o(.text)
    EXTI4_IRQHandler                         0x08000273   Thumb Code     0  startup_stm32f411xe.o(.text)
    EXTI9_5_IRQHandler                       0x08000273   Thumb Code     0  startup_stm32f411xe.o(.text)
    FLASH_IRQHandler                         0x08000273   Thumb Code     0  startup_stm32f411xe.o(.text)
    FPU_IRQHandler                           0x08000273   Thumb Code     0  startup_stm32f411xe.o(.text)
    I2C1_ER_IRQHandler                       0x08000273   Thumb Code     0  startup_stm32f411xe.o(.text)
    I2C1_EV_IRQHandler                       0x08000273   Thumb Code     0  startup_stm32f411xe.o(.text)
    I2C2_ER_IRQHandler                       0x08000273   Thumb Code     0  startup_stm32f411xe.o(.text)
    I2C2_EV_IRQHandler                       0x08000273   Thumb Code     0  startup_stm32f411xe.o(.text)
    I2C3_ER_IRQHandler                       0x08000273   Thumb Code     0  startup_stm32f411xe.o(.text)
    I2C3_EV_IRQHandler                       0x08000273   Thumb Code     0  startup_stm32f411xe.o(.text)
    OTG_FS_IRQHandler                        0x08000273   Thumb Code     0  startup_stm32f411xe.o(.text)
    OTG_FS_WKUP_IRQHandler                   0x08000273   Thumb Code     0  startup_stm32f411xe.o(.text)
    PVD_IRQHandler                           0x08000273   Thumb Code     0  startup_stm32f411xe.o(.text)
    RCC_IRQHandler                           0x08000273   Thumb Code     0  startup_stm32f411xe.o(.text)
    RTC_Alarm_IRQHandler                     0x08000273   Thumb Code     0  startup_stm32f411xe.o(.text)
    RTC_WKUP_IRQHandler                      0x08000273   Thumb Code     0  startup_stm32f411xe.o(.text)
    SDIO_IRQHandler                          0x08000273   Thumb Code     0  startup_stm32f411xe.o(.text)
    SPI1_IRQHandler                          0x08000273   Thumb Code     0  startup_stm32f411xe.o(.text)
    SPI2_IRQHandler                          0x08000273   Thumb Code     0  startup_stm32f411xe.o(.text)
    SPI3_IRQHandler                          0x08000273   Thumb Code     0  startup_stm32f411xe.o(.text)
    SPI4_IRQHandler                          0x08000273   Thumb Code     0  startup_stm32f411xe.o(.text)
    SPI5_IRQHandler                          0x08000273   Thumb Code     0  startup_stm32f411xe.o(.text)
    TAMP_STAMP_IRQHandler                    0x08000273   Thumb Code     0  startup_stm32f411xe.o(.text)
    TIM1_BRK_TIM9_IRQHandler                 0x08000273   Thumb Code     0  startup_stm32f411xe.o(.text)
    TIM1_CC_IRQHandler                       0x08000273   Thumb Code     0  startup_stm32f411xe.o(.text)
    TIM1_TRG_COM_TIM11_IRQHandler            0x08000273   Thumb Code     0  startup_stm32f411xe.o(.text)
    TIM1_UP_TIM10_IRQHandler                 0x08000273   Thumb Code     0  startup_stm32f411xe.o(.text)
    TIM2_IRQHandler                          0x08000273   Thumb Code     0  startup_stm32f411xe.o(.text)
    TIM3_IRQHandler                          0x08000273   Thumb Code     0  startup_stm32f411xe.o(.text)
    TIM4_IRQHandler                          0x08000273   Thumb Code     0  startup_stm32f411xe.o(.text)
    TIM5_IRQHandler                          0x08000273   Thumb Code     0  startup_stm32f411xe.o(.text)
    USART2_IRQHandler                        0x08000273   Thumb Code     0  startup_stm32f411xe.o(.text)
    USART6_IRQHandler                        0x08000273   Thumb Code     0  startup_stm32f411xe.o(.text)
    WWDG_IRQHandler                          0x08000273   Thumb Code     0  startup_stm32f411xe.o(.text)
    __user_initial_stackheap                 0x08000275   Thumb Code     0  startup_stm32f411xe.o(.text)
    __aeabi_uldivmod                         0x08000299   Thumb Code     0  lludivv7m.o(.text)
    _ll_udiv                                 0x08000299   Thumb Code   238  lludivv7m.o(.text)
    __aeabi_llsr                             0x08000387   Thumb Code     0  llushr.o(.text)
    _ll_ushift_r                             0x08000387   Thumb Code    38  llushr.o(.text)
    __2sprintf                               0x080003ad   Thumb Code    38  __2sprintf.o(.text)
    _printf_int_dec                          0x080003d9   Thumb Code   104  _printf_dec.o(.text)
    _printf_int_hex                          0x08000451   Thumb Code    84  _printf_hex_int.o(.text)
    _printf_longlong_hex                     0x08000451   Thumb Code     0  _printf_hex_int.o(.text)
    __printf                                 0x080004a9   Thumb Code   270  __printf_wp.o(.text)
    atoi                                     0x080005b7   Thumb Code    26  atoi.o(.text)
    strtol                                   0x080005d1   Thumb Code   112  strtol.o(.text)
    strlen                                   0x08000641   Thumb Code    62  strlen.o(.text)
    __aeabi_memclr4                          0x0800067f   Thumb Code     0  rt_memclr_w.o(.text)
    __aeabi_memclr8                          0x0800067f   Thumb Code     0  rt_memclr_w.o(.text)
    __rt_memclr_w                            0x0800067f   Thumb Code    78  rt_memclr_w.o(.text)
    _memset_w                                0x08000683   Thumb Code     0  rt_memclr_w.o(.text)
    strcmp                                   0x080006cd   Thumb Code   128  strcmpv7m.o(.text)
    __use_two_region_memory                  0x0800074d   Thumb Code     2  heapauxi.o(.text)
    __rt_heap_escrow                         0x0800074f   Thumb Code     2  heapauxi.o(.text)
    __rt_heap_expand                         0x08000751   Thumb Code     2  heapauxi.o(.text)
    _sys_exit                                0x08000755   Thumb Code     8  sys_exit.o(.text)
    __rt_ctype_table                         0x08000761   Thumb Code    16  rt_ctype_table.o(.text)
    __aeabi_errno_addr                       0x08000771   Thumb Code     8  rt_errno_addr_intlibspace.o(.text)
    __errno$intlibspace                      0x08000771   Thumb Code     0  rt_errno_addr_intlibspace.o(.text)
    __rt_errno_addr$intlibspace              0x08000771   Thumb Code     0  rt_errno_addr_intlibspace.o(.text)
    _printf_int_common                       0x08000779   Thumb Code   178  _printf_intcommon.o(.text)
    _printf_char_common                      0x08000837   Thumb Code    32  _printf_char_common.o(.text)
    _sputc                                   0x0800085d   Thumb Code    10  _sputc.o(.text)
    _strtoul                                 0x08000867   Thumb Code   158  _strtoul.o(.text)
    __user_libspace                          0x08000905   Thumb Code     8  libspace.o(.text)
    __user_perproc_libspace                  0x08000905   Thumb Code     0  libspace.o(.text)
    __user_perthread_libspace                0x08000905   Thumb Code     0  libspace.o(.text)
    __I$use$semihosting                      0x0800090d   Thumb Code     0  use_no_semi.o(.text)
    __use_no_semihosting_swi                 0x0800090d   Thumb Code     2  use_no_semi.o(.text)
    __semihosting_library_function           0x0800090f   Thumb Code     0  indicate_semi.o(.text)
    __rt_locale                              0x08000911   Thumb Code     8  rt_locale_intlibspace.o(.text)
    _chval                                   0x08000919   Thumb Code    28  _chval.o(.text)
    __user_setup_stackheap                   0x08000935   Thumb Code    74  sys_stackheap_outer.o(.text)
    exit                                     0x0800097f   Thumb Code    12  exit.o(.text)
    BTN1                                     0x0800098d   Thumb Code    34  main.o(i.BTN1)
    BTN2                                     0x080009c5   Thumb Code    34  main.o(i.BTN2)
    BusFault_Handler                         0x080009fd   Thumb Code     4  stm32f4xx_it.o(i.BusFault_Handler)
    DMA1_Stream3_IRQHandler                  0x08000a01   Thumb Code    10  stm32f4xx_it.o(i.DMA1_Stream3_IRQHandler)
    DMA1_Stream4_IRQHandler                  0x08000a11   Thumb Code    10  stm32f4xx_it.o(i.DMA1_Stream4_IRQHandler)
    DMA1_Stream5_IRQHandler                  0x08000a21   Thumb Code    10  stm32f4xx_it.o(i.DMA1_Stream5_IRQHandler)
    DMA2_Stream7_IRQHandler                  0x08000a31   Thumb Code    20  stm32f4xx_it.o(i.DMA2_Stream7_IRQHandler)
    DebugMon_Handler                         0x08000b5b   Thumb Code     2  stm32f4xx_it.o(i.DebugMon_Handler)
    Delay                                    0x08000b5d   Thumb Code    16  main.o(i.Delay)
    EPCS_WR                                  0x08000b71   Thumb Code   466  main.o(i.EPCS_WR)
    Error_Handler                            0x08000d5d   Thumb Code     2  main.o(i.Error_Handler)
    Exit1_IR                                 0x08000d61   Thumb Code    48  jtag_my.o(i.Exit1_IR)
    GET_DATA                                 0x08000d95   Thumb Code    82  jtag_my.o(i.GET_DATA)
    HAL_DMA_Abort_IT                         0x08000ded   Thumb Code    40  stm32f4xx_hal_dma.o(i.HAL_DMA_Abort_IT)
    HAL_DMA_IRQHandler                       0x08000e15   Thumb Code   570  stm32f4xx_hal_dma.o(i.HAL_DMA_IRQHandler)
    HAL_DMA_Init                             0x08001055   Thumb Code   232  stm32f4xx_hal_dma.o(i.HAL_DMA_Init)
    HAL_DMA_Start_IT                         0x08001141   Thumb Code   146  stm32f4xx_hal_dma.o(i.HAL_DMA_Start_IT)
    HAL_GPIO_Init                            0x080011d5   Thumb Code   436  stm32f4xx_hal_gpio.o(i.HAL_GPIO_Init)
    HAL_GPIO_ReadPin                         0x080013a9   Thumb Code    16  stm32f4xx_hal_gpio.o(i.HAL_GPIO_ReadPin)
    HAL_GPIO_WritePin                        0x080013b9   Thumb Code    12  stm32f4xx_hal_gpio.o(i.HAL_GPIO_WritePin)
    HAL_GetTick                              0x080013c5   Thumb Code     6  stm32f4xx_hal.o(i.HAL_GetTick)
    HAL_IncTick                              0x080013d1   Thumb Code    16  stm32f4xx_hal.o(i.HAL_IncTick)
    HAL_Init                                 0x080013e9   Thumb Code    54  stm32f4xx_hal.o(i.HAL_Init)
    HAL_InitTick                             0x08001425   Thumb Code    64  stm32f4xx_hal.o(i.HAL_InitTick)
    HAL_MspInit                              0x08001471   Thumb Code    68  stm32f4xx_hal_msp.o(i.HAL_MspInit)
    HAL_NVIC_EnableIRQ                       0x080014b9   Thumb Code    32  stm32f4xx_hal_cortex.o(i.HAL_NVIC_EnableIRQ)
    HAL_NVIC_SetPriority                     0x080014d9   Thumb Code   124  stm32f4xx_hal_cortex.o(i.HAL_NVIC_SetPriority)
    HAL_NVIC_SetPriorityGrouping             0x08001555   Thumb Code    32  stm32f4xx_hal_cortex.o(i.HAL_NVIC_SetPriorityGrouping)
    HAL_RCC_ClockConfig                      0x0800157d   Thumb Code   368  stm32f4xx_hal_rcc.o(i.HAL_RCC_ClockConfig)
    HAL_RCC_GetHCLKFreq                      0x08001701   Thumb Code     6  stm32f4xx_hal_rcc.o(i.HAL_RCC_GetHCLKFreq)
    HAL_RCC_GetPCLK1Freq                     0x0800170d   Thumb Code    22  stm32f4xx_hal_rcc.o(i.HAL_RCC_GetPCLK1Freq)
    HAL_RCC_GetPCLK2Freq                     0x0800172d   Thumb Code    22  stm32f4xx_hal_rcc.o(i.HAL_RCC_GetPCLK2Freq)
    HAL_RCC_GetSysClockFreq                  0x0800174d   Thumb Code   162  stm32f4xx_hal_rcc.o(i.HAL_RCC_GetSysClockFreq)
    HAL_RCC_OscConfig                        0x080017fd   Thumb Code  1152  stm32f4xx_hal_rcc.o(i.HAL_RCC_OscConfig)
    HAL_SPI_Init                             0x08001c85   Thumb Code   140  stm32f4xx_hal_spi.o(i.HAL_SPI_Init)
    HAL_SPI_MspInit                          0x08001d11   Thumb Code   406  stm32f4xx_hal_msp.o(i.HAL_SPI_MspInit)
    HAL_SPI_TransmitReceive                  0x08001ecd   Thumb Code   554  stm32f4xx_hal_spi.o(i.HAL_SPI_TransmitReceive)
    HAL_SYSTICK_Config                       0x080020f7   Thumb Code    52  stm32f4xx_hal_cortex.o(i.HAL_SYSTICK_Config)
    HAL_TIMEx_ConfigBreakDeadTime            0x0800212b   Thumb Code   116  stm32f4xx_hal_tim_ex.o(i.HAL_TIMEx_ConfigBreakDeadTime)
    HAL_TIMEx_MasterConfigSynchronization    0x080021a1   Thumb Code   134  stm32f4xx_hal_tim_ex.o(i.HAL_TIMEx_MasterConfigSynchronization)
    HAL_TIM_Base_Init                        0x0800223d   Thumb Code    52  stm32f4xx_hal_tim.o(i.HAL_TIM_Base_Init)
    HAL_TIM_Base_MspInit                     0x08002271   Thumb Code    88  stm32f4xx_hal_msp.o(i.HAL_TIM_Base_MspInit)
    HAL_TIM_ConfigClockSource                0x080022d1   Thumb Code   264  stm32f4xx_hal_tim.o(i.HAL_TIM_ConfigClockSource)
    HAL_TIM_MspPostInit                      0x080023d9   Thumb Code   154  stm32f4xx_hal_msp.o(i.HAL_TIM_MspPostInit)
    HAL_TIM_PWM_ConfigChannel                0x08002485   Thumb Code   264  stm32f4xx_hal_tim.o(i.HAL_TIM_PWM_ConfigChannel)
    HAL_TIM_PWM_Init                         0x0800258d   Thumb Code    52  stm32f4xx_hal_tim.o(i.HAL_TIM_PWM_Init)
    HAL_TIM_PWM_MspInit                      0x080025c1   Thumb Code     2  stm32f4xx_hal_tim.o(i.HAL_TIM_PWM_MspInit)
    HAL_TIM_PWM_Start                        0x080025c5   Thumb Code    72  stm32f4xx_hal_tim.o(i.HAL_TIM_PWM_Start)
    HAL_UART_ErrorCallback                   0x08002611   Thumb Code     2  stm32f4xx_hal_uart.o(i.HAL_UART_ErrorCallback)
    HAL_UART_GetState                        0x08002613   Thumb Code    20  stm32f4xx_hal_uart.o(i.HAL_UART_GetState)
    HAL_UART_IRQHandler                      0x08002629   Thumb Code   336  stm32f4xx_hal_uart.o(i.HAL_UART_IRQHandler)
    HAL_UART_Init                            0x0800277d   Thumb Code   114  stm32f4xx_hal_uart.o(i.HAL_UART_Init)
    HAL_UART_MspInit                         0x080027f1   Thumb Code   200  stm32f4xx_hal_msp.o(i.HAL_UART_MspInit)
    HAL_UART_Receive_IT                      0x080028cd   Thumb Code   112  stm32f4xx_hal_uart.o(i.HAL_UART_Receive_IT)
    HAL_UART_RxCpltCallback                  0x0800293d   Thumb Code    72  main.o(i.HAL_UART_RxCpltCallback)
    HAL_UART_Transmit_DMA                    0x0800299d   Thumb Code   142  stm32f4xx_hal_uart.o(i.HAL_UART_Transmit_DMA)
    HAL_UART_TxCpltCallback                  0x08002a39   Thumb Code     2  stm32f4xx_hal_uart.o(i.HAL_UART_TxCpltCallback)
    HAL_UART_TxHalfCpltCallback              0x08002a3b   Thumb Code     2  stm32f4xx_hal_uart.o(i.HAL_UART_TxHalfCpltCallback)
    HardFault_Handler                        0x08002a3d   Thumb Code     4  stm32f4xx_it.o(i.HardFault_Handler)
    ID_recive                                0x08002a41   Thumb Code   224  jtag_my.o(i.ID_recive)
    IO                                       0x08002b31   Thumb Code  2154  main.o(i.IO)
    JTAG_SCAN                                0x080035d5   Thumb Code   106  jtag_my.o(i.JTAG_SCAN)
    LED                                      0x08003651   Thumb Code    60  main.o(i.LED)
    LED_OFF                                  0x08003699   Thumb Code    44  main.o(i.LED_OFF)
    MemManage_Handler                        0x08003ad5   Thumb Code     4  stm32f4xx_it.o(i.MemManage_Handler)
    Menu1                                    0x08003ad9   Thumb Code   230  main.o(i.Menu1)
    NMI_Handler                              0x08003e61   Thumb Code     2  stm32f4xx_it.o(i.NMI_Handler)
    PIN_control_PD13                         0x08003e65   Thumb Code    40  main.o(i.PIN_control_PD13)
    PIN_control_PD15                         0x08003e95   Thumb Code    40  main.o(i.PIN_control_PD15)
    PendSV_Handler                           0x08003ec5   Thumb Code     2  stm32f4xx_it.o(i.PendSV_Handler)
    RUN_TEST_IDLE                            0x08003ec9   Thumb Code    62  jtag_my.o(i.RUN_TEST_IDLE)
    SCAN_N                                   0x08003f0d   Thumb Code   148  jtag_my.o(i.SCAN_N)
    SVC_Handler                              0x080040b9   Thumb Code     2  stm32f4xx_it.o(i.SVC_Handler)
    Shift_DR                                 0x080040bd   Thumb Code   152  jtag_my.o(i.Shift_DR)
    Shift_IR                                 0x08004159   Thumb Code   184  jtag_my.o(i.Shift_IR)
    SysTick_Handler                          0x08004215   Thumb Code   104  stm32f4xx_it.o(i.SysTick_Handler)
    SystemClock_Config                       0x08004299   Thumb Code   172  main.o(i.SystemClock_Config)
    SystemInit                               0x0800434d   Thumb Code    24  system_stm32f4xx.o(i.SystemInit)
    TIM_Base_SetConfig                       0x08004369   Thumb Code   134  stm32f4xx_hal_tim.o(i.TIM_Base_SetConfig)
    TIM_CCxChannelCmd                        0x0800440d   Thumb Code    34  stm32f4xx_hal_tim.o(i.TIM_CCxChannelCmd)
    TIM_ETR_SetConfig                        0x0800442f   Thumb Code    22  stm32f4xx_hal_tim.o(i.TIM_ETR_SetConfig)
    TIM_OC2_SetConfig                        0x080044b9   Thumb Code   100  stm32f4xx_hal_tim.o(i.TIM_OC2_SetConfig)
    TLR                                      0x08004621   Thumb Code    60  jtag_my.o(i.TLR)
    TST                                      0x08004661   Thumb Code    70  adiv5_jtagdp.o(i.TST)
    Transf                                   0x080046b5   Thumb Code    86  main.o(i.Transf)
    UART_DMA_TX                              0x080047c1   Thumb Code    78  main.o(i.UART_DMA_TX)
    UART_conrol                              0x08004d71   Thumb Code    86  main.o(i.UART_conrol)
    USART1_IRQHandler                        0x08004dd5   Thumb Code    10  stm32f4xx_it.o(i.USART1_IRQHandler)
    Update_IR                                0x08004de5   Thumb Code    48  jtag_my.o(i.Update_IR)
    UsageFault_Handler                       0x08004e19   Thumb Code     4  stm32f4xx_it.o(i.UsageFault_Handler)
    _is_digit                                0x08004e55   Thumb Code    14  __printf_wp.o(i._is_digit)
    fw_adiv5_jtagdp_low_access               0x08004e65   Thumb Code   126  adiv5_jtagdp.o(i.fw_adiv5_jtagdp_low_access)
    fw_adiv5_jtagdp_read                     0x08004ee9   Thumb Code    32  adiv5_jtagdp.o(i.fw_adiv5_jtagdp_read)
    getchar1                                 0x08004f09   Thumb Code    50  main.o(i.getchar1)
    gpio_clear                               0x08004f49   Thumb Code    54  jtagtap.o(i.gpio_clear)
    gpio_get                                 0x08004f85   Thumb Code    18  jtagtap.o(i.gpio_get)
    gpio_set                                 0x08004f9d   Thumb Code    50  jtagtap.o(i.gpio_set)
    hn_out                                   0x08004fd5   Thumb Code    70  main.o(i.hn_out)
    jtag_dev_shift_dr                        0x0800502d   Thumb Code   108  jtag_scan.o(i.jtag_dev_shift_dr)
    jtag_dev_write_ir                        0x080050a1   Thumb Code   114  jtag_scan.o(i.jtag_dev_write_ir)
    jtag_scan                                0x08005125   Thumb Code  1590  jtag_scan.o(i.jtag_scan)
    jtagtap_init                             0x080057d9   Thumb Code    66  jtagtap.o(i.jtagtap_init)
    leng                                     0x08005a31   Thumb Code    20  main.o(i.leng)
    main                                     0x08005a45   Thumb Code   156  main.o(i.main)
    spi2send8                                0x08005b1d   Thumb Code    32  main.o(i.spi2send8)
    spi_EPCS_ERASE_BULK                      0x08005b41   Thumb Code    30  main.o(i.spi_EPCS_ERASE_BULK)
    spi_EPCS_STATUS                          0x08005b65   Thumb Code    18  main.o(i.spi_EPCS_STATUS)
    spi_EPCS_rd                              0x08005b79   Thumb Code    60  main.o(i.spi_EPCS_rd)
    spi_EPCS_read                            0x08005bb9   Thumb Code    90  main.o(i.spi_EPCS_read)
    spi_EPCS_wr_DISABLE                      0x08005c1d   Thumb Code    30  main.o(i.spi_EPCS_wr_DISABLE)
    spi_EPCS_wr_ENABLE                       0x08005c41   Thumb Code    30  main.o(i.spi_EPCS_wr_ENABLE)
    spi_EPCS_write                           0x08005c65   Thumb Code    88  main.o(i.spi_EPCS_write)
    spisend8                                 0x08005cc5   Thumb Code    32  main.o(i.spisend8)
    u_out                                    0x08005ce9   Thumb Code    36  main.o(i.u_out)
    un_out                                   0x08005d19   Thumb Code    30  main.o(i.un_out)
    x_out                                    0x08005d41   Thumb Code    36  main.o(i.x_out)
    xn_out                                   0x08005d71   Thumb Code    40  main.o(i.xn_out)
    _get_lc_ctype                            0x08005da5   Thumb Code    44  lc_ctype_c.o(locale$$code)
    _fp_init                                 0x08005dd1   Thumb Code    10  fpinit.o(x$fpl$fpinit)
    __fplib_config_fpu_vfp                   0x08005dd9   Thumb Code     0  fpinit.o(x$fpl$fpinit)
    __fplib_config_pureend_doubles           0x08005dd9   Thumb Code     0  fpinit.o(x$fpl$fpinit)
    dev_descr                                0x08005de4   Data         288  jtag_devs.o(.constdata)
    AHBPrescTable                            0x08005f0c   Data          16  system_stm32f4xx.o(.constdata)
    APBPrescTable                            0x08005f1c   Data           8  system_stm32f4xx.o(.constdata)
    Region$$Table$$Base                      0x0800620c   Number         0  anon$$obj.o(Region$$Table)
    Region$$Table$$Limit                     0x0800622c   Number         0  anon$$obj.o(Region$$Table)
    __ctype                                  0x08006239   Data           0  lc_ctype_c.o(locale$$data)
    TIME_SYS                                 0x20000000   Data           4  main.o(.data)
    TIME_TEST                                0x20000004   Data           4  main.o(.data)
    FLAG_T1                                  0x20000008   Data           4  main.o(.data)
    FLAG_T2                                  0x2000000c   Data           4  main.o(.data)
    TIMER1                                   0x20000010   Data           4  main.o(.data)
    TIMER2                                   0x20000014   Data           4  main.o(.data)
    SysTickDelay                             0x20000018   Data           4  main.o(.data)
    RX_uBUF                                  0x2000001c   Data           1  main.o(.data)
    timer_DMA2                               0x20000020   Data           4  main.o(.data)
    flag_pachka_TXT                          0x20000024   Data           1  main.o(.data)
    text_lengh                               0x20000026   Data           2  main.o(.data)
    rx_wr_index1                             0x20000028   Data           4  main.o(.data)
    rx_rd_index1                             0x2000002c   Data           4  main.o(.data)
    rx_counter1                              0x20000030   Data           4  main.o(.data)
    rx_buffer_overflow1                      0x20000034   Data           1  main.o(.data)
    lsr                                      0x20000035   Data           1  main.o(.data)
    lk                                       0x20000036   Data           1  main.o(.data)
    led_tick                                 0x20000038   Data           4  main.o(.data)
    Master_flag                              0x2000003c   Data           1  main.o(.data)
    lsym                                     0x2000003d   Data           1  main.o(.data)
    sym                                      0x2000003e   Data           1  main.o(.data)
    flag                                     0x2000003f   Data           1  main.o(.data)
    NB                                       0x20000040   Data           1  main.o(.data)
    Adress                                   0x20000041   Data           1  main.o(.data)
    packet_sum                               0x20000042   Data           1  main.o(.data)
    crc                                      0x20000043   Data           1  main.o(.data)
    comanda                                  0x20000044   Data           1  main.o(.data)
    ink1                                     0x20000045   Data           1  main.o(.data)
    data_in                                  0x20000046   Data           1  main.o(.data)
    lenght                                   0x20000048   Data           2  main.o(.data)
    SCH_LENGHT_PACKET                        0x2000004a   Data           2  main.o(.data)
    index1                                   0x2000004c   Data           4  main.o(.data)
    crc_ok                                   0x20000050   Data           1  main.o(.data)
    packet_ok                                0x20000051   Data           1  main.o(.data)
    packet_flag                              0x20000052   Data           1  main.o(.data)
    indexZ                                   0x20000054   Data           4  main.o(.data)
    index_word                               0x20000058   Data           4  main.o(.data)
    index_data_word                          0x2000005c   Data           4  main.o(.data)
    index_data_word2                         0x20000060   Data           4  main.o(.data)
    lenght_data                              0x20000064   Data           4  main.o(.data)
    data_flag                                0x20000068   Data           1  main.o(.data)
    data_flag2                               0x20000069   Data           1  main.o(.data)
    FLAG_lenght                              0x2000006a   Data           1  main.o(.data)
    sch_lenght_data                          0x2000006c   Data           4  main.o(.data)
    FLAG_DATA                                0x20000070   Data           1  main.o(.data)
    FLAG_CW                                  0x20000071   Data           1  main.o(.data)
    time_uart                                0x20000072   Data           2  main.o(.data)
    flag_pcf                                 0x20000074   Data           1  main.o(.data)
    lsym1                                    0x20000075   Data           1  main.o(.data)
    pack_ok1                                 0x20000076   Data           1  main.o(.data)
    pack_sum1                                0x20000077   Data           1  main.o(.data)
    sym1                                     0x20000078   Data           1  main.o(.data)
    EVENT_INT0                               0x20000079   Data           1  main.o(.data)
    EVENT_INT1                               0x2000007a   Data           1  main.o(.data)
    EVENT_INT2                               0x2000007b   Data           1  main.o(.data)
    EVENT_INT3                               0x2000007c   Data           1  main.o(.data)
    EVENT_INT4                               0x2000007d   Data           1  main.o(.data)
    EVENT_INT5                               0x2000007e   Data           1  main.o(.data)
    EVENT_INT6                               0x2000007f   Data           1  main.o(.data)
    EVENT_INT7                               0x20000080   Data           1  main.o(.data)
    EVENT_INT8                               0x20000081   Data           1  main.o(.data)
    HIGH_ADDRES_FLASH                        0x20000084   Data           4  main.o(.data)
    crc_input                                0x20000088   Data           4  main.o(.data)
    crc_comp                                 0x2000008c   Data           4  main.o(.data)
    jtag_dev_count                           0x20000094   Data           4  jtag_scan.o(.data)
    uwTick                                   0x20000098   Data           4  stm32f4xx_hal.o(.data)
    uwTickPrio                               0x2000009c   Data           4  stm32f4xx_hal.o(.data)
    uwTickFreq                               0x200000a0   Data           1  stm32f4xx_hal.o(.data)
    SystemCoreClock                          0x200000a4   Data           4  system_stm32f4xx.o(.data)
    hspi2                                    0x200000a8   Data          88  main.o(.bss)
    hspi3                                    0x20000100   Data          88  main.o(.bss)
    hdma_spi2_tx                             0x20000158   Data          96  main.o(.bss)
    hdma_spi2_rx                             0x200001b8   Data          96  main.o(.bss)
    hdma_spi3_tx                             0x20000218   Data          96  main.o(.bss)
    huart1                                   0x20000278   Data          64  main.o(.bss)
    hdma_usart1_tx                           0x200002b8   Data          96  main.o(.bss)
    htim1                                    0x20000318   Data          64  main.o(.bss)
    htim2                                    0x20000358   Data          64  main.o(.bss)
    text_buffer                              0x20000398   Data        8192  main.o(.bss)
    rx_buffer1                               0x20002398   Data          64  main.o(.bss)
    sr                                       0x200023d8   Data         201  main.o(.bss)
    strng                                    0x200024a1   Data          32  main.o(.bss)
    InOut                                    0x200024c1   Data         201  main.o(.bss)
    Word                                     0x2000258a   Data          32  main.o(.bss)
    DATA_Word                                0x200025aa   Data         256  main.o(.bss)
    DATA_Word2                               0x200026aa   Data         256  main.o(.bss)
    In_data                                  0x200027aa   Data          64  main.o(.bss)
    mas                                      0x200027ea   Data         300  main.o(.bss)
    jtag_proc                                0x20002918   Data          20  jtagtap.o(.bss)
    jtag_devs                                0x2000292c   Data         660  jtag_scan.o(.bss)
    __libspace_start                         0x20002bc0   Data          96  libspace.o(.bss)
    __temporary_stack_top$libspace           0x20002c20   Data           0  libspace.o(.bss)



==============================================================================

Memory Map of the image

  Image Entry point : 0x08000199

  Load Region LR_IROM1 (Base: 0x08000000, Size: 0x000063e4, Max: 0x00080000, ABSOLUTE)

    Execution Region ER_IROM1 (Base: 0x08000000, Size: 0x0000633c, Max: 0x00080000, ABSOLUTE)

    Base Addr    Size         Type   Attr      Idx    E Section Name        Object

    0x08000000   0x00000198   Data   RO            3    RESET               startup_stm32f411xe.o
    0x08000198   0x00000008   Code   RO         4758  * !!!main             c_w.l(__main.o)
    0x080001a0   0x00000034   Code   RO         5047    !!!scatter          c_w.l(__scatter.o)
    0x080001d4   0x0000001a   Code   RO         5049    !!handler_copy      c_w.l(__scatter_copy.o)
    0x080001ee   0x00000002   PAD
    0x080001f0   0x0000001c   Code   RO         5051    !!handler_zi        c_w.l(__scatter_zi.o)
    0x0800020c   0x00000000   Code   RO         4737    .ARM.Collect$$_printf_percent$$00000000  c_w.l(_printf_percent.o)
    0x0800020c   0x00000006   Code   RO         4735    .ARM.Collect$$_printf_percent$$0000000A  c_w.l(_printf_u.o)
    0x08000212   0x00000006   Code   RO         4733    .ARM.Collect$$_printf_percent$$0000000C  c_w.l(_printf_x.o)
    0x08000218   0x00000004   Code   RO         4815    .ARM.Collect$$_printf_percent$$00000017  c_w.l(_printf_percent_end.o)
    0x0800021c   0x00000002   Code   RO         4995    .ARM.Collect$$libinit$$00000000  c_w.l(libinit.o)
    0x0800021e   0x00000004   Code   RO         4826    .ARM.Collect$$libinit$$00000001  c_w.l(libinit2.o)
    0x08000222   0x00000000   Code   RO         4829    .ARM.Collect$$libinit$$00000004  c_w.l(libinit2.o)
    0x08000222   0x00000000   Code   RO         4832    .ARM.Collect$$libinit$$0000000A  c_w.l(libinit2.o)
    0x08000222   0x00000000   Code   RO         4834    .ARM.Collect$$libinit$$0000000C  c_w.l(libinit2.o)
    0x08000222   0x00000000   Code   RO         4836    .ARM.Collect$$libinit$$0000000E  c_w.l(libinit2.o)
    0x08000222   0x00000006   Code   RO         4837    .ARM.Collect$$libinit$$0000000F  c_w.l(libinit2.o)
    0x08000228   0x00000000   Code   RO         4839    .ARM.Collect$$libinit$$00000011  c_w.l(libinit2.o)
    0x08000228   0x0000000c   Code   RO         4840    .ARM.Collect$$libinit$$00000012  c_w.l(libinit2.o)
    0x08000234   0x00000000   Code   RO         4841    .ARM.Collect$$libinit$$00000013  c_w.l(libinit2.o)
    0x08000234   0x00000000   Code   RO         4843    .ARM.Collect$$libinit$$00000015  c_w.l(libinit2.o)
    0x08000234   0x00000000   Code   RO         4845    .ARM.Collect$$libinit$$00000017  c_w.l(libinit2.o)
    0x08000234   0x00000000   Code   RO         4847    .ARM.Collect$$libinit$$00000019  c_w.l(libinit2.o)
    0x08000234   0x00000000   Code   RO         4849    .ARM.Collect$$libinit$$0000001B  c_w.l(libinit2.o)
    0x08000234   0x00000000   Code   RO         4851    .ARM.Collect$$libinit$$0000001D  c_w.l(libinit2.o)
    0x08000234   0x00000000   Code   RO         4853    .ARM.Collect$$libinit$$0000001F  c_w.l(libinit2.o)
    0x08000234   0x00000000   Code   RO         4855    .ARM.Collect$$libinit$$00000021  c_w.l(libinit2.o)
    0x08000234   0x00000000   Code   RO         4857    .ARM.Collect$$libinit$$00000023  c_w.l(libinit2.o)
    0x08000234   0x00000000   Code   RO         4859    .ARM.Collect$$libinit$$00000025  c_w.l(libinit2.o)
    0x08000234   0x00000000   Code   RO         4863    .ARM.Collect$$libinit$$0000002C  c_w.l(libinit2.o)
    0x08000234   0x00000000   Code   RO         4865    .ARM.Collect$$libinit$$0000002E  c_w.l(libinit2.o)
    0x08000234   0x00000000   Code   RO         4867    .ARM.Collect$$libinit$$00000030  c_w.l(libinit2.o)
    0x08000234   0x00000000   Code   RO         4869    .ARM.Collect$$libinit$$00000032  c_w.l(libinit2.o)
    0x08000234   0x00000002   Code   RO         4870    .ARM.Collect$$libinit$$00000033  c_w.l(libinit2.o)
    0x08000236   0x00000002   Code   RO         5044    .ARM.Collect$$libshutdown$$00000000  c_w.l(libshutdown.o)
    0x08000238   0x00000000   Code   RO         5010    .ARM.Collect$$libshutdown$$00000003  c_w.l(libshutdown2.o)
    0x08000238   0x00000000   Code   RO         5013    .ARM.Collect$$libshutdown$$00000006  c_w.l(libshutdown2.o)
    0x08000238   0x00000000   Code   RO         5016    .ARM.Collect$$libshutdown$$00000009  c_w.l(libshutdown2.o)
    0x08000238   0x00000000   Code   RO         5018    .ARM.Collect$$libshutdown$$0000000B  c_w.l(libshutdown2.o)
    0x08000238   0x00000000   Code   RO         5021    .ARM.Collect$$libshutdown$$0000000E  c_w.l(libshutdown2.o)
    0x08000238   0x00000002   Code   RO         5022    .ARM.Collect$$libshutdown$$0000000F  c_w.l(libshutdown2.o)
    0x0800023a   0x00000000   Code   RO         4768    .ARM.Collect$$rtentry$$00000000  c_w.l(__rtentry.o)
    0x0800023a   0x00000000   Code   RO         4880    .ARM.Collect$$rtentry$$00000002  c_w.l(__rtentry2.o)
    0x0800023a   0x00000006   Code   RO         4892    .ARM.Collect$$rtentry$$00000004  c_w.l(__rtentry4.o)
    0x08000240   0x00000000   Code   RO         4882    .ARM.Collect$$rtentry$$00000009  c_w.l(__rtentry2.o)
    0x08000240   0x00000004   Code   RO         4883    .ARM.Collect$$rtentry$$0000000A  c_w.l(__rtentry2.o)
    0x08000244   0x00000000   Code   RO         4885    .ARM.Collect$$rtentry$$0000000C  c_w.l(__rtentry2.o)
    0x08000244   0x00000008   Code   RO         4886    .ARM.Collect$$rtentry$$0000000D  c_w.l(__rtentry2.o)
    0x0800024c   0x00000002   Code   RO         4998    .ARM.Collect$$rtexit$$00000000  c_w.l(rtexit.o)
    0x0800024e   0x00000000   Code   RO         5024    .ARM.Collect$$rtexit$$00000002  c_w.l(rtexit2.o)
    0x0800024e   0x00000004   Code   RO         5025    .ARM.Collect$$rtexit$$00000003  c_w.l(rtexit2.o)
    0x08000252   0x00000006   Code   RO         5026    .ARM.Collect$$rtexit$$00000004  c_w.l(rtexit2.o)
    0x08000258   0x00000040   Code   RO            4    .text               startup_stm32f411xe.o
    0x08000298   0x000000ee   Code   RO         4676    .text               c_w.l(lludivv7m.o)
    0x08000386   0x00000026   Code   RO         4678    .text               c_w.l(llushr.o)
    0x080003ac   0x0000002c   Code   RO         4680    .text               c_w.l(__2sprintf.o)
    0x080003d8   0x00000078   Code   RO         4690    .text               c_w.l(_printf_dec.o)
    0x08000450   0x00000058   Code   RO         4695    .text               c_w.l(_printf_hex_int.o)
    0x080004a8   0x0000010e   Code   RO         4721    .text               c_w.l(__printf_wp.o)
    0x080005b6   0x0000001a   Code   RO         4738    .text               c_w.l(atoi.o)
    0x080005d0   0x00000070   Code   RO         4740    .text               c_w.l(strtol.o)
    0x08000640   0x0000003e   Code   RO         4744    .text               c_w.l(strlen.o)
    0x0800067e   0x0000004e   Code   RO         4750    .text               c_w.l(rt_memclr_w.o)
    0x080006cc   0x00000080   Code   RO         4754    .text               c_w.l(strcmpv7m.o)
    0x0800074c   0x00000006   Code   RO         4756    .text               c_w.l(heapauxi.o)
    0x08000752   0x00000002   PAD
    0x08000754   0x0000000c   Code   RO         4764    .text               c_w.l(sys_exit.o)
    0x08000760   0x00000010   Code   RO         4769    .text               c_w.l(rt_ctype_table.o)
    0x08000770   0x00000008   Code   RO         4783    .text               c_w.l(rt_errno_addr_intlibspace.o)
    0x08000778   0x000000b2   Code   RO         4805    .text               c_w.l(_printf_intcommon.o)
    0x0800082a   0x00000002   PAD
    0x0800082c   0x00000030   Code   RO         4809    .text               c_w.l(_printf_char_common.o)
    0x0800085c   0x0000000a   Code   RO         4811    .text               c_w.l(_sputc.o)
    0x08000866   0x0000009e   Code   RO         4816    .text               c_w.l(_strtoul.o)
    0x08000904   0x00000008   Code   RO         4873    .text               c_w.l(libspace.o)
    0x0800090c   0x00000002   Code   RO         4876    .text               c_w.l(use_no_semi.o)
    0x0800090e   0x00000000   Code   RO         4878    .text               c_w.l(indicate_semi.o)
    0x0800090e   0x00000002   PAD
    0x08000910   0x00000008   Code   RO         4901    .text               c_w.l(rt_locale_intlibspace.o)
    0x08000918   0x0000001c   Code   RO         4917    .text               c_w.l(_chval.o)
    0x08000934   0x0000004a   Code   RO         4970    .text               c_w.l(sys_stackheap_outer.o)
    0x0800097e   0x0000000c   Code   RO         4974    .text               c_w.l(exit.o)
    0x0800098a   0x00000002   PAD
    0x0800098c   0x00000038   Code   RO           13    i.BTN1              main.o
    0x080009c4   0x00000038   Code   RO           14    i.BTN2              main.o
    0x080009fc   0x00000004   Code   RO          445    i.BusFault_Handler  stm32f4xx_it.o
    0x08000a00   0x00000010   Code   RO          446    i.DMA1_Stream3_IRQHandler  stm32f4xx_it.o
    0x08000a10   0x00000010   Code   RO          447    i.DMA1_Stream4_IRQHandler  stm32f4xx_it.o
    0x08000a20   0x00000010   Code   RO          448    i.DMA1_Stream5_IRQHandler  stm32f4xx_it.o
    0x08000a30   0x00000020   Code   RO          449    i.DMA2_Stream7_IRQHandler  stm32f4xx_it.o
    0x08000a50   0x00000034   Code   RO         3543    i.DMA_CalcBaseAndBitshift  stm32f4xx_hal_dma.o
    0x08000a84   0x000000aa   Code   RO         3544    i.DMA_CheckFifoParam  stm32f4xx_hal_dma.o
    0x08000b2e   0x0000002c   Code   RO         3545    i.DMA_SetConfig     stm32f4xx_hal_dma.o
    0x08000b5a   0x00000002   Code   RO          450    i.DebugMon_Handler  stm32f4xx_it.o
    0x08000b5c   0x00000014   Code   RO           15    i.Delay             main.o
    0x08000b70   0x000001ec   Code   RO           16    i.EPCS_WR           main.o
    0x08000d5c   0x00000002   Code   RO           17    i.Error_Handler     main.o
    0x08000d5e   0x00000002   PAD
    0x08000d60   0x00000034   Code   RO          619    i.Exit1_IR          jtag_my.o
    0x08000d94   0x00000058   Code   RO          620    i.GET_DATA          jtag_my.o
    0x08000dec   0x00000028   Code   RO         3547    i.HAL_DMA_Abort_IT  stm32f4xx_hal_dma.o
    0x08000e14   0x00000240   Code   RO         3551    i.HAL_DMA_IRQHandler  stm32f4xx_hal_dma.o
    0x08001054   0x000000ec   Code   RO         3552    i.HAL_DMA_Init      stm32f4xx_hal_dma.o
    0x08001140   0x00000092   Code   RO         3556    i.HAL_DMA_Start_IT  stm32f4xx_hal_dma.o
    0x080011d2   0x00000002   PAD
    0x080011d4   0x000001d4   Code   RO         3439    i.HAL_GPIO_Init     stm32f4xx_hal_gpio.o
    0x080013a8   0x00000010   Code   RO         3441    i.HAL_GPIO_ReadPin  stm32f4xx_hal_gpio.o
    0x080013b8   0x0000000c   Code   RO         3443    i.HAL_GPIO_WritePin  stm32f4xx_hal_gpio.o
    0x080013c4   0x0000000c   Code   RO         4000    i.HAL_GetTick       stm32f4xx_hal.o
    0x080013d0   0x00000018   Code   RO         4006    i.HAL_IncTick       stm32f4xx_hal.o
    0x080013e8   0x0000003c   Code   RO         4007    i.HAL_Init          stm32f4xx_hal.o
    0x08001424   0x0000004c   Code   RO         4008    i.HAL_InitTick      stm32f4xx_hal.o
    0x08001470   0x00000048   Code   RO          551    i.HAL_MspInit       stm32f4xx_hal_msp.o
    0x080014b8   0x00000020   Code   RO         3852    i.HAL_NVIC_EnableIRQ  stm32f4xx_hal_cortex.o
    0x080014d8   0x0000007c   Code   RO         3858    i.HAL_NVIC_SetPriority  stm32f4xx_hal_cortex.o
    0x08001554   0x00000028   Code   RO         3859    i.HAL_NVIC_SetPriorityGrouping  stm32f4xx_hal_cortex.o
    0x0800157c   0x00000184   Code   RO         2976    i.HAL_RCC_ClockConfig  stm32f4xx_hal_rcc.o
    0x08001700   0x0000000c   Code   RO         2981    i.HAL_RCC_GetHCLKFreq  stm32f4xx_hal_rcc.o
    0x0800170c   0x00000020   Code   RO         2983    i.HAL_RCC_GetPCLK1Freq  stm32f4xx_hal_rcc.o
    0x0800172c   0x00000020   Code   RO         2984    i.HAL_RCC_GetPCLK2Freq  stm32f4xx_hal_rcc.o
    0x0800174c   0x000000b0   Code   RO         2985    i.HAL_RCC_GetSysClockFreq  stm32f4xx_hal_rcc.o
    0x080017fc   0x00000488   Code   RO         2988    i.HAL_RCC_OscConfig  stm32f4xx_hal_rcc.o
    0x08001c84   0x0000008c   Code   RO         1725    i.HAL_SPI_Init      stm32f4xx_hal_spi.o
    0x08001d10   0x000001bc   Code   RO          553    i.HAL_SPI_MspInit   stm32f4xx_hal_msp.o
    0x08001ecc   0x0000022a   Code   RO         1734    i.HAL_SPI_TransmitReceive  stm32f4xx_hal_spi.o
    0x080020f6   0x00000034   Code   RO         3863    i.HAL_SYSTICK_Config  stm32f4xx_hal_cortex.o
    0x0800212a   0x00000074   Code   RO         2727    i.HAL_TIMEx_ConfigBreakDeadTime  stm32f4xx_hal_tim_ex.o
    0x0800219e   0x00000002   PAD
    0x080021a0   0x0000009c   Code   RO         2742    i.HAL_TIMEx_MasterConfigSynchronization  stm32f4xx_hal_tim_ex.o
    0x0800223c   0x00000034   Code   RO         2038    i.HAL_TIM_Base_Init  stm32f4xx_hal_tim.o
    0x08002270   0x00000060   Code   RO          555    i.HAL_TIM_Base_MspInit  stm32f4xx_hal_msp.o
    0x080022d0   0x00000108   Code   RO         2047    i.HAL_TIM_ConfigClockSource  stm32f4xx_hal_tim.o
    0x080023d8   0x000000ac   Code   RO          556    i.HAL_TIM_MspPostInit  stm32f4xx_hal_msp.o
    0x08002484   0x00000108   Code   RO         2105    i.HAL_TIM_PWM_ConfigChannel  stm32f4xx_hal_tim.o
    0x0800258c   0x00000034   Code   RO         2108    i.HAL_TIM_PWM_Init  stm32f4xx_hal_tim.o
    0x080025c0   0x00000002   Code   RO         2110    i.HAL_TIM_PWM_MspInit  stm32f4xx_hal_tim.o
    0x080025c2   0x00000002   PAD
    0x080025c4   0x0000004c   Code   RO         2113    i.HAL_TIM_PWM_Start  stm32f4xx_hal_tim.o
    0x08002610   0x00000002   Code   RO         4266    i.HAL_UART_ErrorCallback  stm32f4xx_hal_uart.o
    0x08002612   0x00000014   Code   RO         4268    i.HAL_UART_GetState  stm32f4xx_hal_uart.o
    0x08002626   0x00000002   PAD
    0x08002628   0x00000154   Code   RO         4269    i.HAL_UART_IRQHandler  stm32f4xx_hal_uart.o
    0x0800277c   0x00000072   Code   RO         4270    i.HAL_UART_Init     stm32f4xx_hal_uart.o
    0x080027ee   0x00000002   PAD
    0x080027f0   0x000000dc   Code   RO          558    i.HAL_UART_MspInit  stm32f4xx_hal_msp.o
    0x080028cc   0x00000070   Code   RO         4275    i.HAL_UART_Receive_IT  stm32f4xx_hal_uart.o
    0x0800293c   0x00000060   Code   RO           18    i.HAL_UART_RxCpltCallback  main.o
    0x0800299c   0x0000009c   Code   RO         4279    i.HAL_UART_Transmit_DMA  stm32f4xx_hal_uart.o
    0x08002a38   0x00000002   Code   RO         4281    i.HAL_UART_TxCpltCallback  stm32f4xx_hal_uart.o
    0x08002a3a   0x00000002   Code   RO         4282    i.HAL_UART_TxHalfCpltCallback  stm32f4xx_hal_uart.o
    0x08002a3c   0x00000004   Code   RO          451    i.HardFault_Handler  stm32f4xx_it.o
    0x08002a40   0x000000f0   Code   RO          621    i.ID_recive         jtag_my.o
    0x08002b30   0x00000aa4   Code   RO           19    i.IO                main.o
    0x080035d4   0x0000007c   Code   RO          622    i.JTAG_SCAN         jtag_my.o
    0x08003650   0x00000048   Code   RO           20    i.LED               main.o
    0x08003698   0x00000038   Code   RO           21    i.LED_OFF           main.o
    0x080036d0   0x00000088   Code   RO           22    i.MX_DMA_Init       main.o
    0x08003758   0x00000168   Code   RO           23    i.MX_GPIO_Init      main.o
    0x080038c0   0x00000044   Code   RO           25    i.MX_SPI3_Init      main.o
    0x08003904   0x000000f0   Code   RO           26    i.MX_TIM1_Init      main.o
    0x080039f4   0x000000a8   Code   RO           27    i.MX_TIM2_Init      main.o
    0x08003a9c   0x00000038   Code   RO           28    i.MX_USART1_UART_Init  main.o
    0x08003ad4   0x00000004   Code   RO          452    i.MemManage_Handler  stm32f4xx_it.o
    0x08003ad8   0x00000388   Code   RO           29    i.Menu1             main.o
    0x08003e60   0x00000002   Code   RO          453    i.NMI_Handler       stm32f4xx_it.o
    0x08003e62   0x00000002   PAD
    0x08003e64   0x00000030   Code   RO           30    i.PIN_control_PD13  main.o
    0x08003e94   0x00000030   Code   RO           31    i.PIN_control_PD15  main.o
    0x08003ec4   0x00000002   Code   RO          454    i.PendSV_Handler    stm32f4xx_it.o
    0x08003ec6   0x00000002   PAD
    0x08003ec8   0x00000044   Code   RO          624    i.RUN_TEST_IDLE     jtag_my.o
    0x08003f0c   0x00000098   Code   RO          625    i.SCAN_N            jtag_my.o
    0x08003fa4   0x0000006c   Code   RO         1763    i.SPI_EndRxTxTransaction  stm32f4xx_hal_spi.o
    0x08004010   0x000000a8   Code   RO         1768    i.SPI_WaitFlagStateUntilTimeout  stm32f4xx_hal_spi.o
    0x080040b8   0x00000002   Code   RO          455    i.SVC_Handler       stm32f4xx_it.o
    0x080040ba   0x00000002   PAD
    0x080040bc   0x0000009c   Code   RO          626    i.Shift_DR          jtag_my.o
    0x08004158   0x000000bc   Code   RO          627    i.Shift_IR          jtag_my.o
    0x08004214   0x00000084   Code   RO          456    i.SysTick_Handler   stm32f4xx_it.o
    0x08004298   0x000000b4   Code   RO           32    i.SystemClock_Config  main.o
    0x0800434c   0x0000001c   Code   RO         4577    i.SystemInit        system_stm32f4xx.o
    0x08004368   0x000000a4   Code   RO         2126    i.TIM_Base_SetConfig  stm32f4xx_hal_tim.o
    0x0800440c   0x00000022   Code   RO         2127    i.TIM_CCxChannelCmd  stm32f4xx_hal_tim.o
    0x0800442e   0x00000016   Code   RO         2137    i.TIM_ETR_SetConfig  stm32f4xx_hal_tim.o
    0x08004444   0x00000012   Code   RO         2138    i.TIM_ITRx_SetConfig  stm32f4xx_hal_tim.o
    0x08004456   0x00000002   PAD
    0x08004458   0x00000060   Code   RO         2139    i.TIM_OC1_SetConfig  stm32f4xx_hal_tim.o
    0x080044b8   0x00000068   Code   RO         2140    i.TIM_OC2_SetConfig  stm32f4xx_hal_tim.o
    0x08004520   0x00000068   Code   RO         2141    i.TIM_OC3_SetConfig  stm32f4xx_hal_tim.o
    0x08004588   0x00000048   Code   RO         2142    i.TIM_OC4_SetConfig  stm32f4xx_hal_tim.o
    0x080045d0   0x00000026   Code   RO         2144    i.TIM_TI1_ConfigInputStage  stm32f4xx_hal_tim.o
    0x080045f6   0x00000028   Code   RO         2146    i.TIM_TI2_ConfigInputStage  stm32f4xx_hal_tim.o
    0x0800461e   0x00000002   PAD
    0x08004620   0x00000040   Code   RO          628    i.TLR               jtag_my.o
    0x08004660   0x00000054   Code   RO         1652    i.TST               adiv5_jtagdp.o
    0x080046b4   0x00000064   Code   RO           33    i.Transf            main.o
    0x08004718   0x00000014   Code   RO         4283    i.UART_DMAAbortOnError  stm32f4xx_hal_uart.o
    0x0800472c   0x00000050   Code   RO         4284    i.UART_DMAError     stm32f4xx_hal_uart.o
    0x0800477c   0x00000036   Code   RO         4289    i.UART_DMATransmitCplt  stm32f4xx_hal_uart.o
    0x080047b2   0x0000000e   Code   RO         4291    i.UART_DMATxHalfCplt  stm32f4xx_hal_uart.o
    0x080047c0   0x00000064   Code   RO           34    i.UART_DMA_TX       main.o
    0x08004824   0x00000020   Code   RO         4293    i.UART_EndRxTransfer  stm32f4xx_hal_uart.o
    0x08004844   0x00000020   Code   RO         4294    i.UART_EndTransmit_IT  stm32f4xx_hal_uart.o
    0x08004864   0x00000014   Code   RO         4295    i.UART_EndTxTransfer  stm32f4xx_hal_uart.o
    0x08004878   0x000000a6   Code   RO         4296    i.UART_Receive_IT   stm32f4xx_hal_uart.o
    0x0800491e   0x00000002   PAD
    0x08004920   0x000003e8   Code   RO         4297    i.UART_SetConfig    stm32f4xx_hal_uart.o
    0x08004d08   0x00000068   Code   RO         4298    i.UART_Transmit_IT  stm32f4xx_hal_uart.o
    0x08004d70   0x00000064   Code   RO           35    i.UART_conrol       main.o
    0x08004dd4   0x00000010   Code   RO          457    i.USART1_IRQHandler  stm32f4xx_it.o
    0x08004de4   0x00000034   Code   RO          630    i.Update_IR         jtag_my.o
    0x08004e18   0x00000004   Code   RO          458    i.UsageFault_Handler  stm32f4xx_it.o
    0x08004e1c   0x00000010   Code   RO         3865    i.__NVIC_GetPriorityGrouping  stm32f4xx_hal_cortex.o
    0x08004e2c   0x00000028   Code   RO         3866    i.__NVIC_SetPriority  stm32f4xx_hal_cortex.o
    0x08004e54   0x0000000e   Code   RO         4723    i._is_digit         c_w.l(__printf_wp.o)
    0x08004e62   0x00000002   PAD
    0x08004e64   0x00000084   Code   RO         1656    i.fw_adiv5_jtagdp_low_access  adiv5_jtagdp.o
    0x08004ee8   0x00000020   Code   RO         1657    i.fw_adiv5_jtagdp_read  adiv5_jtagdp.o
    0x08004f08   0x00000040   Code   RO           39    i.getchar1          main.o
    0x08004f48   0x0000003c   Code   RO          714    i.gpio_clear        jtagtap.o
    0x08004f84   0x00000018   Code   RO          715    i.gpio_get          jtagtap.o
    0x08004f9c   0x00000038   Code   RO          716    i.gpio_set          jtagtap.o
    0x08004fd4   0x00000058   Code   RO           41    i.hn_out            main.o
    0x0800502c   0x00000074   Code   RO          794    i.jtag_dev_shift_dr  jtag_scan.o
    0x080050a0   0x00000084   Code   RO          795    i.jtag_dev_write_ir  jtag_scan.o
    0x08005124   0x000006b4   Code   RO          796    i.jtag_scan         jtag_scan.o
    0x080057d8   0x0000005c   Code   RO          717    i.jtagtap_init      jtagtap.o
    0x08005834   0x0000005a   Code   RO          718    i.jtagtap_next      jtagtap.o
    0x0800588e   0x00000002   PAD
    0x08005890   0x00000014   Code   RO          719    i.jtagtap_reset     jtagtap.o
    0x080058a4   0x00000072   Code   RO          720    i.jtagtap_tdi_seq   jtagtap.o
    0x08005916   0x000000cc   Code   RO          721    i.jtagtap_tdi_tdo_seq  jtagtap.o
    0x080059e2   0x0000004e   Code   RO          722    i.jtagtap_tms_seq   jtagtap.o
    0x08005a30   0x00000014   Code   RO           45    i.leng              main.o
    0x08005a44   0x000000d8   Code   RO           46    i.main              main.o
    0x08005b1c   0x00000024   Code   RO           48    i.spi2send8         main.o
    0x08005b40   0x00000024   Code   RO           49    i.spi_EPCS_ERASE_BULK  main.o
    0x08005b64   0x00000012   Code   RO           50    i.spi_EPCS_STATUS   main.o
    0x08005b76   0x00000002   PAD
    0x08005b78   0x00000040   Code   RO           51    i.spi_EPCS_rd       main.o
    0x08005bb8   0x00000064   Code   RO           52    i.spi_EPCS_read     main.o
    0x08005c1c   0x00000024   Code   RO           53    i.spi_EPCS_wr_DISABLE  main.o
    0x08005c40   0x00000024   Code   RO           54    i.spi_EPCS_wr_ENABLE  main.o
    0x08005c64   0x00000060   Code   RO           55    i.spi_EPCS_write    main.o
    0x08005cc4   0x00000024   Code   RO           56    i.spisend8          main.o
    0x08005ce8   0x00000030   Code   RO           57    i.u_out             main.o
    0x08005d18   0x00000028   Code   RO           58    i.un_out            main.o
    0x08005d40   0x00000030   Code   RO           60    i.x_out             main.o
    0x08005d70   0x00000034   Code   RO           62    i.xn_out            main.o
    0x08005da4   0x0000002c   Code   RO         4945    locale$$code        c_w.l(lc_ctype_c.o)
    0x08005dd0   0x0000000a   Code   RO         4963    x$fpl$fpinit        fz_wm.l(fpinit.o)
    0x08005dda   0x00000009   Data   RO          798    .constdata          jtag_scan.o
    0x08005de3   0x00000001   PAD
    0x08005de4   0x00000120   Data   RO          846    .constdata          jtag_devs.o
    0x08005f04   0x00000008   Data   RO         3558    .constdata          stm32f4xx_hal_dma.o
    0x08005f0c   0x00000018   Data   RO         4578    .constdata          system_stm32f4xx.o
    0x08005f24   0x00000028   Data   RO         4696    .constdata          c_w.l(_printf_hex_int.o)
    0x08005f4c   0x00000045   Data   RO           65    .conststring        main.o
    0x08005f91   0x00000003   PAD
    0x08005f94   0x00000049   Data   RO          799    .conststring        jtag_scan.o
    0x08005fdd   0x00000003   PAD
    0x08005fe0   0x0000022c   Data   RO          847    .conststring        jtag_devs.o
    0x0800620c   0x00000020   Data   RO         5045    Region$$Table       anon$$obj.o
    0x0800622c   0x00000110   Data   RO         4944    locale$$data        c_w.l(lc_ctype_c.o)


    Execution Region RW_IRAM1 (Base: 0x20000000, Size: 0x00003220, Max: 0x00020000, ABSOLUTE)

    Base Addr    Size         Type   Attr      Idx    E Section Name        Object

    0x20000000   0x00000093   Data   RW           66    .data               main.o
    0x20000093   0x00000001   PAD
    0x20000094   0x00000004   Data   RW          800    .data               jtag_scan.o
    0x20000098   0x00000009   Data   RW         4014    .data               stm32f4xx_hal.o
    0x200000a1   0x00000003   PAD
    0x200000a4   0x00000004   Data   RW         4579    .data               system_stm32f4xx.o
    0x200000a8   0x0000286e   Zero   RW           64    .bss                main.o
    0x20002916   0x00000002   PAD
    0x20002918   0x00000014   Zero   RW          723    .bss                jtagtap.o
    0x2000292c   0x00000294   Zero   RW          797    .bss                jtag_scan.o
    0x20002bc0   0x00000060   Zero   RW         4874    .bss                c_w.l(libspace.o)
    0x20002c20   0x00000200   Zero   RW            2    HEAP                startup_stm32f411xe.o
    0x20002e20   0x00000400   Zero   RW            1    STACK               startup_stm32f411xe.o


==============================================================================

Image component sizes


      Code (inc. data)   RO Data    RW Data    ZI Data      Debug   Object Name

       248         20          0          0          0       5548   adiv5_jtagdp.o
         0          0        844          0          0       1655   jtag_devs.o
      1184         70          0          0          0       5823   jtag_my.o
      1964        586         82          4        660       4903   jtag_scan.o
       738         50          0          0         20       7278   jtagtap.o
      7116       1914         69        147      10350     449193   main.o
        64         26        408          0       1536        868   startup_stm32f411xe.o
         0          0          0          0          0        675   stm32f4.o
       172         32          0          9          0       8761   stm32f4xx_hal.o
       304         22          0          0          0      34563   stm32f4xx_hal_cortex.o
      1264         16          8          0          0       6286   stm32f4xx_hal_dma.o
       496         32          0          0          0       3023   stm32f4xx_hal_gpio.o
      1004         88          0          0          0       4268   stm32f4xx_hal_msp.o
      1800         84          0          0          0       5744   stm32f4xx_hal_rcc.o
       970          8          0          0          0       4485   stm32f4xx_hal_spi.o
      1402         54          0          0          0      12334   stm32f4xx_hal_tim.o
       272         22          0          0          0       2188   stm32f4xx_hal_tim_ex.o
      2270         26          0          0          0      12905   stm32f4xx_hal_uart.o
       252         64          0          0          0       6986   stm32f4xx_it.o
        28          4         24          4          0       1203   system_stm32f4xx.o

    ----------------------------------------------------------------------
     21576       3118       1474        168      12568     578689   Object Totals
         0          0         32          0          0          0   (incl. Generated)
        28          0          7          4          2          0   (incl. Padding)

    ----------------------------------------------------------------------

      Code (inc. data)   RO Data    RW Data    ZI Data      Debug   Library Member Name

        44          6          0          0          0         84   __2sprintf.o
         8          0          0          0          0         68   __main.o
       284          0          0          0          0        156   __printf_wp.o
         0          0          0          0          0          0   __rtentry.o
        12          0          0          0          0          0   __rtentry2.o
         6          0          0          0          0          0   __rtentry4.o
        52          8          0          0          0          0   __scatter.o
        26          0          0          0          0          0   __scatter_copy.o
        28          0          0          0          0          0   __scatter_zi.o
        28          0          0          0          0         68   _chval.o
        48          6          0          0          0         96   _printf_char_common.o
       120         16          0          0          0         92   _printf_dec.o
        88          4         40          0          0         88   _printf_hex_int.o
       178          0          0          0          0         88   _printf_intcommon.o
         0          0          0          0          0          0   _printf_percent.o
         4          0          0          0          0          0   _printf_percent_end.o
         6          0          0          0          0          0   _printf_u.o
         6          0          0          0          0          0   _printf_x.o
        10          0          0          0          0         68   _sputc.o
       158          0          0          0          0         92   _strtoul.o
        26          0          0          0          0         80   atoi.o
        12          0          0          0          0         72   exit.o
         6          0          0          0          0        152   heapauxi.o
         0          0          0          0          0          0   indicate_semi.o
        44         10        272          0          0         76   lc_ctype_c.o
         2          0          0          0          0          0   libinit.o
        24          0          0          0          0          0   libinit2.o
         2          0          0          0          0          0   libshutdown.o
         2          0          0          0          0          0   libshutdown2.o
         8          4          0          0         96         68   libspace.o
       238          0          0          0          0        100   lludivv7m.o
        38          0          0          0          0         68   llushr.o
        16          4          0          0          0         76   rt_ctype_table.o
         8          4          0          0          0         68   rt_errno_addr_intlibspace.o
         8          4          0          0          0         68   rt_locale_intlibspace.o
        78          0          0          0          0         80   rt_memclr_w.o
         2          0          0          0          0          0   rtexit.o
        10          0          0          0          0          0   rtexit2.o
       128          0          0          0          0         68   strcmpv7m.o
        62          0          0          0          0         76   strlen.o
       112          0          0          0          0         88   strtol.o
        12          4          0          0          0         68   sys_exit.o
        74          0          0          0          0         80   sys_stackheap_outer.o
         2          0          0          0          0         68   use_no_semi.o
        10          0          0          0          0        116   fpinit.o

    ----------------------------------------------------------------------
      2042         70        312          0         96       2372   Library Totals
        12          0          0          0          0          0   (incl. Padding)

    ----------------------------------------------------------------------

      Code (inc. data)   RO Data    RW Data    ZI Data      Debug   Library Name

      2020         70        312          0         96       2256   c_w.l
        10          0          0          0          0        116   fz_wm.l

    ----------------------------------------------------------------------
      2042         70        312          0         96       2372   Library Totals

    ----------------------------------------------------------------------

==============================================================================


      Code (inc. data)   RO Data    RW Data    ZI Data      Debug   

     23618       3188       1786        168      12664     565513   Grand Totals
     23618       3188       1786        168      12664     565513   ELF Image Totals
     23618       3188       1786        168          0          0   ROM Totals

==============================================================================

    Total RO  Size (Code + RO Data)                25404 (  24.81kB)
    Total RW  Size (RW Data + ZI Data)             12832 (  12.53kB)
    Total ROM Size (Code + RO Data + RW Data)      25572 (  24.97kB)

==============================================================================

