<html>
<body>
<pre>
<h1>µVision Build Log</h1>
<h2>Tool Versions:</h2>
IDE-Version: µVision V5.13.0.0
Copyright (C) 2014 ARM Ltd and ARM Germany GmbH. All rights reserved.
License Information: Dmitry Shvedov, NASA, LIC=EXJEV-P0EXE-0NHAM-XUTC1-CCLLR-C8JXV
 
Tool Versions:
Toolchain:       MDK-ARM Standard  Version: 5.13.0.0
Toolchain Path:  C:\Keil_v5\ARM\ARMCC\Bin
C Compiler:      Armcc.exe V5.05 update 1 (build 106)
Assembler:       Armasm.exe V5.05 update 1 (build 106)
Linker/Locator:  ArmLink.exe V5.05 update 1 (build 106)
Library Manager: ArmAr.exe V5.05 update 1 (build 106)
Hex Converter:   FromElf.exe V5.05 update 1 (build 106)
CPU DLL:         SARMCM3.DLL V5.13.0.0
Dialog DLL:      DCM.DLL V1.13.1.0
Target DLL:      STLink\ST-LINKIII-KEIL_SWO.dll V2.0.14.0_KEIL
Dialog DLL:      TCM.DLL V1.14.4.0
 
<h2>Project:</h2>
C:\Work_murmansk\STM32_K330\330_plate_program\plata_330_pgrm\MDK-ARM\plata_330_pgrm.uvprojx
Project File Date:  03/04/2020

<h2>Output:</h2>
Build target 'plata_330_pgrm'
compiling main.c...
../Src/main.c(539): warning:  #177-D: variable "i" was declared but never referenced
     u32 i=0;
../Src/main.c(571): warning:  #223-D: function "strlen" declared implicitly
      l=strlen(s);
../Src/main.c(593): warning:  #223-D: function "sprintf" declared implicitly
     sprintf (strng,"%.2f",a);
../Src/main.c(602): warning:  #223-D: function "sprintf" declared implicitly
     sprintf (strng,"%d",a);
../Src/main.c(611): warning:  #223-D: function "sprintf" declared implicitly
     sprintf (strng,"%u",a);
../Src/main.c(620): warning:  #223-D: function "sprintf" declared implicitly
     sprintf (strng,"%u",a);
../Src/main.c(628): warning:  #223-D: function "sprintf" declared implicitly
     sprintf (strng,"%u",a);
../Src/main.c(636): warning:  #223-D: function "sprintf" declared implicitly
     sprintf (strng,"%X",a);
../Src/main.c(644): warning:  #223-D: function "sprintf" declared implicitly
     sprintf (strng,"%X",a);
../Src/main.c(653): warning:  #223-D: function "sprintf" declared implicitly
     sprintf (strng,"%X",a);
../Src/main.c(662): warning:  #223-D: function "sprintf" declared implicitly
     sprintf (strng,"%d",c);
../Src/main.c(671): warning:  #223-D: function "sprintf" declared implicitly
     sprintf (strng,"%d",c);
../Src/main.c(681): warning:  #223-D: function "sprintf" declared implicitly
     sprintf (strng,"%X",c);
../Src/main.c(694): warning:  #223-D: function "sprintf" declared implicitly
     sprintf (strng,"%X",c);
../Src/main.c(888): warning:  #223-D: function "strcmp" declared implicitly
  if (strcmp(Word,"help")==0)                     
../Src/main.c(911): warning:  #223-D: function "atoi" declared implicitly
                crc_comp =atoi(DATA_Word);
../Src/main.c(923): warning:  #223-D: function "atoi" declared implicitly
                crc_comp =atoi(DATA_Word);
../Src/main.c(938): warning:  #223-D: function "atoi" declared implicitly
                crc_comp =atoi(DATA_Word);
../Src/main.c(950): warning:  #223-D: function "atoi" declared implicitly
                crc_comp =atoi(DATA_Word);
../Src/main.c(774): warning:  #177-D: variable "ccc" was declared but never referenced
          u32 ccc;
../Src/main.c(775): warning:  #177-D: variable "ch" was declared but never referenced
          char *ch;
../Src/main.c(777): warning:  #177-D: variable "tmp1" was declared but never referenced
   u8 tmp1;
../Src/main.c(778): warning:  #177-D: variable "lb" was declared but never referenced
   u32 lb;
../Src/main.c(779): warning:  #177-D: variable "v1" was declared but never referenced
   u64 v1;
../Src/main.c(780): warning:  #177-D: variable "z1" was declared but never referenced
   u32 z1,z2;
../Src/main.c(780): warning:  #177-D: variable "z2" was declared but never referenced
   u32 z1,z2;
../Src/main.c: 26 warnings, 0 errors
linking...
Program Size: Code=17618 RO-data=858 RW-data=160 ZI-data=11808  
FromELF: creating hex file...
"plata_330_pgrm\plata_330_pgrm.axf" - 0 Error(s), 26 Warning(s).

<h2>Software Packages used:</h2>

Package Vendor: ARM
                http://www.keil.com/pack/ARM.CMSIS.4.2.0.pack
                ARM::CMSIS:CORE:3.40.0
                CMSIS (Cortex Microcontroller Software Interface Standard)
   * Component: CORE Version: 3.40.0

<h2>Collection of Component include folders:</h2>
  C:\Work_murmansk\STM32_K330\330_plate_program\plata_330_pgrm\MDK-ARM\RTE
  C:\Keil_v5\ARM\PACK\ARM\CMSIS\4.2.0\CMSIS\Include
  C:\Keil_v5\ARM\PACK\Keil\STM32F4xx_DFP\2.11.0

<h2>Collection of Component Files used:</h2>

   * Component: ARM::CMSIS:CORE:3.40.0
      Source file:   CMSIS\UserCodeTemplates\ARM\ITM_Retarget.c
</pre>
</body>
</html>
